[2021-05-25T17:32:33.480+0530][0.028s] Using G1
[2021-05-25T17:32:33.762+0530][0.310s] Version: 15+36-1562 (release)
[2021-05-25T17:32:33.762+0530][0.310s] CPUs: 8 total, 8 available
[2021-05-25T17:32:33.763+0530][0.310s] Memory: 8043M
[2021-05-25T17:32:33.763+0530][0.310s] Large Page Support: Disabled
[2021-05-25T17:32:33.763+0530][0.310s] NUMA Support: Disabled
[2021-05-25T17:32:33.763+0530][0.310s] Compressed Oops: Enabled (32-bit)
[2021-05-25T17:32:33.763+0530][0.310s] Heap Region Size: 1M
[2021-05-25T17:32:33.763+0530][0.310s] Heap Min Capacity: 512M
[2021-05-25T17:32:33.763+0530][0.310s] Heap Initial Capacity: 512M
[2021-05-25T17:32:33.763+0530][0.310s] Heap Max Capacity: 512M
[2021-05-25T17:32:33.763+0530][0.310s] Pre-touch: Enabled
[2021-05-25T17:32:33.763+0530][0.310s] Parallel Workers: 8
[2021-05-25T17:32:33.763+0530][0.311s] Concurrent Workers: 2
[2021-05-25T17:32:33.763+0530][0.311s] Concurrent Refinement Workers: 8
[2021-05-25T17:32:33.763+0530][0.311s] Periodic GC: Disabled
[2021-05-25T17:32:33.766+0530][0.313s] CDS archive(s) mapped at: [0x0000000800000000-0x0000000800b50000-0x0000000800b50000), size 11862016, SharedBaseAddress: 0x0000000800000000, ArchiveRelocationMode: 0.
[2021-05-25T17:32:33.766+0530][0.313s] Compressed class space mapped at: 0x0000000800b50000-0x0000000840b50000, size: 1073741824
[2021-05-25T17:32:33.766+0530][0.313s] Narrow klass base: 0x0000000800000000, Narrow klass shift: 3, Narrow klass range: 0x100000000
[2021-05-25T17:32:34.922+0530][1.470s] GC(0) Pause Young (Normal) (G1 Evacuation Pause)
[2021-05-25T17:32:34.922+0530][1.471s] GC(0) Using 8 workers of 8 for evacuation
[2021-05-25T17:32:34.927+0530][1.475s] GC(0)   Pre Evacuate Collection Set: 0.1ms
[2021-05-25T17:32:34.927+0530][1.475s] GC(0)   Merge Heap Roots: 0.0ms
[2021-05-25T17:32:34.927+0530][1.475s] GC(0)   Evacuate Collection Set: 3.4ms
[2021-05-25T17:32:34.927+0530][1.475s] GC(0)   Post Evacuate Collection Set: 0.6ms
[2021-05-25T17:32:34.927+0530][1.475s] GC(0)   Other: 1.0ms
[2021-05-25T17:32:34.927+0530][1.475s] GC(0) Eden regions: 29->0(42)
[2021-05-25T17:32:34.927+0530][1.475s] GC(0) Survivor regions: 0->4(4)
[2021-05-25T17:32:34.927+0530][1.475s] GC(0) Old regions: 0->0
[2021-05-25T17:32:34.927+0530][1.475s] GC(0) Archive regions: 0->0
[2021-05-25T17:32:34.927+0530][1.475s] GC(0) Humongous regions: 0->0
[2021-05-25T17:32:34.927+0530][1.475s] GC(0) Metaspace: 6788K(7808K)->6788K(7808K) NonClass: 6013K(6912K)->6013K(6912K) Class: 775K(896K)->775K(896K)
[2021-05-25T17:32:34.927+0530][1.475s] GC(0) Pause Young (Normal) (G1 Evacuation Pause) 29M->3M(512M) 5.552ms
[2021-05-25T17:32:34.927+0530][1.475s] GC(0) User=0.03s Sys=0.00s Real=0.01s
[2021-05-25T17:32:35.868+0530][2.415s] GC(1) Pause Young (Normal) (G1 Evacuation Pause)
[2021-05-25T17:32:35.868+0530][2.415s] GC(1) Using 8 workers of 8 for evacuation
[2021-05-25T17:32:35.877+0530][2.425s] GC(1)   Pre Evacuate Collection Set: 0.1ms
[2021-05-25T17:32:35.878+0530][2.425s] GC(1)   Merge Heap Roots: 0.0ms
[2021-05-25T17:32:35.878+0530][2.425s] GC(1)   Evacuate Collection Set: 8.6ms
[2021-05-25T17:32:35.878+0530][2.425s] GC(1)   Post Evacuate Collection Set: 0.8ms
[2021-05-25T17:32:35.878+0530][2.425s] GC(1)   Other: 0.2ms
[2021-05-25T17:32:35.878+0530][2.425s] GC(1) Eden regions: 42->0(301)
[2021-05-25T17:32:35.878+0530][2.425s] GC(1) Survivor regions: 4->6(6)
[2021-05-25T17:32:35.878+0530][2.425s] GC(1) Old regions: 0->7
[2021-05-25T17:32:35.878+0530][2.425s] GC(1) Archive regions: 0->0
[2021-05-25T17:32:35.878+0530][2.425s] GC(1) Humongous regions: 4->4
[2021-05-25T17:32:35.878+0530][2.425s] GC(1) Metaspace: 15013K(15488K)->15013K(15488K) NonClass: 13283K(13568K)->13283K(13568K) Class: 1730K(1920K)->1730K(1920K)
[2021-05-25T17:32:35.878+0530][2.426s] GC(1) Pause Young (Normal) (G1 Evacuation Pause) 49M->16M(512M) 10.276ms
[2021-05-25T17:32:35.878+0530][2.426s] GC(1) User=0.00s Sys=0.00s Real=0.01s
[2021-05-25T17:32:37.309+0530][3.857s] GC(2) Pause Young (Concurrent Start) (Metadata GC Threshold)
[2021-05-25T17:32:37.309+0530][3.857s] GC(2) Using 8 workers of 8 for evacuation
[2021-05-25T17:32:37.316+0530][3.864s] GC(2)   Pre Evacuate Collection Set: 0.1ms
[2021-05-25T17:32:37.316+0530][3.864s] GC(2)   Merge Heap Roots: 0.0ms
[2021-05-25T17:32:37.316+0530][3.864s] GC(2)   Evacuate Collection Set: 5.8ms
[2021-05-25T17:32:37.316+0530][3.864s] GC(2)   Post Evacuate Collection Set: 0.8ms
[2021-05-25T17:32:37.316+0530][3.864s] GC(2)   Other: 0.3ms
[2021-05-25T17:32:37.316+0530][3.864s] GC(2) Eden regions: 49->0(216)
[2021-05-25T17:32:37.316+0530][3.864s] GC(2) Survivor regions: 6->14(39)
[2021-05-25T17:32:37.316+0530][3.864s] GC(2) Old regions: 7->7
[2021-05-25T17:32:37.316+0530][3.864s] GC(2) Archive regions: 0->0
[2021-05-25T17:32:37.316+0530][3.864s] GC(2) Humongous regions: 4->4
[2021-05-25T17:32:37.317+0530][3.864s] GC(2) Metaspace: 20894K(21296K)->20894K(21296K) NonClass: 18594K(18864K)->18594K(18864K) Class: 2299K(2432K)->2299K(2432K)
[2021-05-25T17:32:37.317+0530][3.864s] GC(2) Pause Young (Concurrent Start) (Metadata GC Threshold) 65M->23M(512M) 7.491ms
[2021-05-25T17:32:37.317+0530][3.864s] GC(2) User=0.00s Sys=0.00s Real=0.01s
[2021-05-25T17:32:37.317+0530][3.864s] GC(3) Concurrent Cycle
[2021-05-25T17:32:37.317+0530][3.865s] GC(3) Concurrent Clear Claimed Marks
[2021-05-25T17:32:37.317+0530][3.865s] GC(3) Concurrent Clear Claimed Marks 0.042ms
[2021-05-25T17:32:37.317+0530][3.865s] GC(3) Concurrent Scan Root Regions
[2021-05-25T17:32:37.321+0530][3.869s] GC(3) Concurrent Scan Root Regions 4.288ms
[2021-05-25T17:32:37.321+0530][3.869s] GC(3) Concurrent Mark (3.869s)
[2021-05-25T17:32:37.321+0530][3.869s] GC(3) Concurrent Mark From Roots
[2021-05-25T17:32:37.321+0530][3.869s] GC(3) Using 2 workers of 2 for marking
[2021-05-25T17:32:37.335+0530][3.883s] GC(3) Concurrent Mark From Roots 13.672ms
[2021-05-25T17:32:37.335+0530][3.883s] GC(3) Concurrent Preclean
[2021-05-25T17:32:37.335+0530][3.883s] GC(3) Concurrent Preclean 0.239ms
[2021-05-25T17:32:37.335+0530][3.883s] GC(3) Concurrent Mark (3.869s, 3.883s) 14.044ms
[2021-05-25T17:32:37.335+0530][3.883s] GC(3) Pause Remark
[2021-05-25T17:32:37.336+0530][3.884s] GC(3) Pause Remark 25M->25M(512M) 1.113ms
[2021-05-25T17:32:37.337+0530][3.884s] GC(3) User=0.00s Sys=0.00s Real=0.00s
[2021-05-25T17:32:37.337+0530][3.884s] GC(3) Concurrent Rebuild Remembered Sets
[2021-05-25T17:32:37.343+0530][3.891s] GC(3) Concurrent Rebuild Remembered Sets 6.481ms
[2021-05-25T17:32:37.344+0530][3.891s] GC(3) Pause Cleanup
[2021-05-25T17:32:37.344+0530][3.891s] GC(3) Pause Cleanup 25M->25M(512M) 0.192ms
[2021-05-25T17:32:37.344+0530][3.892s] GC(3) User=0.00s Sys=0.00s Real=0.00s
[2021-05-25T17:32:37.344+0530][3.892s] GC(3) Concurrent Cleanup for Next Mark
[2021-05-25T17:32:37.345+0530][3.893s] GC(3) Concurrent Cleanup for Next Mark 1.070ms
[2021-05-25T17:32:37.345+0530][3.893s] GC(3) Concurrent Cycle 28.332ms
[2021-05-25T17:32:39.459+0530][6.007s] GC(4) Pause Young (Concurrent Start) (Metadata GC Threshold)
[2021-05-25T17:32:39.459+0530][6.007s] GC(4) Using 8 workers of 8 for evacuation
[2021-05-25T17:32:39.470+0530][6.018s] GC(4)   Pre Evacuate Collection Set: 0.1ms
[2021-05-25T17:32:39.470+0530][6.018s] GC(4)   Merge Heap Roots: 0.1ms
[2021-05-25T17:32:39.470+0530][6.018s] GC(4)   Evacuate Collection Set: 9.3ms
[2021-05-25T17:32:39.470+0530][6.018s] GC(4)   Post Evacuate Collection Set: 0.8ms
[2021-05-25T17:32:39.470+0530][6.018s] GC(4)   Other: 0.4ms
[2021-05-25T17:32:39.470+0530][6.018s] GC(4) Eden regions: 108->0(288)
[2021-05-25T17:32:39.470+0530][6.018s] GC(4) Survivor regions: 14->19(31)
[2021-05-25T17:32:39.470+0530][6.018s] GC(4) Old regions: 7->7
[2021-05-25T17:32:39.470+0530][6.018s] GC(4) Archive regions: 0->0
[2021-05-25T17:32:39.470+0530][6.018s] GC(4) Humongous regions: 5->4
[2021-05-25T17:32:39.470+0530][6.018s] GC(4) Metaspace: 35656K(36272K)->35656K(36272K) NonClass: 31593K(31920K)->31593K(31920K) Class: 4063K(4352K)->4063K(4352K)
[2021-05-25T17:32:39.470+0530][6.018s] GC(4) Pause Young (Concurrent Start) (Metadata GC Threshold) 131M->29M(512M) 11.079ms
[2021-05-25T17:32:39.470+0530][6.018s] GC(4) User=0.00s Sys=0.00s Real=0.01s
[2021-05-25T17:32:39.471+0530][6.019s] GC(5) Concurrent Cycle
[2021-05-25T17:32:39.471+0530][6.019s] GC(5) Concurrent Clear Claimed Marks
[2021-05-25T17:32:39.471+0530][6.019s] GC(5) Concurrent Clear Claimed Marks 0.048ms
[2021-05-25T17:32:39.471+0530][6.019s] GC(5) Concurrent Scan Root Regions
[2021-05-25T17:32:39.478+0530][6.026s] GC(5) Concurrent Scan Root Regions 7.159ms
[2021-05-25T17:32:39.478+0530][6.026s] GC(5) Concurrent Mark (6.026s)
[2021-05-25T17:32:39.478+0530][6.026s] GC(5) Concurrent Mark From Roots
[2021-05-25T17:32:39.478+0530][6.026s] GC(5) Using 2 workers of 2 for marking
[2021-05-25T17:32:39.491+0530][6.039s] GC(5) Concurrent Mark From Roots 12.540ms
[2021-05-25T17:32:39.491+0530][6.039s] GC(5) Concurrent Preclean
[2021-05-25T17:32:39.491+0530][6.039s] GC(5) Concurrent Preclean 0.262ms
[2021-05-25T17:32:39.491+0530][6.039s] GC(5) Concurrent Mark (6.026s, 6.039s) 12.957ms
[2021-05-25T17:32:39.491+0530][6.039s] GC(5) Pause Remark
[2021-05-25T17:32:39.493+0530][6.041s] GC(5) Pause Remark 31M->31M(512M) 1.575ms
[2021-05-25T17:32:39.493+0530][6.041s] GC(5) User=0.00s Sys=0.00s Real=0.00s
[2021-05-25T17:32:39.493+0530][6.041s] GC(5) Concurrent Rebuild Remembered Sets
[2021-05-25T17:32:39.500+0530][6.047s] GC(5) Concurrent Rebuild Remembered Sets 6.417ms
[2021-05-25T17:32:39.500+0530][6.048s] GC(5) Pause Cleanup
[2021-05-25T17:32:39.500+0530][6.048s] GC(5) Pause Cleanup 31M->31M(512M) 0.151ms
[2021-05-25T17:32:39.500+0530][6.048s] GC(5) User=0.00s Sys=0.00s Real=0.00s
[2021-05-25T17:32:39.500+0530][6.048s] GC(5) Concurrent Cleanup for Next Mark
[2021-05-25T17:32:39.501+0530][6.049s] GC(5) Concurrent Cleanup for Next Mark 0.881ms
[2021-05-25T17:32:39.501+0530][6.049s] GC(5) Concurrent Cycle 30.574ms
[2021-05-25T17:36:40.590+0530][247.137s] GC(6) Pause Young (Normal) (G1 Evacuation Pause)
[2021-05-25T17:36:40.590+0530][247.138s] GC(6) Using 8 workers of 8 for evacuation
[2021-05-25T17:36:40.612+0530][247.160s] GC(6)   Pre Evacuate Collection Set: 0.1ms
[2021-05-25T17:36:40.612+0530][247.160s] GC(6)   Merge Heap Roots: 0.1ms
[2021-05-25T17:36:40.613+0530][247.160s] GC(6)   Evacuate Collection Set: 19.6ms
[2021-05-25T17:36:40.613+0530][247.160s] GC(6)   Post Evacuate Collection Set: 2.2ms
[2021-05-25T17:36:40.613+0530][247.160s] GC(6)   Other: 0.4ms
[2021-05-25T17:36:40.613+0530][247.160s] GC(6) Eden regions: 288->0(271)
[2021-05-25T17:36:40.613+0530][247.160s] GC(6) Survivor regions: 19->36(39)
[2021-05-25T17:36:40.613+0530][247.160s] GC(6) Old regions: 7->7
[2021-05-25T17:36:40.613+0530][247.160s] GC(6) Archive regions: 0->0
[2021-05-25T17:36:40.613+0530][247.160s] GC(6) Humongous regions: 7->7
[2021-05-25T17:36:40.613+0530][247.160s] GC(6) Metaspace: 51687K(52400K)->51687K(52400K) NonClass: 45814K(46256K)->45814K(46256K) Class: 5872K(6144K)->5872K(6144K)
[2021-05-25T17:36:40.613+0530][247.160s] GC(6) Pause Young (Normal) (G1 Evacuation Pause) 320M->49M(512M) 22.968ms
[2021-05-25T17:36:40.613+0530][247.160s] GC(6) User=0.11s Sys=0.00s Real=0.02s
[2021-05-25T18:35:55.426+0530][3801.974s] Heap
[2021-05-25T18:35:55.426+0530][3801.974s]  garbage-first heap   total 524288K, used 190677K [0x00000000e0000000, 0x0000000100000000)
[2021-05-25T18:35:55.426+0530][3801.974s]   region size 1024K, 175 young (179200K), 36 survivors (36864K)
[2021-05-25T18:35:55.426+0530][3801.974s]  Metaspace       used 53631K, capacity 54161K, committed 54320K, reserved 1097728K
[2021-05-25T18:35:55.426+0530][3801.974s]   class space    used 6060K, capacity 6251K, committed 6272K, reserved 1048576K
