[2021-05-26T16:15:37.403+0530][0.037s] Using G1
[2021-05-26T16:15:37.711+0530][0.346s] Version: 15+36-1562 (release)
[2021-05-26T16:15:37.711+0530][0.346s] CPUs: 8 total, 8 available
[2021-05-26T16:15:37.711+0530][0.346s] Memory: 8043M
[2021-05-26T16:15:37.712+0530][0.346s] Large Page Support: Disabled
[2021-05-26T16:15:37.712+0530][0.346s] NUMA Support: Disabled
[2021-05-26T16:15:37.712+0530][0.346s] Compressed Oops: Enabled (32-bit)
[2021-05-26T16:15:37.712+0530][0.346s] Heap Region Size: 1M
[2021-05-26T16:15:37.712+0530][0.346s] Heap Min Capacity: 512M
[2021-05-26T16:15:37.712+0530][0.346s] Heap Initial Capacity: 512M
[2021-05-26T16:15:37.712+0530][0.346s] Heap Max Capacity: 512M
[2021-05-26T16:15:37.712+0530][0.346s] Pre-touch: Enabled
[2021-05-26T16:15:37.717+0530][0.351s] Parallel Workers: 8
[2021-05-26T16:15:37.717+0530][0.351s] Concurrent Workers: 2
[2021-05-26T16:15:37.717+0530][0.351s] Concurrent Refinement Workers: 8
[2021-05-26T16:15:37.717+0530][0.351s] Periodic GC: Disabled
[2021-05-26T16:15:37.719+0530][0.353s] CDS archive(s) mapped at: [0x0000000800000000-0x0000000800b50000-0x0000000800b50000), size 11862016, SharedBaseAddress: 0x0000000800000000, ArchiveRelocationMode: 0.
[2021-05-26T16:15:37.719+0530][0.353s] Compressed class space mapped at: 0x0000000800b50000-0x0000000840b50000, size: 1073741824
[2021-05-26T16:15:37.719+0530][0.353s] Narrow klass base: 0x0000000800000000, Narrow klass shift: 3, Narrow klass range: 0x100000000
[2021-05-26T16:15:39.029+0530][1.663s] GC(0) Pause Young (Normal) (G1 Evacuation Pause)
[2021-05-26T16:15:39.030+0530][1.664s] GC(0) Using 8 workers of 8 for evacuation
[2021-05-26T16:15:39.033+0530][1.667s] GC(0)   Pre Evacuate Collection Set: 0.1ms
[2021-05-26T16:15:39.033+0530][1.667s] GC(0)   Merge Heap Roots: 0.0ms
[2021-05-26T16:15:39.033+0530][1.667s] GC(0)   Evacuate Collection Set: 2.7ms
[2021-05-26T16:15:39.033+0530][1.667s] GC(0)   Post Evacuate Collection Set: 0.5ms
[2021-05-26T16:15:39.033+0530][1.667s] GC(0)   Other: 1.0ms
[2021-05-26T16:15:39.033+0530][1.667s] GC(0) Eden regions: 29->0(42)
[2021-05-26T16:15:39.033+0530][1.667s] GC(0) Survivor regions: 0->4(4)
[2021-05-26T16:15:39.033+0530][1.667s] GC(0) Old regions: 0->0
[2021-05-26T16:15:39.033+0530][1.667s] GC(0) Archive regions: 0->0
[2021-05-26T16:15:39.033+0530][1.667s] GC(0) Humongous regions: 0->0
[2021-05-26T16:15:39.033+0530][1.667s] GC(0) Metaspace: 6782K(7808K)->6782K(7808K) NonClass: 6006K(6912K)->6006K(6912K) Class: 775K(896K)->775K(896K)
[2021-05-26T16:15:39.034+0530][1.668s] GC(0) Pause Young (Normal) (G1 Evacuation Pause) 29M->3M(512M) 4.753ms
[2021-05-26T16:15:39.034+0530][1.668s] GC(0) User=0.00s Sys=0.00s Real=0.00s
[2021-05-26T16:15:40.248+0530][2.882s] GC(1) Pause Young (Normal) (G1 Evacuation Pause)
[2021-05-26T16:15:40.248+0530][2.882s] GC(1) Using 8 workers of 8 for evacuation
[2021-05-26T16:15:40.258+0530][2.892s] GC(1)   Pre Evacuate Collection Set: 0.1ms
[2021-05-26T16:15:40.258+0530][2.892s] GC(1)   Merge Heap Roots: 0.0ms
[2021-05-26T16:15:40.258+0530][2.892s] GC(1)   Evacuate Collection Set: 8.4ms
[2021-05-26T16:15:40.258+0530][2.892s] GC(1)   Post Evacuate Collection Set: 0.8ms
[2021-05-26T16:15:40.258+0530][2.892s] GC(1)   Other: 0.3ms
[2021-05-26T16:15:40.258+0530][2.892s] GC(1) Eden regions: 42->0(301)
[2021-05-26T16:15:40.258+0530][2.892s] GC(1) Survivor regions: 4->6(6)
[2021-05-26T16:15:40.258+0530][2.892s] GC(1) Old regions: 0->7
[2021-05-26T16:15:40.258+0530][2.892s] GC(1) Archive regions: 0->0
[2021-05-26T16:15:40.258+0530][2.892s] GC(1) Humongous regions: 4->4
[2021-05-26T16:15:40.258+0530][2.892s] GC(1) Metaspace: 15042K(15488K)->15042K(15488K) NonClass: 13311K(13568K)->13311K(13568K) Class: 1730K(1920K)->1730K(1920K)
[2021-05-26T16:15:40.258+0530][2.892s] GC(1) Pause Young (Normal) (G1 Evacuation Pause) 49M->16M(512M) 10.060ms
[2021-05-26T16:15:40.258+0530][2.892s] GC(1) User=0.09s Sys=0.02s Real=0.01s
[2021-05-26T16:15:41.955+0530][4.589s] GC(2) Pause Young (Concurrent Start) (Metadata GC Threshold)
[2021-05-26T16:15:41.955+0530][4.589s] GC(2) Using 8 workers of 8 for evacuation
[2021-05-26T16:15:41.963+0530][4.597s] GC(2)   Pre Evacuate Collection Set: 0.1ms
[2021-05-26T16:15:41.963+0530][4.597s] GC(2)   Merge Heap Roots: 0.1ms
[2021-05-26T16:15:41.963+0530][4.597s] GC(2)   Evacuate Collection Set: 6.2ms
[2021-05-26T16:15:41.963+0530][4.597s] GC(2)   Post Evacuate Collection Set: 0.9ms
[2021-05-26T16:15:41.963+0530][4.597s] GC(2)   Other: 0.5ms
[2021-05-26T16:15:41.963+0530][4.597s] GC(2) Eden regions: 49->0(212)
[2021-05-26T16:15:41.963+0530][4.597s] GC(2) Survivor regions: 6->13(39)
[2021-05-26T16:15:41.963+0530][4.597s] GC(2) Old regions: 7->7
[2021-05-26T16:15:41.963+0530][4.597s] GC(2) Archive regions: 0->0
[2021-05-26T16:15:41.963+0530][4.597s] GC(2) Humongous regions: 4->4
[2021-05-26T16:15:41.963+0530][4.597s] GC(2) Metaspace: 20879K(21296K)->20879K(21296K) NonClass: 18580K(18864K)->18580K(18864K) Class: 2299K(2432K)->2299K(2432K)
[2021-05-26T16:15:41.963+0530][4.597s] GC(2) Pause Young (Concurrent Start) (Metadata GC Threshold) 65M->23M(512M) 8.061ms
[2021-05-26T16:15:41.963+0530][4.597s] GC(2) User=0.09s Sys=0.02s Real=0.01s
[2021-05-26T16:15:41.963+0530][4.597s] GC(3) Concurrent Cycle
[2021-05-26T16:15:41.963+0530][4.597s] GC(3) Concurrent Clear Claimed Marks
[2021-05-26T16:15:41.963+0530][4.598s] GC(3) Concurrent Clear Claimed Marks 0.034ms
[2021-05-26T16:15:41.963+0530][4.598s] GC(3) Concurrent Scan Root Regions
[2021-05-26T16:15:41.967+0530][4.602s] GC(3) Concurrent Scan Root Regions 4.027ms
[2021-05-26T16:15:41.967+0530][4.602s] GC(3) Concurrent Mark (4.602s)
[2021-05-26T16:15:41.967+0530][4.602s] GC(3) Concurrent Mark From Roots
[2021-05-26T16:15:41.967+0530][4.602s] GC(3) Using 2 workers of 2 for marking
[2021-05-26T16:15:41.980+0530][4.615s] GC(3) Concurrent Mark From Roots 12.912ms
[2021-05-26T16:15:41.980+0530][4.615s] GC(3) Concurrent Preclean
[2021-05-26T16:15:41.981+0530][4.615s] GC(3) Concurrent Preclean 0.303ms
[2021-05-26T16:15:41.981+0530][4.615s] GC(3) Concurrent Mark (4.602s, 4.615s) 13.388ms
[2021-05-26T16:15:41.981+0530][4.615s] GC(3) Pause Remark
[2021-05-26T16:15:41.982+0530][4.617s] GC(3) Pause Remark 25M->25M(512M) 1.367ms
[2021-05-26T16:15:41.983+0530][4.617s] GC(3) User=0.00s Sys=0.00s Real=0.00s
[2021-05-26T16:15:41.983+0530][4.617s] GC(3) Concurrent Rebuild Remembered Sets
[2021-05-26T16:15:41.989+0530][4.623s] GC(3) Concurrent Rebuild Remembered Sets 6.030ms
[2021-05-26T16:15:41.989+0530][4.623s] GC(3) Pause Cleanup
[2021-05-26T16:15:41.989+0530][4.623s] GC(3) Pause Cleanup 25M->25M(512M) 0.157ms
[2021-05-26T16:15:41.989+0530][4.623s] GC(3) User=0.00s Sys=0.00s Real=0.00s
[2021-05-26T16:15:41.989+0530][4.624s] GC(3) Concurrent Cleanup for Next Mark
[2021-05-26T16:15:41.990+0530][4.624s] GC(3) Concurrent Cleanup for Next Mark 0.824ms
[2021-05-26T16:15:41.990+0530][4.625s] GC(3) Concurrent Cycle 27.086ms
[2021-05-26T16:15:44.510+0530][7.145s] GC(4) Pause Young (Concurrent Start) (Metadata GC Threshold)
[2021-05-26T16:15:44.511+0530][7.145s] GC(4) Using 8 workers of 8 for evacuation
[2021-05-26T16:15:44.522+0530][7.156s] GC(4)   Pre Evacuate Collection Set: 0.2ms
[2021-05-26T16:15:44.522+0530][7.156s] GC(4)   Merge Heap Roots: 0.1ms
[2021-05-26T16:15:44.522+0530][7.156s] GC(4)   Evacuate Collection Set: 9.7ms
[2021-05-26T16:15:44.522+0530][7.156s] GC(4)   Post Evacuate Collection Set: 0.9ms
[2021-05-26T16:15:44.522+0530][7.157s] GC(4)   Other: 0.3ms
[2021-05-26T16:15:44.522+0530][7.157s] GC(4) Eden regions: 166->0(287)
[2021-05-26T16:15:44.522+0530][7.157s] GC(4) Survivor regions: 13->20(30)
[2021-05-26T16:15:44.522+0530][7.157s] GC(4) Old regions: 7->7
[2021-05-26T16:15:44.522+0530][7.157s] GC(4) Archive regions: 0->0
[2021-05-26T16:15:44.522+0530][7.157s] GC(4) Humongous regions: 4->4
[2021-05-26T16:15:44.522+0530][7.157s] GC(4) Metaspace: 35347K(35888K)->35347K(35888K) NonClass: 31361K(31664K)->31361K(31664K) Class: 3985K(4224K)->3985K(4224K)
[2021-05-26T16:15:44.522+0530][7.157s] GC(4) Pause Young (Concurrent Start) (Metadata GC Threshold) 188M->29M(512M) 11.727ms
[2021-05-26T16:15:44.522+0530][7.157s] GC(4) User=0.02s Sys=0.02s Real=0.01s
[2021-05-26T16:15:44.522+0530][7.157s] GC(5) Concurrent Cycle
[2021-05-26T16:15:44.522+0530][7.157s] GC(5) Concurrent Clear Claimed Marks
[2021-05-26T16:15:44.522+0530][7.157s] GC(5) Concurrent Clear Claimed Marks 0.045ms
[2021-05-26T16:15:44.522+0530][7.157s] GC(5) Concurrent Scan Root Regions
[2021-05-26T16:15:44.531+0530][7.165s] GC(5) Concurrent Scan Root Regions 8.239ms
[2021-05-26T16:15:44.531+0530][7.165s] GC(5) Concurrent Mark (7.165s)
[2021-05-26T16:15:44.531+0530][7.165s] GC(5) Concurrent Mark From Roots
[2021-05-26T16:15:44.531+0530][7.165s] GC(5) Using 2 workers of 2 for marking
[2021-05-26T16:15:44.545+0530][7.180s] GC(5) Concurrent Mark From Roots 14.276ms
[2021-05-26T16:15:44.545+0530][7.180s] GC(5) Concurrent Preclean
[2021-05-26T16:15:44.546+0530][7.180s] GC(5) Concurrent Preclean 0.264ms
[2021-05-26T16:15:44.546+0530][7.180s] GC(5) Concurrent Mark (7.165s, 7.180s) 14.733ms
[2021-05-26T16:15:44.549+0530][7.183s] GC(5) Pause Remark
[2021-05-26T16:15:44.551+0530][7.185s] GC(5) Pause Remark 31M->31M(512M) 2.010ms
[2021-05-26T16:15:44.551+0530][7.185s] GC(5) User=0.00s Sys=0.00s Real=0.00s
[2021-05-26T16:15:44.552+0530][7.186s] GC(5) Concurrent Rebuild Remembered Sets
[2021-05-26T16:15:44.558+0530][7.193s] GC(5) Concurrent Rebuild Remembered Sets 6.512ms
[2021-05-26T16:15:44.559+0530][7.193s] GC(5) Pause Cleanup
[2021-05-26T16:15:44.559+0530][7.193s] GC(5) Pause Cleanup 31M->31M(512M) 0.147ms
[2021-05-26T16:15:44.559+0530][7.193s] GC(5) User=0.00s Sys=0.00s Real=0.00s
[2021-05-26T16:15:44.559+0530][7.194s] GC(5) Concurrent Cleanup for Next Mark
[2021-05-26T16:15:44.560+0530][7.194s] GC(5) Concurrent Cleanup for Next Mark 0.911ms
[2021-05-26T16:15:44.560+0530][7.195s] GC(5) Concurrent Cycle 37.651ms
[2021-05-26T16:15:48.672+0530][11.306s] GC(6) Pause Young (Normal) (G1 Evacuation Pause)
[2021-05-26T16:15:48.672+0530][11.306s] GC(6) Using 8 workers of 8 for evacuation
[2021-05-26T16:15:48.694+0530][11.328s] GC(6)   Pre Evacuate Collection Set: 0.1ms
[2021-05-26T16:15:48.694+0530][11.328s] GC(6)   Merge Heap Roots: 0.1ms
[2021-05-26T16:15:48.694+0530][11.328s] GC(6)   Evacuate Collection Set: 19.9ms
[2021-05-26T16:15:48.694+0530][11.328s] GC(6)   Post Evacuate Collection Set: 1.4ms
[2021-05-26T16:15:48.694+0530][11.328s] GC(6)   Other: 0.4ms
[2021-05-26T16:15:48.694+0530][11.328s] GC(6) Eden regions: 287->0(269)
[2021-05-26T16:15:48.694+0530][11.328s] GC(6) Survivor regions: 20->38(39)
[2021-05-26T16:15:48.694+0530][11.328s] GC(6) Old regions: 7->7
[2021-05-26T16:15:48.694+0530][11.328s] GC(6) Archive regions: 0->0
[2021-05-26T16:15:48.694+0530][11.328s] GC(6) Humongous regions: 5->4
[2021-05-26T16:15:48.694+0530][11.328s] GC(6) Metaspace: 47182K(47792K)->47182K(47792K) NonClass: 41760K(42160K)->41760K(42160K) Class: 5422K(5632K)->5422K(5632K)
[2021-05-26T16:15:48.694+0530][11.328s] GC(6) Pause Young (Normal) (G1 Evacuation Pause) 317M->47M(512M) 22.304ms
[2021-05-26T16:15:48.694+0530][11.328s] GC(6) User=0.13s Sys=0.03s Real=0.02s
[2021-05-26T16:15:50.835+0530][13.468s] GC(7) Pause Young (Normal) (G1 Evacuation Pause)
[2021-05-26T16:15:50.835+0530][13.468s] GC(7) Using 8 workers of 8 for evacuation
[2021-05-26T16:15:50.868+0530][13.502s] GC(7)   Pre Evacuate Collection Set: 0.1ms
[2021-05-26T16:15:50.868+0530][13.502s] GC(7)   Merge Heap Roots: 0.1ms
[2021-05-26T16:15:50.868+0530][13.502s] GC(7)   Evacuate Collection Set: 31.6ms
[2021-05-26T16:15:50.868+0530][13.502s] GC(7)   Post Evacuate Collection Set: 1.8ms
[2021-05-26T16:15:50.868+0530][13.502s] GC(7)   Other: 0.3ms
[2021-05-26T16:15:50.868+0530][13.502s] GC(7) Eden regions: 269->0(268)
[2021-05-26T16:15:50.868+0530][13.502s] GC(7) Survivor regions: 38->39(39)
[2021-05-26T16:15:50.869+0530][13.502s] GC(7) Old regions: 7->27
[2021-05-26T16:15:50.869+0530][13.502s] GC(7) Archive regions: 0->0
[2021-05-26T16:15:50.869+0530][13.502s] GC(7) Humongous regions: 4->4
[2021-05-26T16:15:50.869+0530][13.502s] GC(7) Metaspace: 48996K(49840K)->48996K(49840K) NonClass: 43360K(43952K)->43360K(43952K) Class: 5635K(5888K)->5635K(5888K)
[2021-05-26T16:15:50.869+0530][13.503s] GC(7) Pause Young (Normal) (G1 Evacuation Pause) 316M->69M(512M) 34.162ms
[2021-05-26T16:15:50.869+0530][13.503s] GC(7) User=0.30s Sys=0.02s Real=0.03s
[2021-05-26T16:15:52.879+0530][15.513s] GC(8) Pause Young (Normal) (G1 Evacuation Pause)
[2021-05-26T16:15:52.879+0530][15.513s] GC(8) Using 8 workers of 8 for evacuation
[2021-05-26T16:15:52.910+0530][15.544s] GC(8)   Pre Evacuate Collection Set: 0.1ms
[2021-05-26T16:15:52.910+0530][15.544s] GC(8)   Merge Heap Roots: 0.1ms
[2021-05-26T16:15:52.910+0530][15.544s] GC(8)   Evacuate Collection Set: 30.0ms
[2021-05-26T16:15:52.910+0530][15.544s] GC(8)   Post Evacuate Collection Set: 0.9ms
[2021-05-26T16:15:52.910+0530][15.544s] GC(8)   Other: 0.3ms
[2021-05-26T16:15:52.911+0530][15.544s] GC(8) Eden regions: 268->0(287)
[2021-05-26T16:15:52.911+0530][15.544s] GC(8) Survivor regions: 39->20(39)
[2021-05-26T16:15:52.911+0530][15.545s] GC(8) Old regions: 27->67
[2021-05-26T16:15:52.911+0530][15.545s] GC(8) Archive regions: 0->0
[2021-05-26T16:15:52.911+0530][15.545s] GC(8) Humongous regions: 4->4
[2021-05-26T16:15:52.911+0530][15.545s] GC(8) Metaspace: 49323K(50224K)->49323K(50224K) NonClass: 43669K(44208K)->43669K(44208K) Class: 5654K(6016K)->5654K(6016K)
[2021-05-26T16:15:52.911+0530][15.545s] GC(8) Pause Young (Normal) (G1 Evacuation Pause) 337M->90M(512M) 31.892ms
[2021-05-26T16:15:52.911+0530][15.545s] GC(8) User=0.23s Sys=0.00s Real=0.03s
[2021-05-26T16:16:54.109+0530][76.743s] GC(9) Pause Young (Normal) (G1 Evacuation Pause)
[2021-05-26T16:16:54.109+0530][76.743s] GC(9) Using 8 workers of 8 for evacuation
[2021-05-26T16:16:54.134+0530][76.768s] GC(9)   Pre Evacuate Collection Set: 0.1ms
[2021-05-26T16:16:54.134+0530][76.768s] GC(9)   Merge Heap Roots: 0.1ms
[2021-05-26T16:16:54.134+0530][76.768s] GC(9)   Evacuate Collection Set: 23.5ms
[2021-05-26T16:16:54.135+0530][76.768s] GC(9)   Post Evacuate Collection Set: 1.3ms
[2021-05-26T16:16:54.135+0530][76.768s] GC(9)   Other: 0.4ms
[2021-05-26T16:16:54.135+0530][76.768s] GC(9) Eden regions: 287->0(268)
[2021-05-26T16:16:54.135+0530][76.769s] GC(9) Survivor regions: 20->39(39)
[2021-05-26T16:16:54.135+0530][76.769s] GC(9) Old regions: 67->70
[2021-05-26T16:16:54.135+0530][76.769s] GC(9) Archive regions: 0->0
[2021-05-26T16:16:54.135+0530][76.769s] GC(9) Humongous regions: 7->7
[2021-05-26T16:16:54.135+0530][76.769s] GC(9) Metaspace: 53852K(54960K)->53852K(54960K) NonClass: 47777K(48560K)->47777K(48560K) Class: 6074K(6400K)->6074K(6400K)
[2021-05-26T16:16:54.135+0530][76.769s] GC(9) Pause Young (Normal) (G1 Evacuation Pause) 380M->116M(512M) 25.831ms
[2021-05-26T16:16:54.135+0530][76.769s] GC(9) User=0.22s Sys=0.00s Real=0.03s
[2021-05-26T16:17:48.751+0530][131.386s] GC(10) Pause Young (Normal) (G1 Evacuation Pause)
[2021-05-26T16:17:48.751+0530][131.386s] GC(10) Using 8 workers of 8 for evacuation
[2021-05-26T16:17:48.775+0530][131.409s] GC(10)   Pre Evacuate Collection Set: 0.1ms
[2021-05-26T16:17:48.776+0530][131.409s] GC(10)   Merge Heap Roots: 0.1ms
[2021-05-26T16:17:48.776+0530][131.409s] GC(10)   Evacuate Collection Set: 21.9ms
[2021-05-26T16:17:48.776+0530][131.409s] GC(10)   Post Evacuate Collection Set: 1.1ms
[2021-05-26T16:17:48.776+0530][131.409s] GC(10)   Other: 0.4ms
[2021-05-26T16:17:48.776+0530][131.410s] GC(10) Eden regions: 268->0(274)
[2021-05-26T16:17:48.776+0530][131.410s] GC(10) Survivor regions: 39->14(39)
[2021-05-26T16:17:48.776+0530][131.410s] GC(10) Old regions: 70->105
[2021-05-26T16:17:48.776+0530][131.410s] GC(10) Archive regions: 0->0
[2021-05-26T16:17:48.776+0530][131.410s] GC(10) Humongous regions: 7->7
[2021-05-26T16:17:48.776+0530][131.410s] GC(10) Metaspace: 54735K(55856K)->54735K(55856K) NonClass: 48587K(49328K)->48587K(49328K) Class: 6147K(6528K)->6147K(6528K)
[2021-05-26T16:17:48.776+0530][131.410s] GC(10) Pause Young (Normal) (G1 Evacuation Pause) 384M->125M(512M) 23.958ms
[2021-05-26T16:17:48.776+0530][131.410s] GC(10) User=0.25s Sys=0.00s Real=0.03s
[2021-05-26T16:35:46.443+0530][1209.078s] GC(11) Pause Young (Normal) (G1 Evacuation Pause)
[2021-05-26T16:35:46.444+0530][1209.078s] GC(11) Using 8 workers of 8 for evacuation
[2021-05-26T16:35:46.452+0530][1209.086s] GC(11)   Pre Evacuate Collection Set: 0.2ms
[2021-05-26T16:35:46.452+0530][1209.086s] GC(11)   Merge Heap Roots: 0.1ms
[2021-05-26T16:35:46.452+0530][1209.086s] GC(11)   Evacuate Collection Set: 6.6ms
[2021-05-26T16:35:46.452+0530][1209.087s] GC(11)   Post Evacuate Collection Set: 1.1ms
[2021-05-26T16:35:46.452+0530][1209.087s] GC(11)   Other: 0.5ms
[2021-05-26T16:35:46.452+0530][1209.087s] GC(11) Eden regions: 274->0(295)
[2021-05-26T16:35:46.452+0530][1209.087s] GC(11) Survivor regions: 14->3(36)
[2021-05-26T16:35:46.452+0530][1209.087s] GC(11) Old regions: 105->105
[2021-05-26T16:35:46.452+0530][1209.087s] GC(11) Archive regions: 0->0
[2021-05-26T16:35:46.453+0530][1209.087s] GC(11) Humongous regions: 7->7
[2021-05-26T16:35:46.453+0530][1209.087s] GC(11) Metaspace: 55670K(56880K)->55670K(56880K) NonClass: 49481K(50352K)->49481K(50352K) Class: 6188K(6528K)->6188K(6528K)
[2021-05-26T16:35:46.453+0530][1209.087s] GC(11) Pause Young (Normal) (G1 Evacuation Pause) 399M->114M(512M) 9.485ms
[2021-05-26T16:35:46.453+0530][1209.087s] GC(11) User=0.02s Sys=0.00s Real=0.01s
