[2021-05-26T15:04:38.103+0530][0.040s] Using G1
[2021-05-26T15:04:38.406+0530][0.342s] Version: 15+36-1562 (release)
[2021-05-26T15:04:38.406+0530][0.342s] CPUs: 8 total, 8 available
[2021-05-26T15:04:38.406+0530][0.342s] Memory: 8043M
[2021-05-26T15:04:38.406+0530][0.343s] Large Page Support: Disabled
[2021-05-26T15:04:38.406+0530][0.343s] NUMA Support: Disabled
[2021-05-26T15:04:38.406+0530][0.343s] Compressed Oops: Enabled (32-bit)
[2021-05-26T15:04:38.406+0530][0.343s] Heap Region Size: 1M
[2021-05-26T15:04:38.406+0530][0.343s] Heap Min Capacity: 512M
[2021-05-26T15:04:38.406+0530][0.343s] Heap Initial Capacity: 512M
[2021-05-26T15:04:38.406+0530][0.343s] Heap Max Capacity: 512M
[2021-05-26T15:04:38.406+0530][0.343s] Pre-touch: Enabled
[2021-05-26T15:04:38.411+0530][0.347s] Parallel Workers: 8
[2021-05-26T15:04:38.411+0530][0.347s] Concurrent Workers: 2
[2021-05-26T15:04:38.411+0530][0.347s] Concurrent Refinement Workers: 8
[2021-05-26T15:04:38.411+0530][0.347s] Periodic GC: Disabled
[2021-05-26T15:04:38.413+0530][0.350s] CDS archive(s) mapped at: [0x0000000800000000-0x0000000800b50000-0x0000000800b50000), size 11862016, SharedBaseAddress: 0x0000000800000000, ArchiveRelocationMode: 0.
[2021-05-26T15:04:38.413+0530][0.350s] Compressed class space mapped at: 0x0000000800b50000-0x0000000840b50000, size: 1073741824
[2021-05-26T15:04:38.413+0530][0.350s] Narrow klass base: 0x0000000800000000, Narrow klass shift: 3, Narrow klass range: 0x100000000
[2021-05-26T15:04:39.633+0530][1.569s] GC(0) Pause Young (Normal) (G1 Evacuation Pause)
[2021-05-26T15:04:39.634+0530][1.570s] GC(0) Using 8 workers of 8 for evacuation
[2021-05-26T15:04:39.638+0530][1.574s] GC(0)   Pre Evacuate Collection Set: 0.1ms
[2021-05-26T15:04:39.638+0530][1.574s] GC(0)   Merge Heap Roots: 0.0ms
[2021-05-26T15:04:39.638+0530][1.574s] GC(0)   Evacuate Collection Set: 2.8ms
[2021-05-26T15:04:39.638+0530][1.574s] GC(0)   Post Evacuate Collection Set: 0.5ms
[2021-05-26T15:04:39.638+0530][1.574s] GC(0)   Other: 1.3ms
[2021-05-26T15:04:39.638+0530][1.574s] GC(0) Eden regions: 29->0(42)
[2021-05-26T15:04:39.638+0530][1.574s] GC(0) Survivor regions: 0->4(4)
[2021-05-26T15:04:39.638+0530][1.574s] GC(0) Old regions: 0->0
[2021-05-26T15:04:39.638+0530][1.574s] GC(0) Archive regions: 0->0
[2021-05-26T15:04:39.638+0530][1.574s] GC(0) Humongous regions: 0->0
[2021-05-26T15:04:39.638+0530][1.574s] GC(0) Metaspace: 6780K(7808K)->6780K(7808K) NonClass: 6004K(6912K)->6004K(6912K) Class: 775K(896K)->775K(896K)
[2021-05-26T15:04:39.638+0530][1.575s] GC(0) Pause Young (Normal) (G1 Evacuation Pause) 29M->3M(512M) 5.277ms
[2021-05-26T15:04:39.638+0530][1.575s] GC(0) User=0.00s Sys=0.00s Real=0.01s
[2021-05-26T15:04:40.899+0530][2.835s] GC(1) Pause Young (Normal) (G1 Evacuation Pause)
[2021-05-26T15:04:40.899+0530][2.835s] GC(1) Using 8 workers of 8 for evacuation
[2021-05-26T15:04:40.910+0530][2.846s] GC(1)   Pre Evacuate Collection Set: 0.1ms
[2021-05-26T15:04:40.910+0530][2.846s] GC(1)   Merge Heap Roots: 0.1ms
[2021-05-26T15:04:40.911+0530][2.847s] GC(1)   Evacuate Collection Set: 10.5ms
[2021-05-26T15:04:40.911+0530][2.847s] GC(1)   Post Evacuate Collection Set: 0.7ms
[2021-05-26T15:04:40.911+0530][2.847s] GC(1)   Other: 0.2ms
[2021-05-26T15:04:40.911+0530][2.847s] GC(1) Eden regions: 42->0(301)
[2021-05-26T15:04:40.911+0530][2.847s] GC(1) Survivor regions: 4->6(6)
[2021-05-26T15:04:40.911+0530][2.847s] GC(1) Old regions: 0->7
[2021-05-26T15:04:40.911+0530][2.847s] GC(1) Archive regions: 0->0
[2021-05-26T15:04:40.911+0530][2.847s] GC(1) Humongous regions: 4->4
[2021-05-26T15:04:40.911+0530][2.847s] GC(1) Metaspace: 15031K(15488K)->15031K(15488K) NonClass: 13301K(13568K)->13301K(13568K) Class: 1730K(1920K)->1730K(1920K)
[2021-05-26T15:04:40.911+0530][2.847s] GC(1) Pause Young (Normal) (G1 Evacuation Pause) 49M->16M(512M) 12.032ms
[2021-05-26T15:04:40.911+0530][2.847s] GC(1) User=0.00s Sys=0.00s Real=0.01s
[2021-05-26T15:04:42.522+0530][4.459s] GC(2) Pause Young (Concurrent Start) (Metadata GC Threshold)
[2021-05-26T15:04:42.522+0530][4.459s] GC(2) Using 8 workers of 8 for evacuation
[2021-05-26T15:04:42.531+0530][4.467s] GC(2)   Pre Evacuate Collection Set: 0.1ms
[2021-05-26T15:04:42.531+0530][4.467s] GC(2)   Merge Heap Roots: 0.0ms
[2021-05-26T15:04:42.531+0530][4.467s] GC(2)   Evacuate Collection Set: 7.3ms
[2021-05-26T15:04:42.531+0530][4.468s] GC(2)   Post Evacuate Collection Set: 0.9ms
[2021-05-26T15:04:42.531+0530][4.468s] GC(2)   Other: 0.5ms
[2021-05-26T15:04:42.531+0530][4.468s] GC(2) Eden regions: 49->0(212)
[2021-05-26T15:04:42.531+0530][4.468s] GC(2) Survivor regions: 6->13(39)
[2021-05-26T15:04:42.531+0530][4.468s] GC(2) Old regions: 7->7
[2021-05-26T15:04:42.531+0530][4.468s] GC(2) Archive regions: 0->0
[2021-05-26T15:04:42.531+0530][4.468s] GC(2) Humongous regions: 4->4
[2021-05-26T15:04:42.531+0530][4.468s] GC(2) Metaspace: 20870K(21296K)->20870K(21296K) NonClass: 18574K(18864K)->18574K(18864K) Class: 2295K(2432K)->2295K(2432K)
[2021-05-26T15:04:42.531+0530][4.468s] GC(2) Pause Young (Concurrent Start) (Metadata GC Threshold) 65M->23M(512M) 9.204ms
[2021-05-26T15:04:42.531+0530][4.468s] GC(2) User=0.00s Sys=0.00s Real=0.01s
[2021-05-26T15:04:42.531+0530][4.468s] GC(3) Concurrent Cycle
[2021-05-26T15:04:42.531+0530][4.468s] GC(3) Concurrent Clear Claimed Marks
[2021-05-26T15:04:42.531+0530][4.468s] GC(3) Concurrent Clear Claimed Marks 0.056ms
[2021-05-26T15:04:42.531+0530][4.468s] GC(3) Concurrent Scan Root Regions
[2021-05-26T15:04:42.537+0530][4.474s] GC(3) Concurrent Scan Root Regions 5.562ms
[2021-05-26T15:04:42.537+0530][4.474s] GC(3) Concurrent Mark (4.474s)
[2021-05-26T15:04:42.537+0530][4.474s] GC(3) Concurrent Mark From Roots
[2021-05-26T15:04:42.537+0530][4.474s] GC(3) Using 2 workers of 2 for marking
[2021-05-26T15:04:42.552+0530][4.488s] GC(3) Concurrent Mark From Roots 14.460ms
[2021-05-26T15:04:42.552+0530][4.488s] GC(3) Concurrent Preclean
[2021-05-26T15:04:42.552+0530][4.489s] GC(3) Concurrent Preclean 0.259ms
[2021-05-26T15:04:42.552+0530][4.489s] GC(3) Concurrent Mark (4.474s, 4.489s) 14.882ms
[2021-05-26T15:04:42.552+0530][4.489s] GC(3) Pause Remark
[2021-05-26T15:04:42.554+0530][4.490s] GC(3) Pause Remark 25M->25M(512M) 1.172ms
[2021-05-26T15:04:42.554+0530][4.490s] GC(3) User=0.13s Sys=0.00s Real=0.00s
[2021-05-26T15:04:42.554+0530][4.490s] GC(3) Concurrent Rebuild Remembered Sets
[2021-05-26T15:04:42.562+0530][4.498s] GC(3) Concurrent Rebuild Remembered Sets 8.008ms
[2021-05-26T15:04:42.562+0530][4.498s] GC(3) Pause Cleanup
[2021-05-26T15:04:42.562+0530][4.499s] GC(3) Pause Cleanup 25M->25M(512M) 0.132ms
[2021-05-26T15:04:42.562+0530][4.499s] GC(3) User=0.00s Sys=0.00s Real=0.00s
[2021-05-26T15:04:42.562+0530][4.499s] GC(3) Concurrent Cleanup for Next Mark
[2021-05-26T15:04:42.563+0530][4.500s] GC(3) Concurrent Cleanup for Next Mark 0.980ms
[2021-05-26T15:04:42.563+0530][4.500s] GC(3) Concurrent Cycle 31.959ms
[2021-05-26T15:04:45.289+0530][7.225s] GC(4) Pause Young (Concurrent Start) (Metadata GC Threshold)
[2021-05-26T15:04:45.289+0530][7.225s] GC(4) Using 8 workers of 8 for evacuation
[2021-05-26T15:04:45.302+0530][7.238s] GC(4)   Pre Evacuate Collection Set: 0.1ms
[2021-05-26T15:04:45.302+0530][7.238s] GC(4)   Merge Heap Roots: 0.1ms
[2021-05-26T15:04:45.302+0530][7.238s] GC(4)   Evacuate Collection Set: 11.5ms
[2021-05-26T15:04:45.302+0530][7.238s] GC(4)   Post Evacuate Collection Set: 1.1ms
[2021-05-26T15:04:45.302+0530][7.239s] GC(4)   Other: 0.4ms
[2021-05-26T15:04:45.302+0530][7.239s] GC(4) Eden regions: 172->0(286)
[2021-05-26T15:04:45.302+0530][7.239s] GC(4) Survivor regions: 13->21(30)
[2021-05-26T15:04:45.302+0530][7.239s] GC(4) Old regions: 7->7
[2021-05-26T15:04:45.302+0530][7.239s] GC(4) Archive regions: 0->0
[2021-05-26T15:04:45.302+0530][7.239s] GC(4) Humongous regions: 5->4
[2021-05-26T15:04:45.303+0530][7.239s] GC(4) Metaspace: 35813K(36348K)->35813K(36348K) NonClass: 31760K(32124K)->31760K(32124K) Class: 4053K(4224K)->4053K(4224K)
[2021-05-26T15:04:45.303+0530][7.239s] GC(4) Pause Young (Concurrent Start) (Metadata GC Threshold) 195M->30M(512M) 13.718ms
[2021-05-26T15:04:45.303+0530][7.239s] GC(4) User=0.05s Sys=0.02s Real=0.01s
[2021-05-26T15:04:45.303+0530][7.239s] GC(5) Concurrent Cycle
[2021-05-26T15:04:45.303+0530][7.239s] GC(5) Concurrent Clear Claimed Marks
[2021-05-26T15:04:45.303+0530][7.239s] GC(5) Concurrent Clear Claimed Marks 0.057ms
[2021-05-26T15:04:45.303+0530][7.239s] GC(5) Concurrent Scan Root Regions
[2021-05-26T15:04:45.311+0530][7.247s] GC(5) Concurrent Scan Root Regions 8.115ms
[2021-05-26T15:04:45.311+0530][7.248s] GC(5) Concurrent Mark (7.248s)
[2021-05-26T15:04:45.312+0530][7.248s] GC(5) Concurrent Mark From Roots
[2021-05-26T15:04:45.312+0530][7.248s] GC(5) Using 2 workers of 2 for marking
[2021-05-26T15:04:45.326+0530][7.262s] GC(5) Concurrent Mark From Roots 14.149ms
[2021-05-26T15:04:45.326+0530][7.262s] GC(5) Concurrent Preclean
[2021-05-26T15:04:45.326+0530][7.262s] GC(5) Concurrent Preclean 0.262ms
[2021-05-26T15:04:45.326+0530][7.262s] GC(5) Concurrent Mark (7.248s, 7.262s) 14.608ms
[2021-05-26T15:04:45.326+0530][7.262s] GC(5) Pause Remark
[2021-05-26T15:04:45.328+0530][7.264s] GC(5) Pause Remark 34M->34M(512M) 1.949ms
[2021-05-26T15:04:45.328+0530][7.264s] GC(5) User=0.00s Sys=0.00s Real=0.00s
[2021-05-26T15:04:45.330+0530][7.266s] GC(5) Concurrent Rebuild Remembered Sets
[2021-05-26T15:04:45.337+0530][7.273s] GC(5) Concurrent Rebuild Remembered Sets 7.647ms
[2021-05-26T15:04:45.339+0530][7.275s] GC(5) Pause Cleanup
[2021-05-26T15:04:45.339+0530][7.275s] GC(5) Pause Cleanup 34M->34M(512M) 0.192ms
[2021-05-26T15:04:45.339+0530][7.275s] GC(5) User=0.00s Sys=0.00s Real=0.00s
[2021-05-26T15:04:45.339+0530][7.275s] GC(5) Concurrent Cleanup for Next Mark
[2021-05-26T15:04:45.340+0530][7.276s] GC(5) Concurrent Cleanup for Next Mark 0.731ms
[2021-05-26T15:04:45.340+0530][7.276s] GC(5) Concurrent Cycle 37.153ms
[2021-05-26T15:04:47.753+0530][9.689s] GC(6) Pause Young (Normal) (G1 Evacuation Pause)
[2021-05-26T15:04:47.753+0530][9.689s] GC(6) Using 8 workers of 8 for evacuation
[2021-05-26T15:04:47.777+0530][9.713s] GC(6)   Pre Evacuate Collection Set: 0.1ms
[2021-05-26T15:04:47.777+0530][9.713s] GC(6)   Merge Heap Roots: 0.1ms
[2021-05-26T15:04:47.777+0530][9.713s] GC(6)   Evacuate Collection Set: 21.6ms
[2021-05-26T15:04:47.777+0530][9.713s] GC(6)   Post Evacuate Collection Set: 1.5ms
[2021-05-26T15:04:47.777+0530][9.713s] GC(6)   Other: 0.4ms
[2021-05-26T15:04:47.777+0530][9.713s] GC(6) Eden regions: 286->0(268)
[2021-05-26T15:04:47.777+0530][9.713s] GC(6) Survivor regions: 21->39(39)
[2021-05-26T15:04:47.777+0530][9.713s] GC(6) Old regions: 7->7
[2021-05-26T15:04:47.777+0530][9.713s] GC(6) Archive regions: 0->0
[2021-05-26T15:04:47.777+0530][9.713s] GC(6) Humongous regions: 4->4
[2021-05-26T15:04:47.777+0530][9.713s] GC(6) Metaspace: 47230K(47816K)->47230K(47816K) NonClass: 41742K(42108K)->41742K(42108K) Class: 5488K(5708K)->5488K(5708K)
[2021-05-26T15:04:47.777+0530][9.713s] GC(6) Pause Young (Normal) (G1 Evacuation Pause) 316M->49M(512M) 24.167ms
[2021-05-26T15:04:47.777+0530][9.714s] GC(6) User=0.25s Sys=0.00s Real=0.02s
[2021-05-26T15:04:48.470+0530][10.406s] GC(7) Pause Young (Normal) (G1 Evacuation Pause)
[2021-05-26T15:04:48.470+0530][10.406s] GC(7) Using 8 workers of 8 for evacuation
[2021-05-26T15:04:48.504+0530][10.440s] GC(7)   Pre Evacuate Collection Set: 0.1ms
[2021-05-26T15:04:48.504+0530][10.440s] GC(7)   Merge Heap Roots: 0.1ms
[2021-05-26T15:04:48.504+0530][10.440s] GC(7)   Evacuate Collection Set: 32.3ms
[2021-05-26T15:04:48.504+0530][10.440s] GC(7)   Post Evacuate Collection Set: 1.3ms
[2021-05-26T15:04:48.504+0530][10.440s] GC(7)   Other: 0.3ms
[2021-05-26T15:04:48.504+0530][10.440s] GC(7) Eden regions: 268->0(268)
[2021-05-26T15:04:48.504+0530][10.440s] GC(7) Survivor regions: 39->39(39)
[2021-05-26T15:04:48.504+0530][10.440s] GC(7) Old regions: 7->29
[2021-05-26T15:04:48.504+0530][10.440s] GC(7) Archive regions: 0->0
[2021-05-26T15:04:48.504+0530][10.440s] GC(7) Humongous regions: 4->4
[2021-05-26T15:04:48.504+0530][10.441s] GC(7) Metaspace: 47763K(48712K)->47763K(48712K) NonClass: 42249K(42876K)->42249K(42876K) Class: 5514K(5836K)->5514K(5836K)
[2021-05-26T15:04:48.504+0530][10.441s] GC(7) Pause Young (Normal) (G1 Evacuation Pause) 317M->71M(512M) 34.669ms
[2021-05-26T15:04:48.504+0530][10.441s] GC(7) User=0.23s Sys=0.00s Real=0.03s
[2021-05-26T15:04:49.403+0530][11.339s] GC(8) Pause Young (Normal) (G1 Evacuation Pause)
[2021-05-26T15:04:49.403+0530][11.339s] GC(8) Using 8 workers of 8 for evacuation
[2021-05-26T15:04:49.440+0530][11.376s] GC(8)   Pre Evacuate Collection Set: 0.2ms
[2021-05-26T15:04:49.440+0530][11.376s] GC(8)   Merge Heap Roots: 0.1ms
[2021-05-26T15:04:49.440+0530][11.376s] GC(8)   Evacuate Collection Set: 35.8ms
[2021-05-26T15:04:49.440+0530][11.376s] GC(8)   Post Evacuate Collection Set: 0.8ms
[2021-05-26T15:04:49.440+0530][11.377s] GC(8)   Other: 0.4ms
[2021-05-26T15:04:49.440+0530][11.377s] GC(8) Eden regions: 268->0(284)
[2021-05-26T15:04:49.440+0530][11.377s] GC(8) Survivor regions: 39->23(39)
[2021-05-26T15:04:49.440+0530][11.377s] GC(8) Old regions: 29->69
[2021-05-26T15:04:49.440+0530][11.377s] GC(8) Archive regions: 0->0
[2021-05-26T15:04:49.441+0530][11.377s] GC(8) Humongous regions: 4->4
[2021-05-26T15:04:49.441+0530][11.377s] GC(8) Metaspace: 48033K(48968K)->48033K(48968K) NonClass: 42517K(43132K)->42517K(43132K) Class: 5516K(5836K)->5516K(5836K)
[2021-05-26T15:04:49.441+0530][11.377s] GC(8) Pause Young (Normal) (G1 Evacuation Pause) 339M->95M(512M) 37.712ms
[2021-05-26T15:04:49.441+0530][11.377s] GC(8) User=0.25s Sys=0.00s Real=0.04s
[2021-05-26T15:05:12.102+0530][34.038s] GC(9) Pause Young (Normal) (G1 Evacuation Pause)
[2021-05-26T15:05:12.102+0530][34.038s] GC(9) Using 8 workers of 8 for evacuation
[2021-05-26T15:05:12.133+0530][34.070s] GC(9)   Pre Evacuate Collection Set: 0.1ms
[2021-05-26T15:05:12.134+0530][34.070s] GC(9)   Merge Heap Roots: 0.1ms
[2021-05-26T15:05:12.134+0530][34.070s] GC(9)   Evacuate Collection Set: 29.9ms
[2021-05-26T15:05:12.134+0530][34.070s] GC(9)   Post Evacuate Collection Set: 1.1ms
[2021-05-26T15:05:12.134+0530][34.070s] GC(9)   Other: 0.3ms
[2021-05-26T15:05:12.134+0530][34.070s] GC(9) Eden regions: 284->0(268)
[2021-05-26T15:05:12.134+0530][34.070s] GC(9) Survivor regions: 23->26(39)
[2021-05-26T15:05:12.134+0530][34.070s] GC(9) Old regions: 69->91
[2021-05-26T15:05:12.134+0530][34.070s] GC(9) Archive regions: 0->0
[2021-05-26T15:05:12.134+0530][34.070s] GC(9) Humongous regions: 7->7
[2021-05-26T15:05:12.134+0530][34.070s] GC(9) Metaspace: 52482K(53448K)->52482K(53448K) NonClass: 46539K(47228K)->46539K(47228K) Class: 5943K(6220K)->5943K(6220K)
[2021-05-26T15:05:12.134+0530][34.070s] GC(9) Pause Young (Normal) (G1 Evacuation Pause) 382M->123M(512M) 32.030ms
[2021-05-26T15:05:12.134+0530][34.070s] GC(9) User=0.23s Sys=0.00s Real=0.03s
[2021-05-26T15:06:19.199+0530][101.135s] GC(10) Pause Young (Normal) (G1 Evacuation Pause)
[2021-05-26T15:06:19.199+0530][101.135s] GC(10) Using 8 workers of 8 for evacuation
[2021-05-26T15:06:19.225+0530][101.161s] GC(10)   Pre Evacuate Collection Set: 0.1ms
[2021-05-26T15:06:19.225+0530][101.161s] GC(10)   Merge Heap Roots: 0.1ms
[2021-05-26T15:06:19.225+0530][101.161s] GC(10)   Evacuate Collection Set: 24.9ms
[2021-05-26T15:06:19.225+0530][101.161s] GC(10)   Post Evacuate Collection Set: 1.0ms
[2021-05-26T15:06:19.225+0530][101.161s] GC(10)   Other: 0.4ms
[2021-05-26T15:06:19.225+0530][101.161s] GC(10) Eden regions: 268->0(268)
[2021-05-26T15:06:19.225+0530][101.161s] GC(10) Survivor regions: 26->15(37)
[2021-05-26T15:06:19.225+0530][101.161s] GC(10) Old regions: 91->109
[2021-05-26T15:06:19.225+0530][101.161s] GC(10) Archive regions: 0->0
[2021-05-26T15:06:19.225+0530][101.161s] GC(10) Humongous regions: 7->7
[2021-05-26T15:06:19.225+0530][101.162s] GC(10) Metaspace: 54950K(56136K)->54950K(56136K) NonClass: 48727K(49532K)->48727K(49532K) Class: 6222K(6604K)->6222K(6604K)
[2021-05-26T15:06:19.225+0530][101.162s] GC(10) Pause Young (Normal) (G1 Evacuation Pause) 391M->131M(512M) 26.961ms
[2021-05-26T15:06:19.225+0530][101.162s] GC(10) User=0.25s Sys=0.00s Real=0.03s
[2021-05-26T15:08:45.153+0530][247.089s] GC(11) Pause Young (Normal) (G1 Evacuation Pause)
[2021-05-26T15:08:45.153+0530][247.089s] GC(11) Using 8 workers of 8 for evacuation
[2021-05-26T15:08:45.161+0530][247.097s] GC(11)   Pre Evacuate Collection Set: 0.2ms
[2021-05-26T15:08:45.161+0530][247.097s] GC(11)   Merge Heap Roots: 0.2ms
[2021-05-26T15:08:45.161+0530][247.097s] GC(11)   Evacuate Collection Set: 5.9ms
[2021-05-26T15:08:45.161+0530][247.097s] GC(11)   Post Evacuate Collection Set: 1.2ms
[2021-05-26T15:08:45.161+0530][247.097s] GC(11)   Other: 0.3ms
[2021-05-26T15:08:45.161+0530][247.097s] GC(11) Eden regions: 268->0(287)
[2021-05-26T15:08:45.161+0530][247.097s] GC(11) Survivor regions: 15->4(36)
[2021-05-26T15:08:45.161+0530][247.097s] GC(11) Old regions: 109->109
[2021-05-26T15:08:45.161+0530][247.098s] GC(11) Archive regions: 0->0
[2021-05-26T15:08:45.161+0530][247.098s] GC(11) Humongous regions: 7->7
[2021-05-26T15:08:45.161+0530][247.098s] GC(11) Metaspace: 55464K(56648K)->55464K(56648K) NonClass: 49205K(50044K)->49205K(50044K) Class: 6258K(6604K)->6258K(6604K)
[2021-05-26T15:08:45.161+0530][247.098s] GC(11) Pause Young (Normal) (G1 Evacuation Pause) 399M->120M(512M) 8.338ms
[2021-05-26T15:08:45.161+0530][247.098s] GC(11) User=0.00s Sys=0.00s Real=0.01s
[2021-05-26T16:15:33.174+0530][4255.111s] Heap
[2021-05-26T16:15:33.174+0530][4255.111s]  garbage-first heap   total 524288K, used 350208K [0x00000000e0000000, 0x0000000100000000)
[2021-05-26T16:15:33.174+0530][4255.111s]   region size 1024K, 227 young (232448K), 4 survivors (4096K)
[2021-05-26T16:15:33.175+0530][4255.111s]  Metaspace       used 56365K, capacity 57250K, committed 57544K, reserved 1099776K
[2021-05-26T16:15:33.175+0530][4255.111s]   class space    used 6287K, capacity 6596K, committed 6732K, reserved 1048576K
