[2021-05-26T14:52:42.940+0530][0.031s] Using G1
[2021-05-26T14:52:43.221+0530][0.312s] Version: 15+36-1562 (release)
[2021-05-26T14:52:43.221+0530][0.312s] CPUs: 8 total, 8 available
[2021-05-26T14:52:43.221+0530][0.312s] Memory: 8043M
[2021-05-26T14:52:43.221+0530][0.312s] Large Page Support: Disabled
[2021-05-26T14:52:43.221+0530][0.312s] NUMA Support: Disabled
[2021-05-26T14:52:43.221+0530][0.312s] Compressed Oops: Enabled (32-bit)
[2021-05-26T14:52:43.221+0530][0.312s] Heap Region Size: 1M
[2021-05-26T14:52:43.221+0530][0.312s] Heap Min Capacity: 512M
[2021-05-26T14:52:43.221+0530][0.312s] Heap Initial Capacity: 512M
[2021-05-26T14:52:43.221+0530][0.312s] Heap Max Capacity: 512M
[2021-05-26T14:52:43.222+0530][0.312s] Pre-touch: Enabled
[2021-05-26T14:52:43.226+0530][0.317s] Parallel Workers: 8
[2021-05-26T14:52:43.226+0530][0.317s] Concurrent Workers: 2
[2021-05-26T14:52:43.226+0530][0.317s] Concurrent Refinement Workers: 8
[2021-05-26T14:52:43.226+0530][0.317s] Periodic GC: Disabled
[2021-05-26T14:52:43.228+0530][0.319s] CDS archive(s) mapped at: [0x0000000800000000-0x0000000800b50000-0x0000000800b50000), size 11862016, SharedBaseAddress: 0x0000000800000000, ArchiveRelocationMode: 0.
[2021-05-26T14:52:43.228+0530][0.319s] Compressed class space mapped at: 0x0000000800b50000-0x0000000840b50000, size: 1073741824
[2021-05-26T14:52:43.228+0530][0.319s] Narrow klass base: 0x0000000800000000, Narrow klass shift: 3, Narrow klass range: 0x100000000
[2021-05-26T14:52:44.173+0530][1.265s] GC(0) Pause Young (Normal) (G1 Evacuation Pause)
[2021-05-26T14:52:44.174+0530][1.265s] GC(0) Using 8 workers of 8 for evacuation
[2021-05-26T14:52:44.177+0530][1.268s] GC(0)   Pre Evacuate Collection Set: 0.1ms
[2021-05-26T14:52:44.177+0530][1.269s] GC(0)   Merge Heap Roots: 0.0ms
[2021-05-26T14:52:44.177+0530][1.269s] GC(0)   Evacuate Collection Set: 2.4ms
[2021-05-26T14:52:44.178+0530][1.269s] GC(0)   Post Evacuate Collection Set: 0.5ms
[2021-05-26T14:52:44.178+0530][1.269s] GC(0)   Other: 1.0ms
[2021-05-26T14:52:44.178+0530][1.269s] GC(0) Eden regions: 29->0(42)
[2021-05-26T14:52:44.178+0530][1.269s] GC(0) Survivor regions: 0->4(4)
[2021-05-26T14:52:44.178+0530][1.269s] GC(0) Old regions: 0->0
[2021-05-26T14:52:44.178+0530][1.269s] GC(0) Archive regions: 0->0
[2021-05-26T14:52:44.178+0530][1.269s] GC(0) Humongous regions: 0->0
[2021-05-26T14:52:44.178+0530][1.269s] GC(0) Metaspace: 6774K(7808K)->6774K(7808K) NonClass: 5998K(6912K)->5998K(6912K) Class: 775K(896K)->775K(896K)
[2021-05-26T14:52:44.178+0530][1.269s] GC(0) Pause Young (Normal) (G1 Evacuation Pause) 29M->3M(512M) 4.440ms
[2021-05-26T14:52:44.178+0530][1.269s] GC(0) User=0.02s Sys=0.02s Real=0.00s
[2021-05-26T14:52:45.080+0530][2.170s] GC(1) Pause Young (Normal) (G1 Evacuation Pause)
[2021-05-26T14:52:45.080+0530][2.170s] GC(1) Using 8 workers of 8 for evacuation
[2021-05-26T14:52:45.088+0530][2.179s] GC(1)   Pre Evacuate Collection Set: 0.1ms
[2021-05-26T14:52:45.088+0530][2.179s] GC(1)   Merge Heap Roots: 0.0ms
[2021-05-26T14:52:45.088+0530][2.179s] GC(1)   Evacuate Collection Set: 7.5ms
[2021-05-26T14:52:45.088+0530][2.179s] GC(1)   Post Evacuate Collection Set: 0.7ms
[2021-05-26T14:52:45.088+0530][2.179s] GC(1)   Other: 0.3ms
[2021-05-26T14:52:45.088+0530][2.179s] GC(1) Eden regions: 42->0(301)
[2021-05-26T14:52:45.088+0530][2.179s] GC(1) Survivor regions: 4->6(6)
[2021-05-26T14:52:45.089+0530][2.179s] GC(1) Old regions: 0->7
[2021-05-26T14:52:45.089+0530][2.179s] GC(1) Archive regions: 0->0
[2021-05-26T14:52:45.089+0530][2.179s] GC(1) Humongous regions: 4->4
[2021-05-26T14:52:45.089+0530][2.179s] GC(1) Metaspace: 15012K(15488K)->15012K(15488K) NonClass: 13281K(13568K)->13281K(13568K) Class: 1730K(1920K)->1730K(1920K)
[2021-05-26T14:52:45.089+0530][2.179s] GC(1) Pause Young (Normal) (G1 Evacuation Pause) 49M->16M(512M) 8.977ms
[2021-05-26T14:52:45.089+0530][2.179s] GC(1) User=0.11s Sys=0.00s Real=0.01s
[2021-05-26T14:52:46.618+0530][3.710s] GC(2) Pause Young (Concurrent Start) (Metadata GC Threshold)
[2021-05-26T14:52:46.618+0530][3.710s] GC(2) Using 8 workers of 8 for evacuation
[2021-05-26T14:52:46.626+0530][3.718s] GC(2)   Pre Evacuate Collection Set: 0.1ms
[2021-05-26T14:52:46.626+0530][3.718s] GC(2)   Merge Heap Roots: 0.1ms
[2021-05-26T14:52:46.626+0530][3.718s] GC(2)   Evacuate Collection Set: 6.5ms
[2021-05-26T14:52:46.626+0530][3.718s] GC(2)   Post Evacuate Collection Set: 0.7ms
[2021-05-26T14:52:46.626+0530][3.718s] GC(2)   Other: 0.5ms
[2021-05-26T14:52:46.626+0530][3.718s] GC(2) Eden regions: 50->0(215)
[2021-05-26T14:52:46.626+0530][3.718s] GC(2) Survivor regions: 6->14(39)
[2021-05-26T14:52:46.626+0530][3.718s] GC(2) Old regions: 7->7
[2021-05-26T14:52:46.626+0530][3.718s] GC(2) Archive regions: 0->0
[2021-05-26T14:52:46.626+0530][3.718s] GC(2) Humongous regions: 4->4
[2021-05-26T14:52:46.626+0530][3.718s] GC(2) Metaspace: 20872K(21296K)->20872K(21296K) NonClass: 18571K(18864K)->18571K(18864K) Class: 2300K(2432K)->2300K(2432K)
[2021-05-26T14:52:46.626+0530][3.718s] GC(2) Pause Young (Concurrent Start) (Metadata GC Threshold) 65M->23M(512M) 8.088ms
[2021-05-26T14:52:46.626+0530][3.718s] GC(2) User=0.00s Sys=0.00s Real=0.01s
[2021-05-26T14:52:46.627+0530][3.718s] GC(3) Concurrent Cycle
[2021-05-26T14:52:46.627+0530][3.718s] GC(3) Concurrent Clear Claimed Marks
[2021-05-26T14:52:46.627+0530][3.718s] GC(3) Concurrent Clear Claimed Marks 0.043ms
[2021-05-26T14:52:46.627+0530][3.718s] GC(3) Concurrent Scan Root Regions
[2021-05-26T14:52:46.631+0530][3.723s] GC(3) Concurrent Scan Root Regions 4.633ms
[2021-05-26T14:52:46.631+0530][3.723s] GC(3) Concurrent Mark (3.723s)
[2021-05-26T14:52:46.631+0530][3.723s] GC(3) Concurrent Mark From Roots
[2021-05-26T14:52:46.631+0530][3.723s] GC(3) Using 2 workers of 2 for marking
[2021-05-26T14:52:46.644+0530][3.736s] GC(3) Concurrent Mark From Roots 12.616ms
[2021-05-26T14:52:46.644+0530][3.736s] GC(3) Concurrent Preclean
[2021-05-26T14:52:46.644+0530][3.736s] GC(3) Concurrent Preclean 0.224ms
[2021-05-26T14:52:46.644+0530][3.736s] GC(3) Concurrent Mark (3.723s, 3.736s) 13.021ms
[2021-05-26T14:52:46.645+0530][3.736s] GC(3) Pause Remark
[2021-05-26T14:52:46.646+0530][3.737s] GC(3) Pause Remark 24M->24M(512M) 1.249ms
[2021-05-26T14:52:46.646+0530][3.737s] GC(3) User=0.13s Sys=0.00s Real=0.00s
[2021-05-26T14:52:46.646+0530][3.738s] GC(3) Concurrent Rebuild Remembered Sets
[2021-05-26T14:52:46.653+0530][3.744s] GC(3) Concurrent Rebuild Remembered Sets 6.449ms
[2021-05-26T14:52:46.653+0530][3.745s] GC(3) Pause Cleanup
[2021-05-26T14:52:46.653+0530][3.745s] GC(3) Pause Cleanup 25M->25M(512M) 0.179ms
[2021-05-26T14:52:46.653+0530][3.745s] GC(3) User=0.00s Sys=0.00s Real=0.00s
[2021-05-26T14:52:46.653+0530][3.745s] GC(3) Concurrent Cleanup for Next Mark
[2021-05-26T14:52:46.655+0530][3.746s] GC(3) Concurrent Cleanup for Next Mark 1.199ms
[2021-05-26T14:52:46.655+0530][3.746s] GC(3) Concurrent Cycle 28.108ms
[2021-05-26T14:52:48.607+0530][5.698s] GC(4) Pause Young (Concurrent Start) (Metadata GC Threshold)
[2021-05-26T14:52:48.607+0530][5.698s] GC(4) Using 8 workers of 8 for evacuation
[2021-05-26T14:52:48.618+0530][5.709s] GC(4)   Pre Evacuate Collection Set: 0.1ms
[2021-05-26T14:52:48.618+0530][5.709s] GC(4)   Merge Heap Roots: 0.1ms
[2021-05-26T14:52:48.618+0530][5.709s] GC(4)   Evacuate Collection Set: 8.5ms
[2021-05-26T14:52:48.618+0530][5.709s] GC(4)   Post Evacuate Collection Set: 1.3ms
[2021-05-26T14:52:48.618+0530][5.709s] GC(4)   Other: 0.3ms
[2021-05-26T14:52:48.618+0530][5.709s] GC(4) Eden regions: 165->0(288)
[2021-05-26T14:52:48.618+0530][5.709s] GC(4) Survivor regions: 14->19(30)
[2021-05-26T14:52:48.618+0530][5.709s] GC(4) Old regions: 7->7
[2021-05-26T14:52:48.618+0530][5.709s] GC(4) Archive regions: 0->0
[2021-05-26T14:52:48.618+0530][5.709s] GC(4) Humongous regions: 4->4
[2021-05-26T14:52:48.618+0530][5.709s] GC(4) Metaspace: 35388K(35888K)->35388K(35888K) NonClass: 31383K(31664K)->31383K(31664K) Class: 4004K(4224K)->4004K(4224K)
[2021-05-26T14:52:48.618+0530][5.709s] GC(4) Pause Young (Concurrent Start) (Metadata GC Threshold) 188M->29M(512M) 10.789ms
[2021-05-26T14:52:48.618+0530][5.709s] GC(4) User=0.13s Sys=0.00s Real=0.01s
[2021-05-26T14:52:48.618+0530][5.709s] GC(5) Concurrent Cycle
[2021-05-26T14:52:48.618+0530][5.709s] GC(5) Concurrent Clear Claimed Marks
[2021-05-26T14:52:48.618+0530][5.709s] GC(5) Concurrent Clear Claimed Marks 0.052ms
[2021-05-26T14:52:48.618+0530][5.710s] GC(5) Concurrent Scan Root Regions
[2021-05-26T14:52:48.625+0530][5.716s] GC(5) Concurrent Scan Root Regions 6.692ms
[2021-05-26T14:52:48.625+0530][5.716s] GC(5) Concurrent Mark (5.716s)
[2021-05-26T14:52:48.625+0530][5.716s] GC(5) Concurrent Mark From Roots
[2021-05-26T14:52:48.625+0530][5.716s] GC(5) Using 2 workers of 2 for marking
[2021-05-26T14:52:48.638+0530][5.729s] GC(5) Concurrent Mark From Roots 12.489ms
[2021-05-26T14:52:48.638+0530][5.729s] GC(5) Concurrent Preclean
[2021-05-26T14:52:48.638+0530][5.729s] GC(5) Concurrent Preclean 0.231ms
[2021-05-26T14:52:48.638+0530][5.729s] GC(5) Concurrent Mark (5.716s, 5.729s) 12.855ms
[2021-05-26T14:52:48.638+0530][5.729s] GC(5) Pause Remark
[2021-05-26T14:52:48.640+0530][5.731s] GC(5) Pause Remark 31M->31M(512M) 1.325ms
[2021-05-26T14:52:48.640+0530][5.731s] GC(5) User=0.00s Sys=0.00s Real=0.00s
[2021-05-26T14:52:48.640+0530][5.731s] GC(5) Concurrent Rebuild Remembered Sets
[2021-05-26T14:52:48.646+0530][5.737s] GC(5) Concurrent Rebuild Remembered Sets 5.979ms
[2021-05-26T14:52:48.646+0530][5.737s] GC(5) Pause Cleanup
[2021-05-26T14:52:48.646+0530][5.737s] GC(5) Pause Cleanup 31M->31M(512M) 0.152ms
[2021-05-26T14:52:48.646+0530][5.737s] GC(5) User=0.00s Sys=0.00s Real=0.00s
[2021-05-26T14:52:48.646+0530][5.737s] GC(5) Concurrent Cleanup for Next Mark
[2021-05-26T14:52:48.647+0530][5.738s] GC(5) Concurrent Cleanup for Next Mark 0.895ms
[2021-05-26T14:52:48.647+0530][5.738s] GC(5) Concurrent Cycle 29.092ms
[2021-05-26T14:52:50.864+0530][7.955s] GC(6) Pause Young (Normal) (G1 Evacuation Pause)
[2021-05-26T14:52:50.864+0530][7.955s] GC(6) Using 8 workers of 8 for evacuation
[2021-05-26T14:52:50.887+0530][7.979s] GC(6)   Pre Evacuate Collection Set: 0.1ms
[2021-05-26T14:52:50.887+0530][7.979s] GC(6)   Merge Heap Roots: 0.1ms
[2021-05-26T14:52:50.888+0530][7.979s] GC(6)   Evacuate Collection Set: 21.6ms
[2021-05-26T14:52:50.888+0530][7.979s] GC(6)   Post Evacuate Collection Set: 1.4ms
[2021-05-26T14:52:50.888+0530][7.979s] GC(6)   Other: 0.3ms
[2021-05-26T14:52:50.888+0530][7.979s] GC(6) Eden regions: 288->0(268)
[2021-05-26T14:52:50.888+0530][7.979s] GC(6) Survivor regions: 19->39(39)
[2021-05-26T14:52:50.888+0530][7.979s] GC(6) Old regions: 7->7
[2021-05-26T14:52:50.888+0530][7.979s] GC(6) Archive regions: 0->0
[2021-05-26T14:52:50.888+0530][7.979s] GC(6) Humongous regions: 5->4
[2021-05-26T14:52:50.888+0530][7.979s] GC(6) Metaspace: 47236K(47920K)->47236K(47920K) NonClass: 41746K(42160K)->41746K(42160K) Class: 5490K(5760K)->5490K(5760K)
[2021-05-26T14:52:50.888+0530][7.979s] GC(6) Pause Young (Normal) (G1 Evacuation Pause) 318M->49M(512M) 23.931ms
[2021-05-26T14:52:50.888+0530][7.979s] GC(6) User=0.25s Sys=0.00s Real=0.02s
[2021-05-26T14:52:51.696+0530][8.787s] GC(7) Pause Young (Normal) (G1 Evacuation Pause)
[2021-05-26T14:52:51.696+0530][8.787s] GC(7) Using 8 workers of 8 for evacuation
[2021-05-26T14:52:51.726+0530][8.817s] GC(7)   Pre Evacuate Collection Set: 0.1ms
[2021-05-26T14:52:51.726+0530][8.817s] GC(7)   Merge Heap Roots: 0.1ms
[2021-05-26T14:52:51.726+0530][8.817s] GC(7)   Evacuate Collection Set: 27.9ms
[2021-05-26T14:52:51.726+0530][8.817s] GC(7)   Post Evacuate Collection Set: 1.5ms
[2021-05-26T14:52:51.726+0530][8.817s] GC(7)   Other: 0.3ms
[2021-05-26T14:52:51.726+0530][8.817s] GC(7) Eden regions: 268->0(268)
[2021-05-26T14:52:51.726+0530][8.817s] GC(7) Survivor regions: 39->39(39)
[2021-05-26T14:52:51.726+0530][8.817s] GC(7) Old regions: 7->30
[2021-05-26T14:52:51.726+0530][8.817s] GC(7) Archive regions: 0->0
[2021-05-26T14:52:51.726+0530][8.817s] GC(7) Humongous regions: 4->4
[2021-05-26T14:52:51.726+0530][8.817s] GC(7) Metaspace: 49304K(50224K)->49304K(50224K) NonClass: 43566K(44208K)->43566K(44208K) Class: 5737K(6016K)->5737K(6016K)
[2021-05-26T14:52:51.726+0530][8.817s] GC(7) Pause Young (Normal) (G1 Evacuation Pause) 317M->72M(512M) 30.425ms
[2021-05-26T14:52:51.726+0530][8.817s] GC(7) User=0.17s Sys=0.02s Real=0.03s
[2021-05-26T14:52:52.373+0530][9.464s] GC(8) Pause Young (Normal) (G1 Evacuation Pause)
[2021-05-26T14:52:52.373+0530][9.465s] GC(8) Using 8 workers of 8 for evacuation
[2021-05-26T14:52:52.401+0530][9.493s] GC(8)   Pre Evacuate Collection Set: 0.1ms
[2021-05-26T14:52:52.402+0530][9.493s] GC(8)   Merge Heap Roots: 0.1ms
[2021-05-26T14:52:52.402+0530][9.493s] GC(8)   Evacuate Collection Set: 26.6ms
[2021-05-26T14:52:52.402+0530][9.493s] GC(8)   Post Evacuate Collection Set: 1.0ms
[2021-05-26T14:52:52.402+0530][9.493s] GC(8)   Other: 0.3ms
[2021-05-26T14:52:52.402+0530][9.493s] GC(8) Eden regions: 268->0(288)
[2021-05-26T14:52:52.402+0530][9.493s] GC(8) Survivor regions: 39->19(39)
[2021-05-26T14:52:52.402+0530][9.493s] GC(8) Old regions: 30->69
[2021-05-26T14:52:52.402+0530][9.493s] GC(8) Archive regions: 0->0
[2021-05-26T14:52:52.402+0530][9.493s] GC(8) Humongous regions: 4->4
[2021-05-26T14:52:52.402+0530][9.493s] GC(8) Metaspace: 49533K(50480K)->49533K(50480K) NonClass: 43793K(44464K)->43793K(44464K) Class: 5740K(6016K)->5740K(6016K)
[2021-05-26T14:52:52.402+0530][9.493s] GC(8) Pause Young (Normal) (G1 Evacuation Pause) 340M->92M(512M) 28.541ms
[2021-05-26T14:52:52.402+0530][9.493s] GC(8) User=0.22s Sys=0.00s Real=0.03s
[2021-05-26T14:55:38.485+0530][175.576s] Heap
[2021-05-26T14:55:38.485+0530][175.576s]  garbage-first heap   total 524288K, used 295936K [0x00000000e0000000, 0x0000000100000000)
[2021-05-26T14:55:38.485+0530][175.576s]   region size 1024K, 218 young (223232K), 19 survivors (19456K)
[2021-05-26T14:55:38.485+0530][175.576s]  Metaspace       used 52263K, capacity 53125K, committed 53424K, reserved 1095680K
[2021-05-26T14:55:38.485+0530][175.576s]   class space    used 6024K, capacity 6299K, committed 6400K, reserved 1048576K
