[2021-05-26T11:49:02.367+0530][0.032s] Using G1
[2021-05-26T11:49:02.640+0530][0.306s] Version: 15+36-1562 (release)
[2021-05-26T11:49:02.640+0530][0.306s] CPUs: 8 total, 8 available
[2021-05-26T11:49:02.640+0530][0.306s] Memory: 8043M
[2021-05-26T11:49:02.640+0530][0.306s] Large Page Support: Disabled
[2021-05-26T11:49:02.640+0530][0.306s] NUMA Support: Disabled
[2021-05-26T11:49:02.640+0530][0.306s] Compressed Oops: Enabled (32-bit)
[2021-05-26T11:49:02.640+0530][0.306s] Heap Region Size: 1M
[2021-05-26T11:49:02.640+0530][0.306s] Heap Min Capacity: 512M
[2021-05-26T11:49:02.640+0530][0.306s] Heap Initial Capacity: 512M
[2021-05-26T11:49:02.640+0530][0.306s] Heap Max Capacity: 512M
[2021-05-26T11:49:02.640+0530][0.306s] Pre-touch: Enabled
[2021-05-26T11:49:02.641+0530][0.307s] Parallel Workers: 8
[2021-05-26T11:49:02.641+0530][0.307s] Concurrent Workers: 2
[2021-05-26T11:49:02.641+0530][0.307s] Concurrent Refinement Workers: 8
[2021-05-26T11:49:02.641+0530][0.307s] Periodic GC: Disabled
[2021-05-26T11:49:02.643+0530][0.309s] CDS archive(s) mapped at: [0x0000000800000000-0x0000000800b50000-0x0000000800b50000), size 11862016, SharedBaseAddress: 0x0000000800000000, ArchiveRelocationMode: 0.
[2021-05-26T11:49:02.643+0530][0.309s] Compressed class space mapped at: 0x0000000800b50000-0x0000000840b50000, size: 1073741824
[2021-05-26T11:49:02.643+0530][0.309s] Narrow klass base: 0x0000000800000000, Narrow klass shift: 3, Narrow klass range: 0x100000000
[2021-05-26T11:49:03.756+0530][1.422s] GC(0) Pause Young (Normal) (G1 Evacuation Pause)
[2021-05-26T11:49:03.757+0530][1.422s] GC(0) Using 8 workers of 8 for evacuation
[2021-05-26T11:49:03.761+0530][1.427s] GC(0)   Pre Evacuate Collection Set: 0.1ms
[2021-05-26T11:49:03.762+0530][1.427s] GC(0)   Merge Heap Roots: 0.1ms
[2021-05-26T11:49:03.762+0530][1.427s] GC(0)   Evacuate Collection Set: 3.6ms
[2021-05-26T11:49:03.762+0530][1.427s] GC(0)   Post Evacuate Collection Set: 0.5ms
[2021-05-26T11:49:03.762+0530][1.427s] GC(0)   Other: 1.0ms
[2021-05-26T11:49:03.762+0530][1.427s] GC(0) Eden regions: 29->0(42)
[2021-05-26T11:49:03.762+0530][1.427s] GC(0) Survivor regions: 0->4(4)
[2021-05-26T11:49:03.762+0530][1.427s] GC(0) Old regions: 0->0
[2021-05-26T11:49:03.762+0530][1.427s] GC(0) Archive regions: 0->0
[2021-05-26T11:49:03.762+0530][1.427s] GC(0) Humongous regions: 0->0
[2021-05-26T11:49:03.762+0530][1.427s] GC(0) Metaspace: 6776K(7808K)->6776K(7808K) NonClass: 6000K(6912K)->6000K(6912K) Class: 775K(896K)->775K(896K)
[2021-05-26T11:49:03.762+0530][1.427s] GC(0) Pause Young (Normal) (G1 Evacuation Pause) 29M->3M(512M) 5.625ms
[2021-05-26T11:49:03.762+0530][1.427s] GC(0) User=0.00s Sys=0.00s Real=0.01s
[2021-05-26T11:49:04.742+0530][2.408s] GC(1) Pause Young (Normal) (G1 Evacuation Pause)
[2021-05-26T11:49:04.742+0530][2.408s] GC(1) Using 8 workers of 8 for evacuation
[2021-05-26T11:49:04.751+0530][2.417s] GC(1)   Pre Evacuate Collection Set: 0.1ms
[2021-05-26T11:49:04.751+0530][2.417s] GC(1)   Merge Heap Roots: 0.0ms
[2021-05-26T11:49:04.751+0530][2.417s] GC(1)   Evacuate Collection Set: 8.4ms
[2021-05-26T11:49:04.751+0530][2.417s] GC(1)   Post Evacuate Collection Set: 0.6ms
[2021-05-26T11:49:04.751+0530][2.417s] GC(1)   Other: 0.2ms
[2021-05-26T11:49:04.751+0530][2.417s] GC(1) Eden regions: 42->0(301)
[2021-05-26T11:49:04.751+0530][2.417s] GC(1) Survivor regions: 4->6(6)
[2021-05-26T11:49:04.751+0530][2.417s] GC(1) Old regions: 0->7
[2021-05-26T11:49:04.751+0530][2.417s] GC(1) Archive regions: 0->0
[2021-05-26T11:49:04.751+0530][2.417s] GC(1) Humongous regions: 4->4
[2021-05-26T11:49:04.752+0530][2.417s] GC(1) Metaspace: 15008K(15488K)->15008K(15488K) NonClass: 13277K(13568K)->13277K(13568K) Class: 1730K(1920K)->1730K(1920K)
[2021-05-26T11:49:04.752+0530][2.417s] GC(1) Pause Young (Normal) (G1 Evacuation Pause) 49M->16M(512M) 9.720ms
[2021-05-26T11:49:04.752+0530][2.417s] GC(1) User=0.00s Sys=0.00s Real=0.01s
[2021-05-26T11:49:06.450+0530][4.115s] GC(2) Pause Young (Concurrent Start) (Metadata GC Threshold)
[2021-05-26T11:49:06.450+0530][4.115s] GC(2) Using 8 workers of 8 for evacuation
[2021-05-26T11:49:06.457+0530][4.122s] GC(2)   Pre Evacuate Collection Set: 0.1ms
[2021-05-26T11:49:06.457+0530][4.122s] GC(2)   Merge Heap Roots: 0.0ms
[2021-05-26T11:49:06.457+0530][4.122s] GC(2)   Evacuate Collection Set: 5.6ms
[2021-05-26T11:49:06.457+0530][4.122s] GC(2)   Post Evacuate Collection Set: 0.8ms
[2021-05-26T11:49:06.457+0530][4.122s] GC(2)   Other: 0.6ms
[2021-05-26T11:49:06.457+0530][4.123s] GC(2) Eden regions: 49->0(215)
[2021-05-26T11:49:06.457+0530][4.123s] GC(2) Survivor regions: 6->14(39)
[2021-05-26T11:49:06.457+0530][4.123s] GC(2) Old regions: 7->7
[2021-05-26T11:49:06.458+0530][4.123s] GC(2) Archive regions: 0->0
[2021-05-26T11:49:06.458+0530][4.123s] GC(2) Humongous regions: 4->4
[2021-05-26T11:49:06.458+0530][4.123s] GC(2) Metaspace: 20886K(21296K)->20886K(21296K) NonClass: 18588K(18864K)->18588K(18864K) Class: 2297K(2432K)->2297K(2432K)
[2021-05-26T11:49:06.458+0530][4.123s] GC(2) Pause Young (Concurrent Start) (Metadata GC Threshold) 65M->23M(512M) 7.650ms
[2021-05-26T11:49:06.458+0530][4.123s] GC(2) User=0.00s Sys=0.00s Real=0.01s
[2021-05-26T11:49:06.458+0530][4.123s] GC(3) Concurrent Cycle
[2021-05-26T11:49:06.458+0530][4.123s] GC(3) Concurrent Clear Claimed Marks
[2021-05-26T11:49:06.458+0530][4.123s] GC(3) Concurrent Clear Claimed Marks 0.044ms
[2021-05-26T11:49:06.458+0530][4.123s] GC(3) Concurrent Scan Root Regions
[2021-05-26T11:49:06.462+0530][4.127s] GC(3) Concurrent Scan Root Regions 4.250ms
[2021-05-26T11:49:06.462+0530][4.127s] GC(3) Concurrent Mark (4.127s)
[2021-05-26T11:49:06.462+0530][4.127s] GC(3) Concurrent Mark From Roots
[2021-05-26T11:49:06.462+0530][4.127s] GC(3) Using 2 workers of 2 for marking
[2021-05-26T11:49:06.475+0530][4.140s] GC(3) Concurrent Mark From Roots 13.144ms
[2021-05-26T11:49:06.476+0530][4.141s] GC(3) Concurrent Preclean
[2021-05-26T11:49:06.476+0530][4.141s] GC(3) Concurrent Preclean 0.351ms
[2021-05-26T11:49:06.476+0530][4.141s] GC(3) Concurrent Mark (4.127s, 4.141s) 13.689ms
[2021-05-26T11:49:06.476+0530][4.141s] GC(3) Pause Remark
[2021-05-26T11:49:06.478+0530][4.143s] GC(3) Pause Remark 25M->25M(512M) 1.575ms
[2021-05-26T11:49:06.478+0530][4.143s] GC(3) User=0.00s Sys=0.00s Real=0.00s
[2021-05-26T11:49:06.478+0530][4.143s] GC(3) Concurrent Rebuild Remembered Sets
[2021-05-26T11:49:06.485+0530][4.150s] GC(3) Concurrent Rebuild Remembered Sets 6.793ms
[2021-05-26T11:49:06.485+0530][4.150s] GC(3) Pause Cleanup
[2021-05-26T11:49:06.485+0530][4.150s] GC(3) Pause Cleanup 26M->26M(512M) 0.156ms
[2021-05-26T11:49:06.485+0530][4.150s] GC(3) User=0.00s Sys=0.00s Real=0.00s
[2021-05-26T11:49:06.485+0530][4.150s] GC(3) Concurrent Cleanup for Next Mark
[2021-05-26T11:49:06.486+0530][4.151s] GC(3) Concurrent Cleanup for Next Mark 0.854ms
[2021-05-26T11:49:06.486+0530][4.151s] GC(3) Concurrent Cycle 28.641ms
[2021-05-26T11:49:08.953+0530][6.619s] GC(4) Pause Young (Concurrent Start) (Metadata GC Threshold)
[2021-05-26T11:49:08.953+0530][6.619s] GC(4) Using 8 workers of 8 for evacuation
[2021-05-26T11:49:08.966+0530][6.632s] GC(4)   Pre Evacuate Collection Set: 0.1ms
[2021-05-26T11:49:08.966+0530][6.632s] GC(4)   Merge Heap Roots: 0.1ms
[2021-05-26T11:49:08.966+0530][6.632s] GC(4)   Evacuate Collection Set: 11.5ms
[2021-05-26T11:49:08.966+0530][6.632s] GC(4)   Post Evacuate Collection Set: 1.1ms
[2021-05-26T11:49:08.966+0530][6.632s] GC(4)   Other: 0.3ms
[2021-05-26T11:49:08.966+0530][6.632s] GC(4) Eden regions: 169->0(286)
[2021-05-26T11:49:08.966+0530][6.632s] GC(4) Survivor regions: 14->21(30)
[2021-05-26T11:49:08.966+0530][6.632s] GC(4) Old regions: 7->7
[2021-05-26T11:49:08.966+0530][6.632s] GC(4) Archive regions: 0->0
[2021-05-26T11:49:08.966+0530][6.632s] GC(4) Humongous regions: 5->4
[2021-05-26T11:49:08.966+0530][6.632s] GC(4) Metaspace: 35832K(36348K)->35832K(36348K) NonClass: 31774K(32124K)->31774K(32124K) Class: 4057K(4224K)->4057K(4224K)
[2021-05-26T11:49:08.966+0530][6.632s] GC(4) Pause Young (Concurrent Start) (Metadata GC Threshold) 193M->30M(512M) 13.532ms
[2021-05-26T11:49:08.966+0530][6.632s] GC(4) User=0.13s Sys=0.00s Real=0.01s
[2021-05-26T11:49:08.966+0530][6.632s] GC(5) Concurrent Cycle
[2021-05-26T11:49:08.967+0530][6.632s] GC(5) Concurrent Clear Claimed Marks
[2021-05-26T11:49:08.967+0530][6.632s] GC(5) Concurrent Clear Claimed Marks 0.153ms
[2021-05-26T11:49:08.967+0530][6.633s] GC(5) Concurrent Scan Root Regions
[2021-05-26T11:49:08.974+0530][6.640s] GC(5) Concurrent Scan Root Regions 7.185ms
[2021-05-26T11:49:08.974+0530][6.640s] GC(5) Concurrent Mark (6.640s)
[2021-05-26T11:49:08.974+0530][6.640s] GC(5) Concurrent Mark From Roots
[2021-05-26T11:49:08.974+0530][6.640s] GC(5) Using 2 workers of 2 for marking
[2021-05-26T11:49:08.986+0530][6.652s] GC(5) Concurrent Mark From Roots 11.792ms
[2021-05-26T11:49:08.986+0530][6.652s] GC(5) Concurrent Preclean
[2021-05-26T11:49:08.986+0530][6.652s] GC(5) Concurrent Preclean 0.253ms
[2021-05-26T11:49:08.986+0530][6.652s] GC(5) Concurrent Mark (6.640s, 6.652s) 12.222ms
[2021-05-26T11:49:08.986+0530][6.652s] GC(5) Pause Remark
[2021-05-26T11:49:08.988+0530][6.654s] GC(5) Pause Remark 32M->32M(512M) 1.743ms
[2021-05-26T11:49:08.988+0530][6.654s] GC(5) User=0.00s Sys=0.00s Real=0.00s
[2021-05-26T11:49:08.988+0530][6.654s] GC(5) Concurrent Rebuild Remembered Sets
[2021-05-26T11:49:08.995+0530][6.661s] GC(5) Concurrent Rebuild Remembered Sets 6.613ms
[2021-05-26T11:49:08.996+0530][6.661s] GC(5) Pause Cleanup
[2021-05-26T11:49:08.996+0530][6.661s] GC(5) Pause Cleanup 32M->32M(512M) 0.200ms
[2021-05-26T11:49:08.996+0530][6.662s] GC(5) User=0.00s Sys=0.00s Real=0.00s
[2021-05-26T11:49:08.996+0530][6.662s] GC(5) Concurrent Cleanup for Next Mark
[2021-05-26T11:49:08.997+0530][6.663s] GC(5) Concurrent Cleanup for Next Mark 0.711ms
[2021-05-26T11:49:08.997+0530][6.663s] GC(5) Concurrent Cycle 30.514ms
[2021-05-26T12:27:19.879+0530][2297.545s] GC(6) Pause Young (Normal) (G1 Evacuation Pause)
[2021-05-26T12:27:19.880+0530][2297.545s] GC(6) Using 8 workers of 8 for evacuation
[2021-05-26T12:27:19.940+0530][2297.605s] GC(6)   Pre Evacuate Collection Set: 0.4ms
[2021-05-26T12:27:19.940+0530][2297.605s] GC(6)   Merge Heap Roots: 0.2ms
[2021-05-26T12:27:19.940+0530][2297.605s] GC(6)   Evacuate Collection Set: 55.8ms
[2021-05-26T12:27:19.940+0530][2297.605s] GC(6)   Post Evacuate Collection Set: 3.0ms
[2021-05-26T12:27:19.940+0530][2297.605s] GC(6)   Other: 1.0ms
[2021-05-26T12:27:19.940+0530][2297.605s] GC(6) Eden regions: 286->0(268)
[2021-05-26T12:27:19.940+0530][2297.606s] GC(6) Survivor regions: 21->39(39)
[2021-05-26T12:27:19.940+0530][2297.606s] GC(6) Old regions: 7->10
[2021-05-26T12:27:19.940+0530][2297.606s] GC(6) Archive regions: 0->0
[2021-05-26T12:27:19.940+0530][2297.606s] GC(6) Humongous regions: 7->7
[2021-05-26T12:27:19.940+0530][2297.606s] GC(6) Metaspace: 53445K(54088K)->53445K(54088K) NonClass: 47326K(47740K)->47326K(47740K) Class: 6118K(6348K)->6118K(6348K)
[2021-05-26T12:27:19.940+0530][2297.606s] GC(6) Pause Young (Normal) (G1 Evacuation Pause) 319M->55M(512M) 60.854ms
[2021-05-26T12:27:19.940+0530][2297.606s] GC(6) User=0.17s Sys=0.23s Real=0.06s
[2021-05-26T12:38:21.900+0530][2959.565s] GC(7) Pause Young (Normal) (G1 Evacuation Pause)
[2021-05-26T12:38:21.900+0530][2959.565s] GC(7) Using 8 workers of 8 for evacuation
[2021-05-26T12:38:21.927+0530][2959.592s] GC(7)   Pre Evacuate Collection Set: 0.1ms
[2021-05-26T12:38:21.927+0530][2959.592s] GC(7)   Merge Heap Roots: 0.1ms
[2021-05-26T12:38:21.927+0530][2959.592s] GC(7)   Evacuate Collection Set: 24.4ms
[2021-05-26T12:38:21.927+0530][2959.592s] GC(7)   Post Evacuate Collection Set: 2.1ms
[2021-05-26T12:38:21.927+0530][2959.592s] GC(7)   Other: 0.3ms
[2021-05-26T12:38:21.927+0530][2959.592s] GC(7) Eden regions: 268->0(298)
[2021-05-26T12:38:21.927+0530][2959.592s] GC(7) Survivor regions: 39->9(39)
[2021-05-26T12:38:21.927+0530][2959.592s] GC(7) Old regions: 10->43
[2021-05-26T12:38:21.927+0530][2959.592s] GC(7) Archive regions: 0->0
[2021-05-26T12:38:21.927+0530][2959.592s] GC(7) Humongous regions: 7->7
[2021-05-26T12:38:21.927+0530][2959.592s] GC(7) Metaspace: 54293K(55240K)->54293K(55240K) NonClass: 48128K(48764K)->48128K(48764K) Class: 6165K(6476K)->6165K(6476K)
[2021-05-26T12:38:21.928+0530][2959.593s] GC(7) Pause Young (Normal) (G1 Evacuation Pause) 323M->58M(512M) 27.382ms
[2021-05-26T12:38:21.928+0530][2959.593s] GC(7) User=0.08s Sys=0.05s Real=0.03s
[2021-05-26T14:04:18.754+0530][8116.427s] GC(8) Pause Young (Normal) (G1 Evacuation Pause)
[2021-05-26T14:04:18.755+0530][8116.428s] GC(8) Using 8 workers of 8 for evacuation
[2021-05-26T14:04:18.781+0530][8116.454s] GC(8)   Pre Evacuate Collection Set: 1.4ms
[2021-05-26T14:04:18.781+0530][8116.454s] GC(8)   Merge Heap Roots: 0.3ms
[2021-05-26T14:04:18.781+0530][8116.454s] GC(8)   Evacuate Collection Set: 21.6ms
[2021-05-26T14:04:18.781+0530][8116.454s] GC(8)   Post Evacuate Collection Set: 1.9ms
[2021-05-26T14:04:18.781+0530][8116.454s] GC(8)   Other: 1.5ms
[2021-05-26T14:04:18.781+0530][8116.454s] GC(8) Eden regions: 298->0(300)
[2021-05-26T14:04:18.781+0530][8116.454s] GC(8) Survivor regions: 9->7(39)
[2021-05-26T14:04:18.781+0530][8116.454s] GC(8) Old regions: 43->43
[2021-05-26T14:04:18.781+0530][8116.454s] GC(8) Archive regions: 0->0
[2021-05-26T14:04:18.781+0530][8116.454s] GC(8) Humongous regions: 7->7
[2021-05-26T14:04:18.781+0530][8116.454s] GC(8) Metaspace: 55095K(56008K)->55095K(56008K) NonClass: 48913K(49532K)->48913K(49532K) Class: 6182K(6476K)->6182K(6476K)
[2021-05-26T14:04:18.782+0530][8116.455s] GC(8) Pause Young (Normal) (G1 Evacuation Pause) 356M->56M(512M) 27.154ms
[2021-05-26T14:04:18.782+0530][8116.455s] GC(8) User=0.02s Sys=0.09s Real=0.03s
[2021-05-26T14:04:44.817+0530][8142.490s] GC(9) Pause Young (Normal) (G1 Evacuation Pause)
[2021-05-26T14:04:44.817+0530][8142.490s] GC(9) Using 8 workers of 8 for evacuation
[2021-05-26T14:04:44.847+0530][8142.521s] GC(9)   Pre Evacuate Collection Set: 0.1ms
[2021-05-26T14:04:44.848+0530][8142.521s] GC(9)   Merge Heap Roots: 0.1ms
[2021-05-26T14:04:44.848+0530][8142.521s] GC(9)   Evacuate Collection Set: 29.3ms
[2021-05-26T14:04:44.848+0530][8142.521s] GC(9)   Post Evacuate Collection Set: 0.8ms
[2021-05-26T14:04:44.848+0530][8142.521s] GC(9)   Other: 0.3ms
[2021-05-26T14:04:44.848+0530][8142.521s] GC(9) Eden regions: 300->0(279)
[2021-05-26T14:04:44.848+0530][8142.521s] GC(9) Survivor regions: 7->28(39)
[2021-05-26T14:04:44.848+0530][8142.521s] GC(9) Old regions: 43->43
[2021-05-26T14:04:44.848+0530][8142.521s] GC(9) Archive regions: 0->0
[2021-05-26T14:04:44.848+0530][8142.521s] GC(9) Humongous regions: 7->7
[2021-05-26T14:04:44.848+0530][8142.521s] GC(9) Metaspace: 55641K(56648K)->55641K(56648K) NonClass: 49434K(50044K)->49434K(50044K) Class: 6207K(6604K)->6207K(6604K)
[2021-05-26T14:04:44.848+0530][8142.521s] GC(9) Pause Young (Normal) (G1 Evacuation Pause) 356M->77M(512M) 30.912ms
[2021-05-26T14:04:44.848+0530][8142.521s] GC(9) User=0.11s Sys=0.08s Real=0.03s
[2021-05-26T14:05:10.595+0530][8168.268s] GC(10) Pause Young (Normal) (G1 Evacuation Pause)
[2021-05-26T14:05:10.595+0530][8168.268s] GC(10) Using 8 workers of 8 for evacuation
[2021-05-26T14:05:10.622+0530][8168.296s] GC(10)   Pre Evacuate Collection Set: 0.1ms
[2021-05-26T14:05:10.622+0530][8168.296s] GC(10)   Merge Heap Roots: 0.1ms
[2021-05-26T14:05:10.622+0530][8168.296s] GC(10)   Evacuate Collection Set: 25.7ms
[2021-05-26T14:05:10.623+0530][8168.296s] GC(10)   Post Evacuate Collection Set: 1.1ms
[2021-05-26T14:05:10.623+0530][8168.296s] GC(10)   Other: 0.3ms
[2021-05-26T14:05:10.623+0530][8168.296s] GC(10) Eden regions: 279->0(283)
[2021-05-26T14:05:10.623+0530][8168.296s] GC(10) Survivor regions: 28->24(39)
[2021-05-26T14:05:10.623+0530][8168.296s] GC(10) Old regions: 43->70
[2021-05-26T14:05:10.623+0530][8168.296s] GC(10) Archive regions: 0->0
[2021-05-26T14:05:10.623+0530][8168.296s] GC(10) Humongous regions: 7->7
[2021-05-26T14:05:10.623+0530][8168.296s] GC(10) Metaspace: 55893K(56904K)->55893K(56904K) NonClass: 49683K(50300K)->49683K(50300K) Class: 6209K(6604K)->6209K(6604K)
[2021-05-26T14:05:10.623+0530][8168.296s] GC(10) Pause Young (Normal) (G1 Evacuation Pause) 356M->100M(512M) 27.620ms
[2021-05-26T14:05:10.623+0530][8168.296s] GC(10) User=0.19s Sys=0.02s Real=0.03s
[2021-05-26T14:06:25.404+0530][8243.077s] GC(11) Pause Young (Normal) (G1 Evacuation Pause)
[2021-05-26T14:06:25.404+0530][8243.077s] GC(11) Using 8 workers of 8 for evacuation
[2021-05-26T14:06:25.435+0530][8243.108s] GC(11)   Pre Evacuate Collection Set: 0.1ms
[2021-05-26T14:06:25.435+0530][8243.108s] GC(11)   Merge Heap Roots: 0.1ms
[2021-05-26T14:06:25.435+0530][8243.108s] GC(11)   Evacuate Collection Set: 30.2ms
[2021-05-26T14:06:25.435+0530][8243.109s] GC(11)   Post Evacuate Collection Set: 1.0ms
[2021-05-26T14:06:25.435+0530][8243.109s] GC(11)   Other: 0.3ms
[2021-05-26T14:06:25.436+0530][8243.109s] GC(11) Eden regions: 283->0(277)
[2021-05-26T14:06:25.436+0530][8243.109s] GC(11) Survivor regions: 24->24(39)
[2021-05-26T14:06:25.436+0530][8243.109s] GC(11) Old regions: 70->93
[2021-05-26T14:06:25.436+0530][8243.109s] GC(11) Archive regions: 0->0
[2021-05-26T14:06:25.436+0530][8243.109s] GC(11) Humongous regions: 7->7
[2021-05-26T14:06:25.436+0530][8243.109s] GC(11) Metaspace: 56535K(57672K)->56535K(57672K) NonClass: 50271K(51068K)->50271K(51068K) Class: 6264K(6604K)->6264K(6604K)
[2021-05-26T14:06:25.436+0530][8243.109s] GC(11) Pause Young (Normal) (G1 Evacuation Pause) 383M->123M(512M) 31.940ms
[2021-05-26T14:06:25.436+0530][8243.109s] GC(11) User=0.17s Sys=0.00s Real=0.03s
[2021-05-26T14:06:39.468+0530][8257.141s] GC(12) Pause Young (Normal) (G1 Evacuation Pause)
[2021-05-26T14:06:39.468+0530][8257.141s] GC(12) Using 8 workers of 8 for evacuation
[2021-05-26T14:06:39.491+0530][8257.163s] GC(12)   Pre Evacuate Collection Set: 0.1ms
[2021-05-26T14:06:39.491+0530][8257.164s] GC(12)   Merge Heap Roots: 0.2ms
[2021-05-26T14:06:39.491+0530][8257.164s] GC(12)   Evacuate Collection Set: 20.9ms
[2021-05-26T14:06:39.491+0530][8257.164s] GC(12)   Post Evacuate Collection Set: 1.1ms
[2021-05-26T14:06:39.491+0530][8257.164s] GC(12)   Other: 0.3ms
[2021-05-26T14:06:39.491+0530][8257.164s] GC(12) Eden regions: 277->0(277)
[2021-05-26T14:06:39.491+0530][8257.164s] GC(12) Survivor regions: 24->9(38)
[2021-05-26T14:06:39.491+0530][8257.164s] GC(12) Old regions: 93->116
[2021-05-26T14:06:39.491+0530][8257.164s] GC(12) Archive regions: 0->0
[2021-05-26T14:06:39.491+0530][8257.164s] GC(12) Humongous regions: 7->7
[2021-05-26T14:06:39.491+0530][8257.164s] GC(12) Metaspace: 56609K(57672K)->56609K(57672K) NonClass: 50345K(51068K)->50345K(51068K) Class: 6264K(6604K)->6264K(6604K)
[2021-05-26T14:06:39.491+0530][8257.164s] GC(12) Pause Young (Normal) (G1 Evacuation Pause) 400M->132M(512M) 22.997ms
[2021-05-26T14:06:39.491+0530][8257.164s] GC(12) User=0.20s Sys=0.00s Real=0.02s
[2021-05-26T14:06:55.979+0530][8273.651s] GC(13) Pause Young (Normal) (G1 Evacuation Pause)
[2021-05-26T14:06:55.979+0530][8273.651s] GC(13) Using 8 workers of 8 for evacuation
[2021-05-26T14:06:55.989+0530][8273.662s] GC(13)   Pre Evacuate Collection Set: 0.1ms
[2021-05-26T14:06:55.989+0530][8273.662s] GC(13)   Merge Heap Roots: 0.1ms
[2021-05-26T14:06:55.989+0530][8273.662s] GC(13)   Evacuate Collection Set: 9.5ms
[2021-05-26T14:06:55.989+0530][8273.662s] GC(13)   Post Evacuate Collection Set: 0.8ms
[2021-05-26T14:06:55.990+0530][8273.662s] GC(13)   Other: 0.3ms
[2021-05-26T14:06:55.990+0530][8273.662s] GC(13) Eden regions: 277->0(277)
[2021-05-26T14:06:55.990+0530][8273.662s] GC(13) Survivor regions: 9->15(36)
[2021-05-26T14:06:55.990+0530][8273.662s] GC(13) Old regions: 116->116
[2021-05-26T14:06:55.990+0530][8273.662s] GC(13) Archive regions: 0->0
[2021-05-26T14:06:55.990+0530][8273.662s] GC(13) Humongous regions: 7->7
[2021-05-26T14:06:55.990+0530][8273.662s] GC(13) Metaspace: 56662K(57672K)->56662K(57672K) NonClass: 50398K(51068K)->50398K(51068K) Class: 6264K(6604K)->6264K(6604K)
[2021-05-26T14:06:55.990+0530][8273.662s] GC(13) Pause Young (Normal) (G1 Evacuation Pause) 409M->137M(512M) 11.084ms
[2021-05-26T14:06:55.990+0530][8273.662s] GC(13) User=0.00s Sys=0.00s Real=0.01s
[2021-05-26T14:07:09.184+0530][8286.857s] GC(14) Pause Young (Normal) (G1 Evacuation Pause)
[2021-05-26T14:07:09.184+0530][8286.857s] GC(14) Using 8 workers of 8 for evacuation
[2021-05-26T14:07:09.197+0530][8286.870s] GC(14)   Pre Evacuate Collection Set: 0.1ms
[2021-05-26T14:07:09.197+0530][8286.870s] GC(14)   Merge Heap Roots: 0.1ms
[2021-05-26T14:07:09.197+0530][8286.870s] GC(14)   Evacuate Collection Set: 11.9ms
[2021-05-26T14:07:09.197+0530][8286.870s] GC(14)   Post Evacuate Collection Set: 0.9ms
[2021-05-26T14:07:09.197+0530][8286.870s] GC(14)   Other: 0.3ms
[2021-05-26T14:07:09.197+0530][8286.870s] GC(14) Eden regions: 277->0(275)
[2021-05-26T14:07:09.197+0530][8286.870s] GC(14) Survivor regions: 15->22(37)
[2021-05-26T14:07:09.197+0530][8286.870s] GC(14) Old regions: 116->116
[2021-05-26T14:07:09.197+0530][8286.870s] GC(14) Archive regions: 0->0
[2021-05-26T14:07:09.197+0530][8286.870s] GC(14) Humongous regions: 7->7
[2021-05-26T14:07:09.197+0530][8286.870s] GC(14) Metaspace: 56754K(57928K)->56754K(57928K) NonClass: 50489K(51324K)->50489K(51324K) Class: 6264K(6604K)->6264K(6604K)
[2021-05-26T14:07:09.197+0530][8286.871s] GC(14) Pause Young (Normal) (G1 Evacuation Pause) 414M->144M(512M) 13.598ms
[2021-05-26T14:07:09.198+0530][8286.871s] GC(14) User=0.09s Sys=0.00s Real=0.01s
[2021-05-26T14:07:21.597+0530][8299.270s] GC(15) Pause Young (Normal) (G1 Evacuation Pause)
[2021-05-26T14:07:21.597+0530][8299.270s] GC(15) Using 8 workers of 8 for evacuation
[2021-05-26T14:07:21.615+0530][8299.288s] GC(15)   Pre Evacuate Collection Set: 0.1ms
[2021-05-26T14:07:21.615+0530][8299.288s] GC(15)   Merge Heap Roots: 0.1ms
[2021-05-26T14:07:21.615+0530][8299.288s] GC(15)   Evacuate Collection Set: 16.3ms
[2021-05-26T14:07:21.615+0530][8299.288s] GC(15)   Post Evacuate Collection Set: 0.7ms
[2021-05-26T14:07:21.615+0530][8299.288s] GC(15)   Other: 0.3ms
[2021-05-26T14:07:21.615+0530][8299.288s] GC(15) Eden regions: 275->0(270)
[2021-05-26T14:07:21.615+0530][8299.288s] GC(15) Survivor regions: 22->24(38)
[2021-05-26T14:07:21.615+0530][8299.288s] GC(15) Old regions: 116->122
[2021-05-26T14:07:21.615+0530][8299.288s] GC(15) Archive regions: 0->0
[2021-05-26T14:07:21.615+0530][8299.288s] GC(15) Humongous regions: 7->7
[2021-05-26T14:07:21.615+0530][8299.288s] GC(15) Metaspace: 56802K(57928K)->56802K(57928K) NonClass: 50537K(51324K)->50537K(51324K) Class: 6264K(6604K)->6264K(6604K)
[2021-05-26T14:07:21.615+0530][8299.288s] GC(15) Pause Young (Normal) (G1 Evacuation Pause) 419M->152M(512M) 17.816ms
[2021-05-26T14:07:21.615+0530][8299.288s] GC(15) User=0.20s Sys=0.00s Real=0.02s
[2021-05-26T14:07:57.868+0530][8335.541s] GC(16) Pause Young (Normal) (G1 Evacuation Pause)
[2021-05-26T14:07:57.868+0530][8335.541s] GC(16) Using 8 workers of 8 for evacuation
[2021-05-26T14:07:57.884+0530][8335.557s] GC(16)   Pre Evacuate Collection Set: 0.1ms
[2021-05-26T14:07:57.884+0530][8335.557s] GC(16)   Merge Heap Roots: 0.1ms
[2021-05-26T14:07:57.884+0530][8335.557s] GC(16)   Evacuate Collection Set: 14.8ms
[2021-05-26T14:07:57.884+0530][8335.557s] GC(16)   Post Evacuate Collection Set: 0.9ms
[2021-05-26T14:07:57.884+0530][8335.557s] GC(16)   Other: 0.3ms
[2021-05-26T14:07:57.884+0530][8335.557s] GC(16) Eden regions: 270->0(266)
[2021-05-26T14:07:57.884+0530][8335.557s] GC(16) Survivor regions: 24->23(37)
[2021-05-26T14:07:57.884+0530][8335.557s] GC(16) Old regions: 122->129
[2021-05-26T14:07:57.884+0530][8335.557s] GC(16) Archive regions: 0->0
[2021-05-26T14:07:57.884+0530][8335.557s] GC(16) Humongous regions: 7->7
[2021-05-26T14:07:57.884+0530][8335.557s] GC(16) Metaspace: 56890K(57928K)->56890K(57928K) NonClass: 50620K(51324K)->50620K(51324K) Class: 6269K(6604K)->6269K(6604K)
[2021-05-26T14:07:57.884+0530][8335.557s] GC(16) Pause Young (Normal) (G1 Evacuation Pause) 422M->158M(512M) 16.328ms
[2021-05-26T14:07:57.884+0530][8335.557s] GC(16) User=0.02s Sys=0.00s Real=0.02s
[2021-05-26T14:08:17.890+0530][8355.562s] GC(17) Pause Young (Normal) (G1 Evacuation Pause)
[2021-05-26T14:08:17.890+0530][8355.562s] GC(17) Using 8 workers of 8 for evacuation
[2021-05-26T14:08:17.921+0530][8355.593s] GC(17)   Pre Evacuate Collection Set: 0.1ms
[2021-05-26T14:08:17.921+0530][8355.593s] GC(17)   Merge Heap Roots: 0.1ms
[2021-05-26T14:08:17.921+0530][8355.594s] GC(17)   Evacuate Collection Set: 29.8ms
[2021-05-26T14:08:17.921+0530][8355.594s] GC(17)   Post Evacuate Collection Set: 1.1ms
[2021-05-26T14:08:17.921+0530][8355.594s] GC(17)   Other: 0.3ms
[2021-05-26T14:08:17.921+0530][8355.594s] GC(17) Eden regions: 266->0(255)
[2021-05-26T14:08:17.921+0530][8355.594s] GC(17) Survivor regions: 23->27(37)
[2021-05-26T14:08:17.921+0530][8355.594s] GC(17) Old regions: 129->136
[2021-05-26T14:08:17.921+0530][8355.594s] GC(17) Archive regions: 0->0
[2021-05-26T14:08:17.921+0530][8355.594s] GC(17) Humongous regions: 7->7
[2021-05-26T14:08:17.921+0530][8355.594s] GC(17) Metaspace: 56905K(57928K)->56905K(57928K) NonClass: 50635K(51324K)->50635K(51324K) Class: 6269K(6604K)->6269K(6604K)
[2021-05-26T14:08:17.921+0530][8355.594s] GC(17) Pause Young (Normal) (G1 Evacuation Pause) 424M->169M(512M) 31.717ms
[2021-05-26T14:08:17.921+0530][8355.594s] GC(17) User=0.09s Sys=0.00s Real=0.03s
[2021-05-26T14:08:32.299+0530][8369.972s] GC(18) Pause Young (Normal) (G1 Evacuation Pause)
[2021-05-26T14:08:32.299+0530][8369.972s] GC(18) Using 8 workers of 8 for evacuation
[2021-05-26T14:08:32.313+0530][8369.986s] GC(18)   Pre Evacuate Collection Set: 0.1ms
[2021-05-26T14:08:32.313+0530][8369.986s] GC(18)   Merge Heap Roots: 0.1ms
[2021-05-26T14:08:32.314+0530][8369.986s] GC(18)   Evacuate Collection Set: 13.0ms
[2021-05-26T14:08:32.314+0530][8369.986s] GC(18)   Post Evacuate Collection Set: 0.7ms
[2021-05-26T14:08:32.314+0530][8369.986s] GC(18)   Other: 0.3ms
[2021-05-26T14:08:32.314+0530][8369.986s] GC(18) Eden regions: 255->0(254)
[2021-05-26T14:08:32.314+0530][8369.986s] GC(18) Survivor regions: 27->16(36)
[2021-05-26T14:08:32.314+0530][8369.986s] GC(18) Old regions: 136->148
[2021-05-26T14:08:32.314+0530][8369.986s] GC(18) Archive regions: 0->0
[2021-05-26T14:08:32.314+0530][8369.987s] GC(18) Humongous regions: 7->7
[2021-05-26T14:08:32.314+0530][8369.987s] GC(18) Metaspace: 56946K(58184K)->56946K(58184K) NonClass: 50677K(51580K)->50677K(51580K) Class: 6269K(6604K)->6269K(6604K)
[2021-05-26T14:08:32.314+0530][8369.987s] GC(18) Pause Young (Normal) (G1 Evacuation Pause) 424M->170M(512M) 14.545ms
[2021-05-26T14:08:32.314+0530][8369.987s] GC(18) User=0.11s Sys=0.02s Real=0.01s
[2021-05-26T14:08:44.597+0530][8382.270s] GC(19) Pause Young (Normal) (G1 Evacuation Pause)
[2021-05-26T14:08:44.597+0530][8382.270s] GC(19) Using 8 workers of 8 for evacuation
[2021-05-26T14:08:44.610+0530][8382.283s] GC(19)   Pre Evacuate Collection Set: 0.1ms
[2021-05-26T14:08:44.610+0530][8382.283s] GC(19)   Merge Heap Roots: 0.1ms
[2021-05-26T14:08:44.610+0530][8382.283s] GC(19)   Evacuate Collection Set: 11.7ms
[2021-05-26T14:08:44.610+0530][8382.283s] GC(19)   Post Evacuate Collection Set: 0.5ms
[2021-05-26T14:08:44.610+0530][8382.283s] GC(19)   Other: 0.3ms
[2021-05-26T14:08:44.610+0530][8382.283s] GC(19) Eden regions: 254->0(249)
[2021-05-26T14:08:44.610+0530][8382.283s] GC(19) Survivor regions: 16->21(34)
[2021-05-26T14:08:44.610+0530][8382.283s] GC(19) Old regions: 148->148
[2021-05-26T14:08:44.610+0530][8382.283s] GC(19) Archive regions: 0->0
[2021-05-26T14:08:44.610+0530][8382.283s] GC(19) Humongous regions: 7->7
[2021-05-26T14:08:44.610+0530][8382.283s] GC(19) Metaspace: 56999K(58184K)->56999K(58184K) NonClass: 50729K(51580K)->50729K(51580K) Class: 6269K(6604K)->6269K(6604K)
[2021-05-26T14:08:44.610+0530][8382.283s] GC(19) Pause Young (Normal) (G1 Evacuation Pause) 424M->175M(512M) 13.033ms
[2021-05-26T14:08:44.610+0530][8382.283s] GC(19) User=0.09s Sys=0.00s Real=0.01s
[2021-05-26T14:09:04.141+0530][8401.814s] GC(20) Pause Young (Normal) (G1 Evacuation Pause)
[2021-05-26T14:09:04.141+0530][8401.814s] GC(20) Using 8 workers of 8 for evacuation
[2021-05-26T14:09:04.154+0530][8401.827s] GC(20)   Pre Evacuate Collection Set: 0.4ms
[2021-05-26T14:09:04.154+0530][8401.827s] GC(20)   Merge Heap Roots: 0.1ms
[2021-05-26T14:09:04.154+0530][8401.827s] GC(20)   Evacuate Collection Set: 11.7ms
[2021-05-26T14:09:04.154+0530][8401.827s] GC(20)   Post Evacuate Collection Set: 0.7ms
[2021-05-26T14:09:04.154+0530][8401.827s] GC(20)   Other: 0.3ms
[2021-05-26T14:09:04.154+0530][8401.827s] GC(20) Eden regions: 249->0(244)
[2021-05-26T14:09:04.154+0530][8401.827s] GC(20) Survivor regions: 21->23(34)
[2021-05-26T14:09:04.154+0530][8401.827s] GC(20) Old regions: 148->152
[2021-05-26T14:09:04.154+0530][8401.827s] GC(20) Archive regions: 0->0
[2021-05-26T14:09:04.154+0530][8401.827s] GC(20) Humongous regions: 7->7
[2021-05-26T14:09:04.154+0530][8401.827s] GC(20) Metaspace: 57103K(58184K)->57103K(58184K) NonClass: 50834K(51580K)->50834K(51580K) Class: 6269K(6604K)->6269K(6604K)
[2021-05-26T14:09:04.154+0530][8401.827s] GC(20) Pause Young (Normal) (G1 Evacuation Pause) 424M->180M(512M) 13.575ms
[2021-05-26T14:09:04.154+0530][8401.827s] GC(20) User=0.09s Sys=0.00s Real=0.01s
[2021-05-26T14:09:22.899+0530][8420.572s] GC(21) Pause Young (Normal) (G1 Evacuation Pause)
[2021-05-26T14:09:22.899+0530][8420.572s] GC(21) Using 8 workers of 8 for evacuation
[2021-05-26T14:09:22.911+0530][8420.584s] GC(21)   Pre Evacuate Collection Set: 0.1ms
[2021-05-26T14:09:22.911+0530][8420.584s] GC(21)   Merge Heap Roots: 0.1ms
[2021-05-26T14:09:22.911+0530][8420.584s] GC(21)   Evacuate Collection Set: 10.6ms
[2021-05-26T14:09:22.911+0530][8420.584s] GC(21)   Post Evacuate Collection Set: 0.6ms
[2021-05-26T14:09:22.911+0530][8420.584s] GC(21)   Other: 0.4ms
[2021-05-26T14:09:22.911+0530][8420.584s] GC(21) Eden regions: 244->0(244)
[2021-05-26T14:09:22.911+0530][8420.584s] GC(21) Survivor regions: 23->21(34)
[2021-05-26T14:09:22.911+0530][8420.584s] GC(21) Old regions: 152->156
[2021-05-26T14:09:22.911+0530][8420.584s] GC(21) Archive regions: 0->0
[2021-05-26T14:09:22.911+0530][8420.584s] GC(21) Humongous regions: 7->7
[2021-05-26T14:09:22.911+0530][8420.584s] GC(21) Metaspace: 57158K(58184K)->57158K(58184K) NonClass: 50888K(51580K)->50888K(51580K) Class: 6269K(6604K)->6269K(6604K)
[2021-05-26T14:09:22.911+0530][8420.584s] GC(21) Pause Young (Normal) (G1 Evacuation Pause) 424M->183M(512M) 11.997ms
[2021-05-26T14:09:22.911+0530][8420.584s] GC(21) User=0.00s Sys=0.00s Real=0.01s
[2021-05-26T14:09:44.493+0530][8442.165s] GC(22) Pause Young (Normal) (G1 Evacuation Pause)
[2021-05-26T14:09:44.493+0530][8442.165s] GC(22) Using 8 workers of 8 for evacuation
[2021-05-26T14:09:44.508+0530][8442.181s] GC(22)   Pre Evacuate Collection Set: 0.1ms
[2021-05-26T14:09:44.509+0530][8442.181s] GC(22)   Merge Heap Roots: 0.1ms
[2021-05-26T14:09:44.509+0530][8442.181s] GC(22)   Evacuate Collection Set: 14.6ms
[2021-05-26T14:09:44.509+0530][8442.181s] GC(22)   Post Evacuate Collection Set: 0.6ms
[2021-05-26T14:09:44.509+0530][8442.181s] GC(22)   Other: 0.4ms
[2021-05-26T14:09:44.509+0530][8442.181s] GC(22) Eden regions: 244->0(239)
[2021-05-26T14:09:44.509+0530][8442.181s] GC(22) Survivor regions: 21->21(34)
[2021-05-26T14:09:44.509+0530][8442.181s] GC(22) Old regions: 156->162
[2021-05-26T14:09:44.509+0530][8442.181s] GC(22) Archive regions: 0->0
[2021-05-26T14:09:44.509+0530][8442.181s] GC(22) Humongous regions: 7->7
[2021-05-26T14:09:44.509+0530][8442.181s] GC(22) Metaspace: 57168K(58184K)->57168K(58184K) NonClass: 50899K(51580K)->50899K(51580K) Class: 6269K(6604K)->6269K(6604K)
[2021-05-26T14:09:44.509+0530][8442.181s] GC(22) Pause Young (Normal) (G1 Evacuation Pause) 427M->189M(512M) 16.107ms
[2021-05-26T14:09:44.509+0530][8442.181s] GC(22) User=0.06s Sys=0.02s Real=0.02s
[2021-05-26T14:10:04.443+0530][8462.116s] GC(23) Pause Young (Normal) (G1 Evacuation Pause)
[2021-05-26T14:10:04.443+0530][8462.116s] GC(23) Using 8 workers of 8 for evacuation
[2021-05-26T14:10:04.463+0530][8462.136s] GC(23)   Pre Evacuate Collection Set: 0.1ms
[2021-05-26T14:10:04.463+0530][8462.136s] GC(23)   Merge Heap Roots: 0.1ms
[2021-05-26T14:10:04.463+0530][8462.136s] GC(23)   Evacuate Collection Set: 18.8ms
[2021-05-26T14:10:04.463+0530][8462.136s] GC(23)   Post Evacuate Collection Set: 0.6ms
[2021-05-26T14:10:04.463+0530][8462.136s] GC(23)   Other: 0.5ms
[2021-05-26T14:10:04.463+0530][8462.136s] GC(23) Eden regions: 239->0(239)
[2021-05-26T14:10:04.463+0530][8462.136s] GC(23) Survivor regions: 21->18(33)
[2021-05-26T14:10:04.463+0530][8462.136s] GC(23) Old regions: 162->168
[2021-05-26T14:10:04.463+0530][8462.136s] GC(23) Archive regions: 0->0
[2021-05-26T14:10:04.463+0530][8462.136s] GC(23) Humongous regions: 7->7
[2021-05-26T14:10:04.464+0530][8462.136s] GC(23) Metaspace: 57227K(58440K)->57227K(58440K) NonClass: 50958K(51836K)->50958K(51836K) Class: 6269K(6604K)->6269K(6604K)
[2021-05-26T14:10:04.464+0530][8462.137s] GC(23) Pause Young (Normal) (G1 Evacuation Pause) 428M->192M(512M) 20.291ms
[2021-05-26T14:10:04.464+0530][8462.137s] GC(23) User=0.03s Sys=0.03s Real=0.02s
[2021-05-26T14:10:25.781+0530][8483.454s] GC(24) Pause Young (Normal) (G1 Evacuation Pause)
[2021-05-26T14:10:25.781+0530][8483.454s] GC(24) Using 8 workers of 8 for evacuation
[2021-05-26T14:10:25.793+0530][8483.466s] GC(24)   Pre Evacuate Collection Set: 0.1ms
[2021-05-26T14:10:25.793+0530][8483.466s] GC(24)   Merge Heap Roots: 0.1ms
[2021-05-26T14:10:25.793+0530][8483.466s] GC(24)   Evacuate Collection Set: 10.6ms
[2021-05-26T14:10:25.793+0530][8483.466s] GC(24)   Post Evacuate Collection Set: 0.6ms
[2021-05-26T14:10:25.793+0530][8483.466s] GC(24)   Other: 0.3ms
[2021-05-26T14:10:25.793+0530][8483.466s] GC(24) Eden regions: 239->0(236)
[2021-05-26T14:10:25.793+0530][8483.466s] GC(24) Survivor regions: 18->23(33)
[2021-05-26T14:10:25.793+0530][8483.466s] GC(24) Old regions: 168->168
[2021-05-26T14:10:25.793+0530][8483.466s] GC(24) Archive regions: 0->0
[2021-05-26T14:10:25.793+0530][8483.466s] GC(24) Humongous regions: 7->7
[2021-05-26T14:10:25.793+0530][8483.466s] GC(24) Metaspace: 57253K(58440K)->57253K(58440K) NonClass: 50983K(51836K)->50983K(51836K) Class: 6269K(6604K)->6269K(6604K)
[2021-05-26T14:10:25.793+0530][8483.466s] GC(24) Pause Young (Normal) (G1 Evacuation Pause) 431M->197M(512M) 12.056ms
[2021-05-26T14:10:25.793+0530][8483.466s] GC(24) User=0.11s Sys=0.00s Real=0.01s
[2021-05-26T14:10:43.275+0530][8500.948s] GC(25) Pause Young (Normal) (G1 Evacuation Pause)
[2021-05-26T14:10:43.275+0530][8500.948s] GC(25) Using 8 workers of 8 for evacuation
[2021-05-26T14:10:43.293+0530][8500.966s] GC(25)   Pre Evacuate Collection Set: 0.1ms
[2021-05-26T14:10:43.293+0530][8500.966s] GC(25)   Merge Heap Roots: 0.1ms
[2021-05-26T14:10:43.293+0530][8500.966s] GC(25)   Evacuate Collection Set: 17.3ms
[2021-05-26T14:10:43.293+0530][8500.966s] GC(25)   Post Evacuate Collection Set: 0.7ms
[2021-05-26T14:10:43.293+0530][8500.966s] GC(25)   Other: 0.3ms
[2021-05-26T14:10:43.293+0530][8500.966s] GC(25) Eden regions: 236->0(234)
[2021-05-26T14:10:43.293+0530][8500.966s] GC(25) Survivor regions: 23->22(33)
[2021-05-26T14:10:43.293+0530][8500.966s] GC(25) Old regions: 168->173
[2021-05-26T14:10:43.293+0530][8500.966s] GC(25) Archive regions: 0->0
[2021-05-26T14:10:43.293+0530][8500.966s] GC(25) Humongous regions: 7->7
[2021-05-26T14:10:43.293+0530][8500.966s] GC(25) Metaspace: 57264K(58440K)->57264K(58440K) NonClass: 50995K(51836K)->50995K(51836K) Class: 6269K(6604K)->6269K(6604K)
[2021-05-26T14:10:43.293+0530][8500.967s] GC(25) Pause Young (Normal) (G1 Evacuation Pause) 433M->201M(512M) 18.810ms
[2021-05-26T14:10:43.294+0530][8500.967s] GC(25) User=0.08s Sys=0.02s Real=0.02s
[2021-05-26T14:13:18.387+0530][8656.060s] GC(26) Pause Young (Normal) (G1 Evacuation Pause)
[2021-05-26T14:13:18.387+0530][8656.060s] GC(26) Using 8 workers of 8 for evacuation
[2021-05-26T14:13:18.401+0530][8656.074s] GC(26)   Pre Evacuate Collection Set: 0.1ms
[2021-05-26T14:13:18.401+0530][8656.074s] GC(26)   Merge Heap Roots: 0.1ms
[2021-05-26T14:13:18.401+0530][8656.074s] GC(26)   Evacuate Collection Set: 12.9ms
[2021-05-26T14:13:18.401+0530][8656.074s] GC(26)   Post Evacuate Collection Set: 0.9ms
[2021-05-26T14:13:18.401+0530][8656.075s] GC(26)   Other: 0.4ms
[2021-05-26T14:13:18.401+0530][8656.075s] GC(26) Eden regions: 234->0(230)
[2021-05-26T14:13:18.401+0530][8656.075s] GC(26) Survivor regions: 22->22(32)
[2021-05-26T14:13:18.401+0530][8656.075s] GC(26) Old regions: 173->178
[2021-05-26T14:13:18.401+0530][8656.075s] GC(26) Archive regions: 0->0
[2021-05-26T14:13:18.401+0530][8656.075s] GC(26) Humongous regions: 7->7
[2021-05-26T14:13:18.402+0530][8656.075s] GC(26) Metaspace: 57339K(58440K)->57339K(58440K) NonClass: 51070K(51836K)->51070K(51836K) Class: 6269K(6604K)->6269K(6604K)
[2021-05-26T14:13:18.402+0530][8656.075s] GC(26) Pause Young (Normal) (G1 Evacuation Pause) 435M->206M(512M) 14.746ms
[2021-05-26T14:13:18.402+0530][8656.075s] GC(26) User=0.11s Sys=0.00s Real=0.01s
[2021-05-26T14:18:40.999+0530][8978.671s] GC(27) Pause Young (Normal) (G1 Evacuation Pause)
[2021-05-26T14:18:40.999+0530][8978.671s] GC(27) Using 8 workers of 8 for evacuation
[2021-05-26T14:18:41.009+0530][8978.682s] GC(27)   Pre Evacuate Collection Set: 0.1ms
[2021-05-26T14:18:41.009+0530][8978.682s] GC(27)   Merge Heap Roots: 0.1ms
[2021-05-26T14:18:41.009+0530][8978.682s] GC(27)   Evacuate Collection Set: 9.2ms
[2021-05-26T14:18:41.009+0530][8978.682s] GC(27)   Post Evacuate Collection Set: 0.8ms
[2021-05-26T14:18:41.009+0530][8978.682s] GC(27)   Other: 0.3ms
[2021-05-26T14:18:41.009+0530][8978.682s] GC(27) Eden regions: 230->0(235)
[2021-05-26T14:18:41.009+0530][8978.682s] GC(27) Survivor regions: 22->17(32)
[2021-05-26T14:18:41.009+0530][8978.682s] GC(27) Old regions: 178->183
[2021-05-26T14:18:41.010+0530][8978.682s] GC(27) Archive regions: 0->0
[2021-05-26T14:18:41.010+0530][8978.682s] GC(27) Humongous regions: 7->7
[2021-05-26T14:18:41.010+0530][8978.682s] GC(27) Metaspace: 57388K(58440K)->57388K(58440K) NonClass: 51118K(51836K)->51118K(51836K) Class: 6270K(6604K)->6270K(6604K)
[2021-05-26T14:18:41.010+0530][8978.682s] GC(27) Pause Young (Normal) (G1 Evacuation Pause) 436M->206M(512M) 10.893ms
[2021-05-26T14:18:41.010+0530][8978.682s] GC(27) User=0.11s Sys=0.00s Real=0.01s
[2021-05-26T14:39:46.079+0530][10243.759s] GC(28) Pause Young (Normal) (G1 Evacuation Pause)
[2021-05-26T14:39:46.079+0530][10243.760s] GC(28) Using 8 workers of 8 for evacuation
[2021-05-26T14:39:46.092+0530][10243.773s] GC(28)   Pre Evacuate Collection Set: 0.1ms
[2021-05-26T14:39:46.093+0530][10243.773s] GC(28)   Merge Heap Roots: 0.1ms
[2021-05-26T14:39:46.093+0530][10243.773s] GC(28)   Evacuate Collection Set: 12.7ms
[2021-05-26T14:39:46.093+0530][10243.774s] GC(28)   Post Evacuate Collection Set: 0.6ms
[2021-05-26T14:39:46.093+0530][10243.774s] GC(28)   Other: 0.6ms
[2021-05-26T14:39:46.093+0530][10243.774s] GC(28) Eden regions: 235->0(214)
[2021-05-26T14:39:46.093+0530][10243.774s] GC(28) Survivor regions: 17->28(32)
[2021-05-26T14:39:46.093+0530][10243.774s] GC(28) Old regions: 183->183
[2021-05-26T14:39:46.093+0530][10243.774s] GC(28) Archive regions: 0->0
[2021-05-26T14:39:46.093+0530][10243.774s] GC(28) Humongous regions: 7->7
[2021-05-26T14:39:46.093+0530][10243.774s] GC(28) Metaspace: 57654K(58696K)->57654K(58696K) NonClass: 51383K(52092K)->51383K(52092K) Class: 6271K(6604K)->6271K(6604K)
[2021-05-26T14:39:46.093+0530][10243.774s] GC(28) Pause Young (Normal) (G1 Evacuation Pause) 441M->217M(512M) 14.367ms
[2021-05-26T14:39:46.093+0530][10243.774s] GC(28) User=0.11s Sys=0.00s Real=0.01s
[2021-05-26T14:39:57.272+0530][10254.953s] GC(29) Pause Young (Normal) (G1 Evacuation Pause)
[2021-05-26T14:39:57.272+0530][10254.953s] GC(29) Using 8 workers of 8 for evacuation
[2021-05-26T14:39:57.285+0530][10254.966s] GC(29)   Pre Evacuate Collection Set: 0.1ms
[2021-05-26T14:39:57.285+0530][10254.966s] GC(29)   Merge Heap Roots: 0.1ms
[2021-05-26T14:39:57.285+0530][10254.966s] GC(29)   Evacuate Collection Set: 11.6ms
[2021-05-26T14:39:57.285+0530][10254.966s] GC(29)   Post Evacuate Collection Set: 0.8ms
[2021-05-26T14:39:57.285+0530][10254.966s] GC(29)   Other: 0.2ms
[2021-05-26T14:39:57.285+0530][10254.966s] GC(29) Eden regions: 214->0(216)
[2021-05-26T14:39:57.285+0530][10254.966s] GC(29) Survivor regions: 28->13(31)
[2021-05-26T14:39:57.285+0530][10254.966s] GC(29) Old regions: 183->199
[2021-05-26T14:39:57.285+0530][10254.966s] GC(29) Archive regions: 0->0
[2021-05-26T14:39:57.285+0530][10254.966s] GC(29) Humongous regions: 7->7
[2021-05-26T14:39:57.285+0530][10254.966s] GC(29) Metaspace: 57662K(58696K)->57662K(58696K) NonClass: 51391K(52092K)->51391K(52092K) Class: 6271K(6604K)->6271K(6604K)
[2021-05-26T14:39:57.285+0530][10254.966s] GC(29) Pause Young (Normal) (G1 Evacuation Pause) 431M->218M(512M) 12.953ms
[2021-05-26T14:39:57.285+0530][10254.966s] GC(29) User=0.00s Sys=0.00s Real=0.01s
[2021-05-26T14:40:09.930+0530][10267.611s] GC(30) Pause Young (Normal) (G1 Evacuation Pause)
[2021-05-26T14:40:09.930+0530][10267.611s] GC(30) Using 8 workers of 8 for evacuation
[2021-05-26T14:40:09.936+0530][10267.617s] GC(30)   Pre Evacuate Collection Set: 0.1ms
[2021-05-26T14:40:09.936+0530][10267.617s] GC(30)   Merge Heap Roots: 0.1ms
[2021-05-26T14:40:09.936+0530][10267.617s] GC(30)   Evacuate Collection Set: 4.9ms
[2021-05-26T14:40:09.937+0530][10267.617s] GC(30)   Post Evacuate Collection Set: 0.7ms
[2021-05-26T14:40:09.937+0530][10267.617s] GC(30)   Other: 0.3ms
[2021-05-26T14:40:09.937+0530][10267.617s] GC(30) Eden regions: 216->0(214)
[2021-05-26T14:40:09.937+0530][10267.617s] GC(30) Survivor regions: 13->13(29)
[2021-05-26T14:40:09.937+0530][10267.617s] GC(30) Old regions: 199->199
[2021-05-26T14:40:09.937+0530][10267.617s] GC(30) Archive regions: 0->0
[2021-05-26T14:40:09.937+0530][10267.617s] GC(30) Humongous regions: 7->7
[2021-05-26T14:40:09.937+0530][10267.617s] GC(30) Metaspace: 57672K(58696K)->57672K(58696K) NonClass: 51401K(52092K)->51401K(52092K) Class: 6271K(6604K)->6271K(6604K)
[2021-05-26T14:40:09.937+0530][10267.617s] GC(30) Pause Young (Normal) (G1 Evacuation Pause) 434M->218M(512M) 6.359ms
[2021-05-26T14:40:09.937+0530][10267.618s] GC(30) User=0.00s Sys=0.00s Real=0.01s
[2021-05-26T14:40:20.997+0530][10278.678s] GC(31) Pause Young (Normal) (G1 Evacuation Pause)
[2021-05-26T14:40:20.997+0530][10278.678s] GC(31) Using 8 workers of 8 for evacuation
[2021-05-26T14:40:21.005+0530][10278.686s] GC(31)   Pre Evacuate Collection Set: 0.3ms
[2021-05-26T14:40:21.005+0530][10278.686s] GC(31)   Merge Heap Roots: 0.2ms
[2021-05-26T14:40:21.005+0530][10278.686s] GC(31)   Evacuate Collection Set: 6.6ms
[2021-05-26T14:40:21.005+0530][10278.686s] GC(31)   Post Evacuate Collection Set: 0.6ms
[2021-05-26T14:40:21.005+0530][10278.686s] GC(31)   Other: 0.3ms
[2021-05-26T14:40:21.005+0530][10278.686s] GC(31) Eden regions: 214->0(211)
[2021-05-26T14:40:21.005+0530][10278.686s] GC(31) Survivor regions: 13->14(29)
[2021-05-26T14:40:21.005+0530][10278.686s] GC(31) Old regions: 199->199
[2021-05-26T14:40:21.005+0530][10278.686s] GC(31) Archive regions: 0->0
[2021-05-26T14:40:21.005+0530][10278.686s] GC(31) Humongous regions: 7->7
[2021-05-26T14:40:21.005+0530][10278.686s] GC(31) Metaspace: 57682K(58696K)->57682K(58696K) NonClass: 51411K(52092K)->51411K(52092K) Class: 6271K(6604K)->6271K(6604K)
[2021-05-26T14:40:21.005+0530][10278.686s] GC(31) Pause Young (Normal) (G1 Evacuation Pause) 432M->218M(512M) 8.331ms
[2021-05-26T14:40:21.005+0530][10278.686s] GC(31) User=0.00s Sys=0.00s Real=0.01s
[2021-05-26T14:40:32.855+0530][10290.536s] GC(32) Pause Young (Normal) (G1 Evacuation Pause)
[2021-05-26T14:40:32.855+0530][10290.536s] GC(32) Using 8 workers of 8 for evacuation
[2021-05-26T14:40:32.864+0530][10290.544s] GC(32)   Pre Evacuate Collection Set: 0.2ms
[2021-05-26T14:40:32.864+0530][10290.544s] GC(32)   Merge Heap Roots: 0.1ms
[2021-05-26T14:40:32.864+0530][10290.544s] GC(32)   Evacuate Collection Set: 6.9ms
[2021-05-26T14:40:32.864+0530][10290.544s] GC(32)   Post Evacuate Collection Set: 0.9ms
[2021-05-26T14:40:32.864+0530][10290.544s] GC(32)   Other: 0.3ms
[2021-05-26T14:40:32.864+0530][10290.544s] GC(32) Eden regions: 211->0(209)
[2021-05-26T14:40:32.864+0530][10290.544s] GC(32) Survivor regions: 14->14(29)
[2021-05-26T14:40:32.864+0530][10290.544s] GC(32) Old regions: 199->199
[2021-05-26T14:40:32.864+0530][10290.544s] GC(32) Archive regions: 0->0
[2021-05-26T14:40:32.864+0530][10290.544s] GC(32) Humongous regions: 7->7
[2021-05-26T14:40:32.864+0530][10290.544s] GC(32) Metaspace: 57702K(58696K)->57702K(58696K) NonClass: 51431K(52092K)->51431K(52092K) Class: 6271K(6604K)->6271K(6604K)
[2021-05-26T14:40:32.864+0530][10290.544s] GC(32) Pause Young (Normal) (G1 Evacuation Pause) 429M->219M(512M) 8.712ms
[2021-05-26T14:40:32.864+0530][10290.544s] GC(32) User=0.00s Sys=0.00s Real=0.01s
[2021-05-26T14:40:44.161+0530][10301.842s] GC(33) Pause Young (Normal) (G1 Evacuation Pause)
[2021-05-26T14:40:44.161+0530][10301.842s] GC(33) Using 8 workers of 8 for evacuation
[2021-05-26T14:40:44.168+0530][10301.849s] GC(33)   Pre Evacuate Collection Set: 0.1ms
[2021-05-26T14:40:44.168+0530][10301.849s] GC(33)   Merge Heap Roots: 0.1ms
[2021-05-26T14:40:44.168+0530][10301.849s] GC(33)   Evacuate Collection Set: 5.7ms
[2021-05-26T14:40:44.168+0530][10301.849s] GC(33)   Post Evacuate Collection Set: 0.6ms
[2021-05-26T14:40:44.168+0530][10301.849s] GC(33)   Other: 0.3ms
[2021-05-26T14:40:44.168+0530][10301.849s] GC(33) Eden regions: 209->0(208)
[2021-05-26T14:40:44.168+0530][10301.849s] GC(33) Survivor regions: 14->14(28)
[2021-05-26T14:40:44.168+0530][10301.849s] GC(33) Old regions: 199->199
[2021-05-26T14:40:44.168+0530][10301.849s] GC(33) Archive regions: 0->0
[2021-05-26T14:40:44.168+0530][10301.849s] GC(33) Humongous regions: 7->7
[2021-05-26T14:40:44.168+0530][10301.849s] GC(33) Metaspace: 57709K(58696K)->57709K(58696K) NonClass: 51438K(52092K)->51438K(52092K) Class: 6271K(6604K)->6271K(6604K)
[2021-05-26T14:40:44.168+0530][10301.849s] GC(33) Pause Young (Normal) (G1 Evacuation Pause) 428M->218M(512M) 7.155ms
[2021-05-26T14:40:44.168+0530][10301.849s] GC(33) User=0.11s Sys=0.00s Real=0.01s
[2021-05-26T14:40:51.190+0530][10308.871s] GC(34) Pause Young (Normal) (G1 Evacuation Pause)
[2021-05-26T14:40:51.190+0530][10308.871s] GC(34) Using 8 workers of 8 for evacuation
[2021-05-26T14:40:51.197+0530][10308.878s] GC(34)   Pre Evacuate Collection Set: 0.1ms
[2021-05-26T14:40:51.197+0530][10308.878s] GC(34)   Merge Heap Roots: 0.0ms
[2021-05-26T14:40:51.197+0530][10308.878s] GC(34)   Evacuate Collection Set: 5.9ms
[2021-05-26T14:40:51.197+0530][10308.878s] GC(34)   Post Evacuate Collection Set: 0.7ms
[2021-05-26T14:40:51.197+0530][10308.878s] GC(34)   Other: 0.3ms
[2021-05-26T14:40:51.197+0530][10308.878s] GC(34) Eden regions: 208->0(209)
[2021-05-26T14:40:51.197+0530][10308.878s] GC(34) Survivor regions: 14->13(28)
[2021-05-26T14:40:51.197+0530][10308.878s] GC(34) Old regions: 199->199
[2021-05-26T14:40:51.197+0530][10308.878s] GC(34) Archive regions: 0->0
[2021-05-26T14:40:51.197+0530][10308.878s] GC(34) Humongous regions: 7->7
[2021-05-26T14:40:51.197+0530][10308.878s] GC(34) Metaspace: 57711K(58696K)->57711K(58696K) NonClass: 51440K(52092K)->51440K(52092K) Class: 6271K(6604K)->6271K(6604K)
[2021-05-26T14:40:51.197+0530][10308.878s] GC(34) Pause Young (Normal) (G1 Evacuation Pause) 426M->217M(512M) 7.398ms
[2021-05-26T14:40:51.197+0530][10308.878s] GC(34) User=0.11s Sys=0.00s Real=0.01s
[2021-05-26T14:48:12.570+0530][10750.251s] Heap
[2021-05-26T14:48:12.570+0530][10750.252s]  garbage-first heap   total 524288K, used 362856K [0x00000000e0000000, 0x0000000100000000)
[2021-05-26T14:48:12.570+0530][10750.252s]   region size 1024K, 152 young (155648K), 13 survivors (13312K)
[2021-05-26T14:48:12.570+0530][10750.252s]  Metaspace       used 58037K, capacity 58919K, committed 58952K, reserved 1101824K
[2021-05-26T14:48:12.570+0530][10750.252s]   class space    used 6289K, capacity 6582K, committed 6604K, reserved 1048576K
