[2021-05-26T10:17:48.297+0530][0.039s] Using G1
[2021-05-26T10:17:48.595+0530][0.338s] Version: 15+36-1562 (release)
[2021-05-26T10:17:48.595+0530][0.338s] CPUs: 8 total, 8 available
[2021-05-26T10:17:48.595+0530][0.338s] Memory: 8043M
[2021-05-26T10:17:48.595+0530][0.338s] Large Page Support: Disabled
[2021-05-26T10:17:48.596+0530][0.338s] NUMA Support: Disabled
[2021-05-26T10:17:48.596+0530][0.338s] Compressed Oops: Enabled (32-bit)
[2021-05-26T10:17:48.596+0530][0.338s] Heap Region Size: 1M
[2021-05-26T10:17:48.596+0530][0.338s] Heap Min Capacity: 512M
[2021-05-26T10:17:48.596+0530][0.338s] Heap Initial Capacity: 512M
[2021-05-26T10:17:48.596+0530][0.338s] Heap Max Capacity: 512M
[2021-05-26T10:17:48.596+0530][0.338s] Pre-touch: Enabled
[2021-05-26T10:17:48.600+0530][0.343s] Parallel Workers: 8
[2021-05-26T10:17:48.600+0530][0.343s] Concurrent Workers: 2
[2021-05-26T10:17:48.600+0530][0.343s] Concurrent Refinement Workers: 8
[2021-05-26T10:17:48.600+0530][0.343s] Periodic GC: Disabled
[2021-05-26T10:17:48.603+0530][0.345s] CDS archive(s) mapped at: [0x0000000800000000-0x0000000800b50000-0x0000000800b50000), size 11862016, SharedBaseAddress: 0x0000000800000000, ArchiveRelocationMode: 0.
[2021-05-26T10:17:48.603+0530][0.345s] Compressed class space mapped at: 0x0000000800b50000-0x0000000840b50000, size: 1073741824
[2021-05-26T10:17:48.603+0530][0.345s] Narrow klass base: 0x0000000800000000, Narrow klass shift: 3, Narrow klass range: 0x100000000
[2021-05-26T10:17:49.831+0530][1.573s] GC(0) Pause Young (Normal) (G1 Evacuation Pause)
[2021-05-26T10:17:49.831+0530][1.574s] GC(0) Using 8 workers of 8 for evacuation
[2021-05-26T10:17:49.835+0530][1.578s] GC(0)   Pre Evacuate Collection Set: 0.1ms
[2021-05-26T10:17:49.835+0530][1.578s] GC(0)   Merge Heap Roots: 0.0ms
[2021-05-26T10:17:49.835+0530][1.578s] GC(0)   Evacuate Collection Set: 2.9ms
[2021-05-26T10:17:49.835+0530][1.578s] GC(0)   Post Evacuate Collection Set: 0.5ms
[2021-05-26T10:17:49.835+0530][1.578s] GC(0)   Other: 1.1ms
[2021-05-26T10:17:49.835+0530][1.578s] GC(0) Eden regions: 29->0(42)
[2021-05-26T10:17:49.836+0530][1.578s] GC(0) Survivor regions: 0->4(4)
[2021-05-26T10:17:49.836+0530][1.578s] GC(0) Old regions: 0->0
[2021-05-26T10:17:49.836+0530][1.578s] GC(0) Archive regions: 0->0
[2021-05-26T10:17:49.836+0530][1.578s] GC(0) Humongous regions: 0->0
[2021-05-26T10:17:49.836+0530][1.578s] GC(0) Metaspace: 6789K(7808K)->6789K(7808K) NonClass: 6013K(6912K)->6013K(6912K) Class: 775K(896K)->775K(896K)
[2021-05-26T10:17:49.836+0530][1.578s] GC(0) Pause Young (Normal) (G1 Evacuation Pause) 29M->3M(512M) 5.142ms
[2021-05-26T10:17:49.836+0530][1.578s] GC(0) User=0.13s Sys=0.00s Real=0.00s
[2021-05-26T10:17:50.874+0530][2.616s] GC(1) Pause Young (Normal) (G1 Evacuation Pause)
[2021-05-26T10:17:50.874+0530][2.616s] GC(1) Using 8 workers of 8 for evacuation
[2021-05-26T10:17:50.884+0530][2.627s] GC(1)   Pre Evacuate Collection Set: 0.1ms
[2021-05-26T10:17:50.884+0530][2.627s] GC(1)   Merge Heap Roots: 0.1ms
[2021-05-26T10:17:50.884+0530][2.627s] GC(1)   Evacuate Collection Set: 9.6ms
[2021-05-26T10:17:50.884+0530][2.627s] GC(1)   Post Evacuate Collection Set: 0.7ms
[2021-05-26T10:17:50.885+0530][2.627s] GC(1)   Other: 0.2ms
[2021-05-26T10:17:50.885+0530][2.627s] GC(1) Eden regions: 42->0(301)
[2021-05-26T10:17:50.885+0530][2.627s] GC(1) Survivor regions: 4->6(6)
[2021-05-26T10:17:50.885+0530][2.627s] GC(1) Old regions: 0->7
[2021-05-26T10:17:50.885+0530][2.627s] GC(1) Archive regions: 0->0
[2021-05-26T10:17:50.885+0530][2.627s] GC(1) Humongous regions: 4->4
[2021-05-26T10:17:50.885+0530][2.627s] GC(1) Metaspace: 15002K(15488K)->15002K(15488K) NonClass: 13273K(13568K)->13273K(13568K) Class: 1729K(1920K)->1729K(1920K)
[2021-05-26T10:17:50.885+0530][2.627s] GC(1) Pause Young (Normal) (G1 Evacuation Pause) 49M->16M(512M) 11.211ms
[2021-05-26T10:17:50.885+0530][2.627s] GC(1) User=0.11s Sys=0.00s Real=0.01s
[2021-05-26T10:17:52.551+0530][4.293s] GC(2) Pause Young (Concurrent Start) (Metadata GC Threshold)
[2021-05-26T10:17:52.551+0530][4.293s] GC(2) Using 8 workers of 8 for evacuation
[2021-05-26T10:17:52.559+0530][4.301s] GC(2)   Pre Evacuate Collection Set: 0.1ms
[2021-05-26T10:17:52.559+0530][4.301s] GC(2)   Merge Heap Roots: 0.0ms
[2021-05-26T10:17:52.559+0530][4.301s] GC(2)   Evacuate Collection Set: 6.8ms
[2021-05-26T10:17:52.559+0530][4.301s] GC(2)   Post Evacuate Collection Set: 0.9ms
[2021-05-26T10:17:52.559+0530][4.301s] GC(2)   Other: 0.4ms
[2021-05-26T10:17:52.559+0530][4.302s] GC(2) Eden regions: 50->0(247)
[2021-05-26T10:17:52.559+0530][4.302s] GC(2) Survivor regions: 6->14(39)
[2021-05-26T10:17:52.559+0530][4.302s] GC(2) Old regions: 7->7
[2021-05-26T10:17:52.559+0530][4.302s] GC(2) Archive regions: 0->0
[2021-05-26T10:17:52.559+0530][4.302s] GC(2) Humongous regions: 4->4
[2021-05-26T10:17:52.559+0530][4.302s] GC(2) Metaspace: 20865K(21296K)->20865K(21296K) NonClass: 18568K(18864K)->18568K(18864K) Class: 2296K(2432K)->2296K(2432K)
[2021-05-26T10:17:52.560+0530][4.302s] GC(2) Pause Young (Concurrent Start) (Metadata GC Threshold) 65M->23M(512M) 8.737ms
[2021-05-26T10:17:52.560+0530][4.302s] GC(2) User=0.11s Sys=0.00s Real=0.01s
[2021-05-26T10:17:52.560+0530][4.302s] GC(3) Concurrent Cycle
[2021-05-26T10:17:52.560+0530][4.302s] GC(3) Concurrent Clear Claimed Marks
[2021-05-26T10:17:52.560+0530][4.302s] GC(3) Concurrent Clear Claimed Marks 0.049ms
[2021-05-26T10:17:52.560+0530][4.302s] GC(3) Concurrent Scan Root Regions
[2021-05-26T10:17:52.565+0530][4.307s] GC(3) Concurrent Scan Root Regions 5.123ms
[2021-05-26T10:17:52.565+0530][4.307s] GC(3) Concurrent Mark (4.307s)
[2021-05-26T10:17:52.565+0530][4.307s] GC(3) Concurrent Mark From Roots
[2021-05-26T10:17:52.565+0530][4.307s] GC(3) Using 2 workers of 2 for marking
[2021-05-26T10:17:52.579+0530][4.321s] GC(3) Concurrent Mark From Roots 14.199ms
[2021-05-26T10:17:52.579+0530][4.322s] GC(3) Concurrent Preclean
[2021-05-26T10:17:52.580+0530][4.322s] GC(3) Concurrent Preclean 0.253ms
[2021-05-26T10:17:52.580+0530][4.322s] GC(3) Concurrent Mark (4.307s, 4.322s) 14.607ms
[2021-05-26T10:17:52.580+0530][4.322s] GC(3) Pause Remark
[2021-05-26T10:17:52.581+0530][4.323s] GC(3) Pause Remark 24M->24M(512M) 1.436ms
[2021-05-26T10:17:52.581+0530][4.324s] GC(3) User=0.00s Sys=0.00s Real=0.00s
[2021-05-26T10:17:52.581+0530][4.324s] GC(3) Concurrent Rebuild Remembered Sets
[2021-05-26T10:17:52.589+0530][4.331s] GC(3) Concurrent Rebuild Remembered Sets 7.301ms
[2021-05-26T10:17:52.589+0530][4.332s] GC(3) Pause Cleanup
[2021-05-26T10:17:52.590+0530][4.332s] GC(3) Pause Cleanup 25M->25M(512M) 0.151ms
[2021-05-26T10:17:52.590+0530][4.332s] GC(3) User=0.00s Sys=0.00s Real=0.00s
[2021-05-26T10:17:52.590+0530][4.332s] GC(3) Concurrent Cleanup for Next Mark
[2021-05-26T10:17:52.590+0530][4.333s] GC(3) Concurrent Cleanup for Next Mark 0.769ms
[2021-05-26T10:17:52.591+0530][4.333s] GC(3) Concurrent Cycle 30.824ms
[2021-05-26T10:17:55.334+0530][7.077s] GC(4) Pause Young (Concurrent Start) (Metadata GC Threshold)
[2021-05-26T10:17:55.334+0530][7.077s] GC(4) Using 8 workers of 8 for evacuation
[2021-05-26T10:17:55.348+0530][7.091s] GC(4)   Pre Evacuate Collection Set: 0.1ms
[2021-05-26T10:17:55.348+0530][7.091s] GC(4)   Merge Heap Roots: 0.1ms
[2021-05-26T10:17:55.348+0530][7.091s] GC(4)   Evacuate Collection Set: 11.8ms
[2021-05-26T10:17:55.348+0530][7.091s] GC(4)   Post Evacuate Collection Set: 1.2ms
[2021-05-26T10:17:55.348+0530][7.091s] GC(4)   Other: 0.5ms
[2021-05-26T10:17:55.348+0530][7.091s] GC(4) Eden regions: 172->0(286)
[2021-05-26T10:17:55.348+0530][7.091s] GC(4) Survivor regions: 14->21(34)
[2021-05-26T10:17:55.348+0530][7.091s] GC(4) Old regions: 7->7
[2021-05-26T10:17:55.348+0530][7.091s] GC(4) Archive regions: 0->0
[2021-05-26T10:17:55.348+0530][7.091s] GC(4) Humongous regions: 5->4
[2021-05-26T10:17:55.348+0530][7.091s] GC(4) Metaspace: 35853K(36348K)->35853K(36348K) NonClass: 31794K(32124K)->31794K(32124K) Class: 4058K(4224K)->4058K(4224K)
[2021-05-26T10:17:55.349+0530][7.091s] GC(4) Pause Young (Concurrent Start) (Metadata GC Threshold) 195M->30M(512M) 14.150ms
[2021-05-26T10:17:55.349+0530][7.091s] GC(4) User=0.00s Sys=0.00s Real=0.01s
[2021-05-26T10:17:55.349+0530][7.092s] GC(5) Concurrent Cycle
[2021-05-26T10:17:55.349+0530][7.092s] GC(5) Concurrent Clear Claimed Marks
[2021-05-26T10:17:55.349+0530][7.092s] GC(5) Concurrent Clear Claimed Marks 0.062ms
[2021-05-26T10:17:55.349+0530][7.092s] GC(5) Concurrent Scan Root Regions
[2021-05-26T10:17:55.360+0530][7.102s] GC(5) Concurrent Scan Root Regions 10.573ms
[2021-05-26T10:17:55.360+0530][7.102s] GC(5) Concurrent Mark (7.102s)
[2021-05-26T10:17:55.360+0530][7.102s] GC(5) Concurrent Mark From Roots
[2021-05-26T10:17:55.360+0530][7.102s] GC(5) Using 2 workers of 2 for marking
[2021-05-26T10:17:55.375+0530][7.117s] GC(5) Concurrent Mark From Roots 14.939ms
[2021-05-26T10:17:55.375+0530][7.117s] GC(5) Concurrent Preclean
[2021-05-26T10:17:55.375+0530][7.118s] GC(5) Concurrent Preclean 0.253ms
[2021-05-26T10:17:55.375+0530][7.118s] GC(5) Concurrent Mark (7.102s, 7.118s) 15.370ms
[2021-05-26T10:17:55.375+0530][7.118s] GC(5) Pause Remark
[2021-05-26T10:17:55.378+0530][7.120s] GC(5) Pause Remark 33M->33M(512M) 2.123ms
[2021-05-26T10:17:55.378+0530][7.120s] GC(5) User=0.00s Sys=0.00s Real=0.00s
[2021-05-26T10:17:55.378+0530][7.120s] GC(5) Concurrent Rebuild Remembered Sets
[2021-05-26T10:17:55.385+0530][7.127s] GC(5) Concurrent Rebuild Remembered Sets 7.070ms
[2021-05-26T10:17:55.385+0530][7.128s] GC(5) Pause Cleanup
[2021-05-26T10:17:55.385+0530][7.128s] GC(5) Pause Cleanup 33M->33M(512M) 0.161ms
[2021-05-26T10:17:55.385+0530][7.128s] GC(5) User=0.00s Sys=0.00s Real=0.00s
[2021-05-26T10:17:55.385+0530][7.128s] GC(5) Concurrent Cleanup for Next Mark
[2021-05-26T10:17:55.386+0530][7.129s] GC(5) Concurrent Cleanup for Next Mark 0.713ms
[2021-05-26T10:17:55.386+0530][7.129s] GC(5) Concurrent Cycle 37.322ms
[2021-05-26T10:20:15.194+0530][146.936s] GC(6) Pause Young (Normal) (G1 Evacuation Pause)
[2021-05-26T10:20:15.194+0530][146.936s] GC(6) Using 8 workers of 8 for evacuation
[2021-05-26T10:20:15.229+0530][146.971s] GC(6)   Pre Evacuate Collection Set: 0.1ms
[2021-05-26T10:20:15.229+0530][146.971s] GC(6)   Merge Heap Roots: 0.1ms
[2021-05-26T10:20:15.229+0530][146.972s] GC(6)   Evacuate Collection Set: 32.5ms
[2021-05-26T10:20:15.229+0530][146.972s] GC(6)   Post Evacuate Collection Set: 2.4ms
[2021-05-26T10:20:15.229+0530][146.972s] GC(6)   Other: 0.4ms
[2021-05-26T10:20:15.229+0530][146.972s] GC(6) Eden regions: 286->0(268)
[2021-05-26T10:20:15.229+0530][146.972s] GC(6) Survivor regions: 21->39(39)
[2021-05-26T10:20:15.229+0530][146.972s] GC(6) Old regions: 7->7
[2021-05-26T10:20:15.229+0530][146.972s] GC(6) Archive regions: 0->0
[2021-05-26T10:20:15.229+0530][146.972s] GC(6) Humongous regions: 7->7
[2021-05-26T10:20:15.229+0530][146.972s] GC(6) Metaspace: 52279K(53064K)->52279K(53064K) NonClass: 46318K(46920K)->46318K(46920K) Class: 5960K(6144K)->5960K(6144K)
[2021-05-26T10:20:15.229+0530][146.972s] GC(6) Pause Young (Normal) (G1 Evacuation Pause) 319M->52M(512M) 36.105ms
[2021-05-26T10:20:15.229+0530][146.972s] GC(6) User=0.23s Sys=0.02s Real=0.04s
[2021-05-26T10:25:24.707+0530][456.450s] Heap
[2021-05-26T10:25:24.707+0530][456.450s]  garbage-first heap   total 524288K, used 263930K [0x00000000e0000000, 0x0000000100000000)
[2021-05-26T10:25:24.707+0530][456.450s]   region size 1024K, 246 young (251904K), 39 survivors (39936K)
[2021-05-26T10:25:24.707+0530][456.450s]  Metaspace       used 54138K, capacity 54778K, committed 54856K, reserved 1097728K
[2021-05-26T10:25:24.707+0530][456.450s]   class space    used 6153K, capacity 6390K, committed 6400K, reserved 1048576K
