[2021-05-26T01:02:00.388+0530][0.032s] Using G1
[2021-05-26T01:02:00.750+0530][0.395s] Version: 15+36-1562 (release)
[2021-05-26T01:02:00.750+0530][0.395s] CPUs: 8 total, 8 available
[2021-05-26T01:02:00.750+0530][0.395s] Memory: 8043M
[2021-05-26T01:02:00.750+0530][0.395s] Large Page Support: Disabled
[2021-05-26T01:02:00.750+0530][0.395s] NUMA Support: Disabled
[2021-05-26T01:02:00.750+0530][0.395s] Compressed Oops: Enabled (32-bit)
[2021-05-26T01:02:00.750+0530][0.395s] Heap Region Size: 1M
[2021-05-26T01:02:00.750+0530][0.395s] Heap Min Capacity: 512M
[2021-05-26T01:02:00.750+0530][0.395s] Heap Initial Capacity: 512M
[2021-05-26T01:02:00.750+0530][0.395s] Heap Max Capacity: 512M
[2021-05-26T01:02:00.750+0530][0.395s] Pre-touch: Enabled
[2021-05-26T01:02:00.751+0530][0.395s] Parallel Workers: 8
[2021-05-26T01:02:00.751+0530][0.395s] Concurrent Workers: 2
[2021-05-26T01:02:00.751+0530][0.395s] Concurrent Refinement Workers: 8
[2021-05-26T01:02:00.751+0530][0.395s] Periodic GC: Disabled
[2021-05-26T01:02:00.753+0530][0.398s] CDS archive(s) mapped at: [0x0000000800000000-0x0000000800b50000-0x0000000800b50000), size 11862016, SharedBaseAddress: 0x0000000800000000, ArchiveRelocationMode: 0.
[2021-05-26T01:02:00.753+0530][0.398s] Compressed class space mapped at: 0x0000000800b50000-0x0000000840b50000, size: 1073741824
[2021-05-26T01:02:00.753+0530][0.398s] Narrow klass base: 0x0000000800000000, Narrow klass shift: 3, Narrow klass range: 0x100000000
[2021-05-26T01:02:01.977+0530][1.622s] GC(0) Pause Young (Normal) (G1 Evacuation Pause)
[2021-05-26T01:02:01.978+0530][1.623s] GC(0) Using 8 workers of 8 for evacuation
[2021-05-26T01:02:01.981+0530][1.626s] GC(0)   Pre Evacuate Collection Set: 0.1ms
[2021-05-26T01:02:01.981+0530][1.626s] GC(0)   Merge Heap Roots: 0.0ms
[2021-05-26T01:02:01.981+0530][1.626s] GC(0)   Evacuate Collection Set: 2.3ms
[2021-05-26T01:02:01.981+0530][1.626s] GC(0)   Post Evacuate Collection Set: 0.5ms
[2021-05-26T01:02:01.981+0530][1.627s] GC(0)   Other: 1.0ms
[2021-05-26T01:02:01.981+0530][1.627s] GC(0) Eden regions: 29->0(42)
[2021-05-26T01:02:01.981+0530][1.627s] GC(0) Survivor regions: 0->4(4)
[2021-05-26T01:02:01.981+0530][1.627s] GC(0) Old regions: 0->0
[2021-05-26T01:02:01.981+0530][1.627s] GC(0) Archive regions: 0->0
[2021-05-26T01:02:01.981+0530][1.627s] GC(0) Humongous regions: 0->0
[2021-05-26T01:02:01.981+0530][1.627s] GC(0) Metaspace: 6793K(7808K)->6793K(7808K) NonClass: 6008K(6912K)->6008K(6912K) Class: 785K(896K)->785K(896K)
[2021-05-26T01:02:01.981+0530][1.627s] GC(0) Pause Young (Normal) (G1 Evacuation Pause) 29M->3M(512M) 4.283ms
[2021-05-26T01:02:01.981+0530][1.627s] GC(0) User=0.00s Sys=0.00s Real=0.00s
[2021-05-26T01:02:02.945+0530][2.590s] GC(1) Pause Young (Normal) (G1 Evacuation Pause)
[2021-05-26T01:02:02.945+0530][2.590s] GC(1) Using 8 workers of 8 for evacuation
[2021-05-26T01:02:02.955+0530][2.600s] GC(1)   Pre Evacuate Collection Set: 0.1ms
[2021-05-26T01:02:02.955+0530][2.600s] GC(1)   Merge Heap Roots: 0.0ms
[2021-05-26T01:02:02.955+0530][2.600s] GC(1)   Evacuate Collection Set: 8.2ms
[2021-05-26T01:02:02.955+0530][2.600s] GC(1)   Post Evacuate Collection Set: 0.7ms
[2021-05-26T01:02:02.955+0530][2.600s] GC(1)   Other: 0.3ms
[2021-05-26T01:02:02.955+0530][2.600s] GC(1) Eden regions: 42->0(301)
[2021-05-26T01:02:02.955+0530][2.600s] GC(1) Survivor regions: 4->6(6)
[2021-05-26T01:02:02.955+0530][2.600s] GC(1) Old regions: 0->7
[2021-05-26T01:02:02.955+0530][2.600s] GC(1) Archive regions: 0->0
[2021-05-26T01:02:02.955+0530][2.600s] GC(1) Humongous regions: 4->4
[2021-05-26T01:02:02.955+0530][2.600s] GC(1) Metaspace: 15015K(15488K)->15015K(15488K) NonClass: 13272K(13568K)->13272K(13568K) Class: 1742K(1920K)->1742K(1920K)
[2021-05-26T01:02:02.955+0530][2.600s] GC(1) Pause Young (Normal) (G1 Evacuation Pause) 49M->16M(512M) 9.775ms
[2021-05-26T01:02:02.955+0530][2.600s] GC(1) User=0.00s Sys=0.00s Real=0.01s
[2021-05-26T01:02:04.422+0530][4.067s] GC(2) Pause Young (Concurrent Start) (Metadata GC Threshold)
[2021-05-26T01:02:04.422+0530][4.067s] GC(2) Using 8 workers of 8 for evacuation
[2021-05-26T01:02:04.429+0530][4.073s] GC(2)   Pre Evacuate Collection Set: 0.1ms
[2021-05-26T01:02:04.429+0530][4.073s] GC(2)   Merge Heap Roots: 0.0ms
[2021-05-26T01:02:04.429+0530][4.074s] GC(2)   Evacuate Collection Set: 5.5ms
[2021-05-26T01:02:04.429+0530][4.074s] GC(2)   Post Evacuate Collection Set: 0.9ms
[2021-05-26T01:02:04.429+0530][4.074s] GC(2)   Other: 0.4ms
[2021-05-26T01:02:04.429+0530][4.074s] GC(2) Eden regions: 49->0(213)
[2021-05-26T01:02:04.429+0530][4.074s] GC(2) Survivor regions: 6->14(39)
[2021-05-26T01:02:04.429+0530][4.074s] GC(2) Old regions: 7->7
[2021-05-26T01:02:04.429+0530][4.074s] GC(2) Archive regions: 0->0
[2021-05-26T01:02:04.429+0530][4.074s] GC(2) Humongous regions: 4->4
[2021-05-26T01:02:04.429+0530][4.074s] GC(2) Metaspace: 20794K(21296K)->20794K(21296K) NonClass: 18488K(18864K)->18488K(18864K) Class: 2306K(2432K)->2306K(2432K)
[2021-05-26T01:02:04.429+0530][4.074s] GC(2) Pause Young (Concurrent Start) (Metadata GC Threshold) 64M->23M(512M) 7.325ms
[2021-05-26T01:02:04.429+0530][4.074s] GC(2) User=0.11s Sys=0.00s Real=0.01s
[2021-05-26T01:02:04.429+0530][4.074s] GC(3) Concurrent Cycle
[2021-05-26T01:02:04.429+0530][4.074s] GC(3) Concurrent Clear Claimed Marks
[2021-05-26T01:02:04.429+0530][4.074s] GC(3) Concurrent Clear Claimed Marks 0.048ms
[2021-05-26T01:02:04.429+0530][4.074s] GC(3) Concurrent Scan Root Regions
[2021-05-26T01:02:04.434+0530][4.078s] GC(3) Concurrent Scan Root Regions 4.406ms
[2021-05-26T01:02:04.434+0530][4.079s] GC(3) Concurrent Mark (4.079s)
[2021-05-26T01:02:04.434+0530][4.079s] GC(3) Concurrent Mark From Roots
[2021-05-26T01:02:04.434+0530][4.079s] GC(3) Using 2 workers of 2 for marking
[2021-05-26T01:02:04.445+0530][4.090s] GC(3) Concurrent Mark From Roots 10.928ms
[2021-05-26T01:02:04.445+0530][4.090s] GC(3) Concurrent Preclean
[2021-05-26T01:02:04.445+0530][4.090s] GC(3) Concurrent Preclean 0.226ms
[2021-05-26T01:02:04.445+0530][4.090s] GC(3) Concurrent Mark (4.079s, 4.090s) 11.283ms
[2021-05-26T01:02:04.445+0530][4.090s] GC(3) Pause Remark
[2021-05-26T01:02:04.447+0530][4.092s] GC(3) Pause Remark 25M->25M(512M) 1.213ms
[2021-05-26T01:02:04.447+0530][4.092s] GC(3) User=0.00s Sys=0.00s Real=0.00s
[2021-05-26T01:02:04.447+0530][4.092s] GC(3) Concurrent Rebuild Remembered Sets
[2021-05-26T01:02:04.453+0530][4.098s] GC(3) Concurrent Rebuild Remembered Sets 6.299ms
[2021-05-26T01:02:04.454+0530][4.098s] GC(3) Pause Cleanup
[2021-05-26T01:02:04.454+0530][4.098s] GC(3) Pause Cleanup 25M->25M(512M) 0.128ms
[2021-05-26T01:02:04.454+0530][4.099s] GC(3) User=0.00s Sys=0.00s Real=0.00s
[2021-05-26T01:02:04.454+0530][4.099s] GC(3) Concurrent Cleanup for Next Mark
[2021-05-26T01:02:04.455+0530][4.100s] GC(3) Concurrent Cleanup for Next Mark 0.929ms
[2021-05-26T01:02:04.455+0530][4.100s] GC(3) Concurrent Cycle 25.674ms
[2021-05-26T01:02:06.772+0530][6.416s] GC(4) Pause Young (Concurrent Start) (Metadata GC Threshold)
[2021-05-26T01:02:06.772+0530][6.417s] GC(4) Using 8 workers of 8 for evacuation
[2021-05-26T01:02:06.784+0530][6.428s] GC(4)   Pre Evacuate Collection Set: 0.2ms
[2021-05-26T01:02:06.784+0530][6.428s] GC(4)   Merge Heap Roots: 0.1ms
[2021-05-26T01:02:06.784+0530][6.428s] GC(4)   Evacuate Collection Set: 10.1ms
[2021-05-26T01:02:06.784+0530][6.428s] GC(4)   Post Evacuate Collection Set: 1.1ms
[2021-05-26T01:02:06.784+0530][6.428s] GC(4)   Other: 0.4ms
[2021-05-26T01:02:06.784+0530][6.428s] GC(4) Eden regions: 136->0(288)
[2021-05-26T01:02:06.784+0530][6.428s] GC(4) Survivor regions: 14->19(30)
[2021-05-26T01:02:06.784+0530][6.429s] GC(4) Old regions: 7->7
[2021-05-26T01:02:06.784+0530][6.429s] GC(4) Archive regions: 0->0
[2021-05-26T01:02:06.784+0530][6.429s] GC(4) Humongous regions: 4->4
[2021-05-26T01:02:06.784+0530][6.429s] GC(4) Metaspace: 35476K(35968K)->35476K(35968K) NonClass: 31437K(31744K)->31437K(31744K) Class: 4038K(4224K)->4038K(4224K)
[2021-05-26T01:02:06.784+0530][6.429s] GC(4) Pause Young (Concurrent Start) (Metadata GC Threshold) 159M->28M(512M) 12.167ms
[2021-05-26T01:02:06.784+0530][6.429s] GC(4) User=0.00s Sys=0.00s Real=0.01s
[2021-05-26T01:02:06.784+0530][6.429s] GC(5) Concurrent Cycle
[2021-05-26T01:02:06.784+0530][6.429s] GC(5) Concurrent Clear Claimed Marks
[2021-05-26T01:02:06.784+0530][6.429s] GC(5) Concurrent Clear Claimed Marks 0.049ms
[2021-05-26T01:02:06.784+0530][6.429s] GC(5) Concurrent Scan Root Regions
[2021-05-26T01:02:06.791+0530][6.436s] GC(5) Concurrent Scan Root Regions 7.051ms
[2021-05-26T01:02:06.792+0530][6.436s] GC(5) Concurrent Mark (6.436s)
[2021-05-26T01:02:06.792+0530][6.436s] GC(5) Concurrent Mark From Roots
[2021-05-26T01:02:06.792+0530][6.436s] GC(5) Using 2 workers of 2 for marking
[2021-05-26T01:02:06.803+0530][6.448s] GC(5) Concurrent Mark From Roots 11.552ms
[2021-05-26T01:02:06.803+0530][6.448s] GC(5) Concurrent Preclean
[2021-05-26T01:02:06.803+0530][6.448s] GC(5) Concurrent Preclean 0.252ms
[2021-05-26T01:02:06.804+0530][6.448s] GC(5) Concurrent Mark (6.436s, 6.448s) 11.966ms
[2021-05-26T01:02:06.804+0530][6.448s] GC(5) Pause Remark
[2021-05-26T01:02:06.806+0530][6.450s] GC(5) Pause Remark 32M->32M(512M) 1.816ms
[2021-05-26T01:02:06.806+0530][6.450s] GC(5) User=0.00s Sys=0.00s Real=0.00s
[2021-05-26T01:02:06.806+0530][6.450s] GC(5) Concurrent Rebuild Remembered Sets
[2021-05-26T01:02:06.812+0530][6.456s] GC(5) Concurrent Rebuild Remembered Sets 6.148ms
[2021-05-26T01:02:06.813+0530][6.458s] GC(5) Pause Cleanup
[2021-05-26T01:02:06.813+0530][6.458s] GC(5) Pause Cleanup 33M->33M(512M) 0.188ms
[2021-05-26T01:02:06.813+0530][6.458s] GC(5) User=0.00s Sys=0.00s Real=0.00s
[2021-05-26T01:02:06.816+0530][6.460s] GC(5) Concurrent Cleanup for Next Mark
[2021-05-26T01:02:06.817+0530][6.461s] GC(5) Concurrent Cleanup for Next Mark 0.744ms
[2021-05-26T01:02:06.817+0530][6.461s] GC(5) Concurrent Cycle 32.501ms
[2021-05-26T01:15:38.846+0530][818.490s] GC(6) Pause Young (Normal) (G1 Evacuation Pause)
[2021-05-26T01:15:38.846+0530][818.491s] GC(6) Using 8 workers of 8 for evacuation
[2021-05-26T01:15:38.873+0530][818.518s] GC(6)   Pre Evacuate Collection Set: 0.1ms
[2021-05-26T01:15:38.873+0530][818.518s] GC(6)   Merge Heap Roots: 0.1ms
[2021-05-26T01:15:38.873+0530][818.518s] GC(6)   Evacuate Collection Set: 24.9ms
[2021-05-26T01:15:38.873+0530][818.518s] GC(6)   Post Evacuate Collection Set: 1.7ms
[2021-05-26T01:15:38.873+0530][818.518s] GC(6)   Other: 0.5ms
[2021-05-26T01:15:38.873+0530][818.518s] GC(6) Eden regions: 288->0(268)
[2021-05-26T01:15:38.873+0530][818.518s] GC(6) Survivor regions: 19->39(39)
[2021-05-26T01:15:38.873+0530][818.518s] GC(6) Old regions: 7->11
[2021-05-26T01:15:38.873+0530][818.518s] GC(6) Archive regions: 0->0
[2021-05-26T01:15:38.873+0530][818.518s] GC(6) Humongous regions: 8->7
[2021-05-26T01:15:38.873+0530][818.518s] GC(6) Metaspace: 52952K(53632K)->52952K(53632K) NonClass: 46912K(47360K)->46912K(47360K) Class: 6039K(6272K)->6039K(6272K)
[2021-05-26T01:15:38.873+0530][818.518s] GC(6) Pause Young (Normal) (G1 Evacuation Pause) 320M->56M(512M) 27.668ms
[2021-05-26T01:15:38.873+0530][818.518s] GC(6) User=0.22s Sys=0.00s Real=0.03s
[2021-05-26T01:16:59.380+0530][899.026s] GC(7) Pause Young (Normal) (G1 Evacuation Pause)
[2021-05-26T01:16:59.380+0530][899.026s] GC(7) Using 8 workers of 8 for evacuation
[2021-05-26T01:16:59.402+0530][899.047s] GC(7)   Pre Evacuate Collection Set: 0.1ms
[2021-05-26T01:16:59.402+0530][899.047s] GC(7)   Merge Heap Roots: 0.1ms
[2021-05-26T01:16:59.402+0530][899.047s] GC(7)   Evacuate Collection Set: 19.5ms
[2021-05-26T01:16:59.402+0530][899.047s] GC(7)   Post Evacuate Collection Set: 1.6ms
[2021-05-26T01:16:59.402+0530][899.047s] GC(7)   Other: 0.3ms
[2021-05-26T01:16:59.402+0530][899.047s] GC(7) Eden regions: 268->0(296)
[2021-05-26T01:16:59.402+0530][899.047s] GC(7) Survivor regions: 39->11(39)
[2021-05-26T01:16:59.402+0530][899.047s] GC(7) Old regions: 11->44
[2021-05-26T01:16:59.402+0530][899.047s] GC(7) Archive regions: 0->0
[2021-05-26T01:16:59.402+0530][899.047s] GC(7) Humongous regions: 7->7
[2021-05-26T01:16:59.402+0530][899.047s] GC(7) Metaspace: 54030K(54784K)->54030K(54784K) NonClass: 47901K(48384K)->47901K(48384K) Class: 6128K(6400K)->6128K(6400K)
[2021-05-26T01:16:59.402+0530][899.048s] GC(7) Pause Young (Normal) (G1 Evacuation Pause) 324M->61M(512M) 21.899ms
[2021-05-26T01:16:59.402+0530][899.048s] GC(7) User=0.23s Sys=0.00s Real=0.02s
[2021-05-26T01:19:42.138+0530][1061.783s] GC(8) Pause Young (Normal) (G1 Evacuation Pause)
[2021-05-26T01:19:42.138+0530][1061.783s] GC(8) Using 8 workers of 8 for evacuation
[2021-05-26T01:19:42.147+0530][1061.791s] GC(8)   Pre Evacuate Collection Set: 0.1ms
[2021-05-26T01:19:42.147+0530][1061.792s] GC(8)   Merge Heap Roots: 0.1ms
[2021-05-26T01:19:42.147+0530][1061.792s] GC(8)   Evacuate Collection Set: 7.7ms
[2021-05-26T01:19:42.147+0530][1061.792s] GC(8)   Post Evacuate Collection Set: 0.6ms
[2021-05-26T01:19:42.147+0530][1061.792s] GC(8)   Other: 0.4ms
[2021-05-26T01:19:42.147+0530][1061.792s] GC(8) Eden regions: 296->0(289)
[2021-05-26T01:19:42.147+0530][1061.792s] GC(8) Survivor regions: 11->18(39)
[2021-05-26T01:19:42.147+0530][1061.792s] GC(8) Old regions: 44->44
[2021-05-26T01:19:42.147+0530][1061.792s] GC(8) Archive regions: 0->0
[2021-05-26T01:19:42.147+0530][1061.792s] GC(8) Humongous regions: 7->7
[2021-05-26T01:19:42.147+0530][1061.792s] GC(8) Metaspace: 54173K(55040K)->54173K(55040K) NonClass: 48044K(48640K)->48044K(48640K) Class: 6128K(6400K)->6128K(6400K)
[2021-05-26T01:19:42.147+0530][1061.792s] GC(8) Pause Young (Normal) (G1 Evacuation Pause) 357M->68M(512M) 9.236ms
[2021-05-26T01:19:42.147+0530][1061.792s] GC(8) User=0.13s Sys=0.00s Real=0.01s
[2021-05-26T01:21:39.111+0530][1178.756s] Heap
[2021-05-26T01:21:39.111+0530][1178.756s]  garbage-first heap   total 524288K, used 168516K [0x00000000e0000000, 0x0000000100000000)
[2021-05-26T01:21:39.111+0530][1178.756s]   region size 1024K, 115 young (117760K), 18 survivors (18432K)
[2021-05-26T01:21:39.111+0530][1178.756s]  Metaspace       used 54463K, capacity 55037K, committed 55296K, reserved 1097728K
[2021-05-26T01:21:39.112+0530][1178.756s]   class space    used 6157K, capacity 6349K, committed 6400K, reserved 1048576K
