[2021-05-26T14:55:43.756+0530][0.046s] Using G1
[2021-05-26T14:55:44.093+0530][0.383s] Version: 15+36-1562 (release)
[2021-05-26T14:55:44.093+0530][0.383s] CPUs: 8 total, 8 available
[2021-05-26T14:55:44.093+0530][0.383s] Memory: 8043M
[2021-05-26T14:55:44.093+0530][0.383s] Large Page Support: Disabled
[2021-05-26T14:55:44.093+0530][0.383s] NUMA Support: Disabled
[2021-05-26T14:55:44.093+0530][0.383s] Compressed Oops: Enabled (32-bit)
[2021-05-26T14:55:44.093+0530][0.383s] Heap Region Size: 1M
[2021-05-26T14:55:44.093+0530][0.383s] Heap Min Capacity: 512M
[2021-05-26T14:55:44.093+0530][0.383s] Heap Initial Capacity: 512M
[2021-05-26T14:55:44.093+0530][0.384s] Heap Max Capacity: 512M
[2021-05-26T14:55:44.093+0530][0.384s] Pre-touch: Enabled
[2021-05-26T14:55:44.098+0530][0.388s] Parallel Workers: 8
[2021-05-26T14:55:44.098+0530][0.388s] Concurrent Workers: 2
[2021-05-26T14:55:44.098+0530][0.388s] Concurrent Refinement Workers: 8
[2021-05-26T14:55:44.098+0530][0.388s] Periodic GC: Disabled
[2021-05-26T14:55:44.100+0530][0.391s] CDS archive(s) mapped at: [0x0000000800000000-0x0000000800b50000-0x0000000800b50000), size 11862016, SharedBaseAddress: 0x0000000800000000, ArchiveRelocationMode: 0.
[2021-05-26T14:55:44.100+0530][0.391s] Compressed class space mapped at: 0x0000000800b50000-0x0000000840b50000, size: 1073741824
[2021-05-26T14:55:44.101+0530][0.391s] Narrow klass base: 0x0000000800000000, Narrow klass shift: 3, Narrow klass range: 0x100000000
[2021-05-26T14:55:45.284+0530][1.574s] GC(0) Pause Young (Normal) (G1 Evacuation Pause)
[2021-05-26T14:55:45.285+0530][1.575s] GC(0) Using 8 workers of 8 for evacuation
[2021-05-26T14:55:45.288+0530][1.578s] GC(0)   Pre Evacuate Collection Set: 0.1ms
[2021-05-26T14:55:45.288+0530][1.578s] GC(0)   Merge Heap Roots: 0.0ms
[2021-05-26T14:55:45.288+0530][1.578s] GC(0)   Evacuate Collection Set: 2.7ms
[2021-05-26T14:55:45.288+0530][1.578s] GC(0)   Post Evacuate Collection Set: 0.5ms
[2021-05-26T14:55:45.288+0530][1.579s] GC(0)   Other: 1.1ms
[2021-05-26T14:55:45.288+0530][1.579s] GC(0) Eden regions: 29->0(42)
[2021-05-26T14:55:45.288+0530][1.579s] GC(0) Survivor regions: 0->4(4)
[2021-05-26T14:55:45.288+0530][1.579s] GC(0) Old regions: 0->0
[2021-05-26T14:55:45.288+0530][1.579s] GC(0) Archive regions: 0->0
[2021-05-26T14:55:45.288+0530][1.579s] GC(0) Humongous regions: 0->0
[2021-05-26T14:55:45.288+0530][1.579s] GC(0) Metaspace: 6786K(7808K)->6786K(7808K) NonClass: 6010K(6912K)->6010K(6912K) Class: 775K(896K)->775K(896K)
[2021-05-26T14:55:45.288+0530][1.579s] GC(0) Pause Young (Normal) (G1 Evacuation Pause) 29M->3M(512M) 4.817ms
[2021-05-26T14:55:45.288+0530][1.579s] GC(0) User=0.09s Sys=0.00s Real=0.00s
[2021-05-26T14:55:46.236+0530][2.527s] GC(1) Pause Young (Normal) (G1 Evacuation Pause)
[2021-05-26T14:55:46.236+0530][2.527s] GC(1) Using 8 workers of 8 for evacuation
[2021-05-26T14:55:46.246+0530][2.536s] GC(1)   Pre Evacuate Collection Set: 0.1ms
[2021-05-26T14:55:46.246+0530][2.536s] GC(1)   Merge Heap Roots: 0.0ms
[2021-05-26T14:55:46.246+0530][2.536s] GC(1)   Evacuate Collection Set: 8.5ms
[2021-05-26T14:55:46.246+0530][2.536s] GC(1)   Post Evacuate Collection Set: 0.8ms
[2021-05-26T14:55:46.246+0530][2.536s] GC(1)   Other: 0.2ms
[2021-05-26T14:55:46.246+0530][2.536s] GC(1) Eden regions: 42->0(301)
[2021-05-26T14:55:46.246+0530][2.537s] GC(1) Survivor regions: 4->6(6)
[2021-05-26T14:55:46.246+0530][2.537s] GC(1) Old regions: 0->7
[2021-05-26T14:55:46.246+0530][2.537s] GC(1) Archive regions: 0->0
[2021-05-26T14:55:46.246+0530][2.537s] GC(1) Humongous regions: 4->4
[2021-05-26T14:55:46.246+0530][2.537s] GC(1) Metaspace: 14999K(15488K)->14999K(15488K) NonClass: 13271K(13568K)->13271K(13568K) Class: 1728K(1920K)->1728K(1920K)
[2021-05-26T14:55:46.246+0530][2.537s] GC(1) Pause Young (Normal) (G1 Evacuation Pause) 49M->16M(512M) 10.091ms
[2021-05-26T14:55:46.246+0530][2.537s] GC(1) User=0.13s Sys=0.00s Real=0.01s
[2021-05-26T14:55:47.890+0530][4.180s] GC(2) Pause Young (Concurrent Start) (Metadata GC Threshold)
[2021-05-26T14:55:47.890+0530][4.180s] GC(2) Using 8 workers of 8 for evacuation
[2021-05-26T14:55:47.898+0530][4.188s] GC(2)   Pre Evacuate Collection Set: 0.1ms
[2021-05-26T14:55:47.898+0530][4.189s] GC(2)   Merge Heap Roots: 0.1ms
[2021-05-26T14:55:47.898+0530][4.189s] GC(2)   Evacuate Collection Set: 6.9ms
[2021-05-26T14:55:47.898+0530][4.189s] GC(2)   Post Evacuate Collection Set: 1.1ms
[2021-05-26T14:55:47.898+0530][4.189s] GC(2)   Other: 0.5ms
[2021-05-26T14:55:47.898+0530][4.189s] GC(2) Eden regions: 49->0(213)
[2021-05-26T14:55:47.899+0530][4.189s] GC(2) Survivor regions: 6->14(39)
[2021-05-26T14:55:47.899+0530][4.189s] GC(2) Old regions: 7->7
[2021-05-26T14:55:47.899+0530][4.189s] GC(2) Archive regions: 0->0
[2021-05-26T14:55:47.899+0530][4.189s] GC(2) Humongous regions: 4->4
[2021-05-26T14:55:47.899+0530][4.189s] GC(2) Metaspace: 20879K(21296K)->20879K(21296K) NonClass: 18583K(18864K)->18583K(18864K) Class: 2295K(2432K)->2295K(2432K)
[2021-05-26T14:55:47.899+0530][4.189s] GC(2) Pause Young (Concurrent Start) (Metadata GC Threshold) 65M->23M(512M) 9.111ms
[2021-05-26T14:55:47.899+0530][4.189s] GC(2) User=0.09s Sys=0.00s Real=0.01s
[2021-05-26T14:55:47.899+0530][4.189s] GC(3) Concurrent Cycle
[2021-05-26T14:55:47.899+0530][4.189s] GC(3) Concurrent Clear Claimed Marks
[2021-05-26T14:55:47.899+0530][4.189s] GC(3) Concurrent Clear Claimed Marks 0.052ms
[2021-05-26T14:55:47.899+0530][4.189s] GC(3) Concurrent Scan Root Regions
[2021-05-26T14:55:47.904+0530][4.195s] GC(3) Concurrent Scan Root Regions 5.603ms
[2021-05-26T14:55:47.904+0530][4.195s] GC(3) Concurrent Mark (4.195s)
[2021-05-26T14:55:47.904+0530][4.195s] GC(3) Concurrent Mark From Roots
[2021-05-26T14:55:47.904+0530][4.195s] GC(3) Using 2 workers of 2 for marking
[2021-05-26T14:55:47.919+0530][4.211s] GC(3) Concurrent Mark From Roots 15.479ms
[2021-05-26T14:55:47.919+0530][4.211s] GC(3) Concurrent Preclean
[2021-05-26T14:55:47.920+0530][4.211s] GC(3) Concurrent Preclean 0.276ms
[2021-05-26T14:55:47.920+0530][4.211s] GC(3) Concurrent Mark (4.195s, 4.211s) 15.935ms
[2021-05-26T14:55:47.920+0530][4.211s] GC(3) Pause Remark
[2021-05-26T14:55:47.921+0530][4.213s] GC(3) Pause Remark 25M->25M(512M) 1.294ms
[2021-05-26T14:55:47.922+0530][4.213s] GC(3) User=0.00s Sys=0.00s Real=0.00s
[2021-05-26T14:55:47.922+0530][4.213s] GC(3) Concurrent Rebuild Remembered Sets
[2021-05-26T14:55:47.929+0530][4.220s] GC(3) Concurrent Rebuild Remembered Sets 7.410ms
[2021-05-26T14:55:47.929+0530][4.221s] GC(3) Pause Cleanup
[2021-05-26T14:55:47.930+0530][4.221s] GC(3) Pause Cleanup 25M->25M(512M) 0.133ms
[2021-05-26T14:55:47.930+0530][4.221s] GC(3) User=0.00s Sys=0.00s Real=0.00s
[2021-05-26T14:55:47.930+0530][4.221s] GC(3) Concurrent Cleanup for Next Mark
[2021-05-26T14:55:47.932+0530][4.222s] GC(3) Concurrent Cleanup for Next Mark 1.309ms
[2021-05-26T14:55:47.932+0530][4.222s] GC(3) Concurrent Cycle 33.211ms
[2021-05-26T14:55:50.624+0530][6.915s] GC(4) Pause Young (Concurrent Start) (Metadata GC Threshold)
[2021-05-26T14:55:50.624+0530][6.915s] GC(4) Using 8 workers of 8 for evacuation
[2021-05-26T14:55:50.636+0530][6.927s] GC(4)   Pre Evacuate Collection Set: 0.1ms
[2021-05-26T14:55:50.636+0530][6.927s] GC(4)   Merge Heap Roots: 0.1ms
[2021-05-26T14:55:50.636+0530][6.927s] GC(4)   Evacuate Collection Set: 10.1ms
[2021-05-26T14:55:50.636+0530][6.927s] GC(4)   Post Evacuate Collection Set: 1.1ms
[2021-05-26T14:55:50.636+0530][6.927s] GC(4)   Other: 0.4ms
[2021-05-26T14:55:50.636+0530][6.927s] GC(4) Eden regions: 168->0(287)
[2021-05-26T14:55:50.636+0530][6.927s] GC(4) Survivor regions: 14->20(30)
[2021-05-26T14:55:50.636+0530][6.927s] GC(4) Old regions: 7->7
[2021-05-26T14:55:50.636+0530][6.927s] GC(4) Archive regions: 0->0
[2021-05-26T14:55:50.636+0530][6.927s] GC(4) Humongous regions: 4->4
[2021-05-26T14:55:50.636+0530][6.927s] GC(4) Metaspace: 35394K(35888K)->35394K(35888K) NonClass: 31393K(31664K)->31393K(31664K) Class: 4001K(4224K)->4001K(4224K)
[2021-05-26T14:55:50.636+0530][6.927s] GC(4) Pause Young (Concurrent Start) (Metadata GC Threshold) 191M->29M(512M) 12.285ms
[2021-05-26T14:55:50.636+0530][6.927s] GC(4) User=0.13s Sys=0.00s Real=0.01s
[2021-05-26T14:55:50.636+0530][6.927s] GC(5) Concurrent Cycle
[2021-05-26T14:55:50.637+0530][6.927s] GC(5) Concurrent Clear Claimed Marks
[2021-05-26T14:55:50.637+0530][6.928s] GC(5) Concurrent Clear Claimed Marks 0.057ms
[2021-05-26T14:55:50.637+0530][6.928s] GC(5) Concurrent Scan Root Regions
[2021-05-26T14:55:50.646+0530][6.936s] GC(5) Concurrent Scan Root Regions 8.848ms
[2021-05-26T14:55:50.646+0530][6.937s] GC(5) Concurrent Mark (6.937s)
[2021-05-26T14:55:50.646+0530][6.937s] GC(5) Concurrent Mark From Roots
[2021-05-26T14:55:50.646+0530][6.937s] GC(5) Using 2 workers of 2 for marking
[2021-05-26T14:55:50.661+0530][6.952s] GC(5) Concurrent Mark From Roots 15.353ms
[2021-05-26T14:55:50.661+0530][6.952s] GC(5) Concurrent Preclean
[2021-05-26T14:55:50.661+0530][6.952s] GC(5) Concurrent Preclean 0.272ms
[2021-05-26T14:55:50.661+0530][6.952s] GC(5) Concurrent Mark (6.937s, 6.952s) 15.796ms
[2021-05-26T14:55:50.662+0530][6.953s] GC(5) Pause Remark
[2021-05-26T14:55:50.663+0530][6.954s] GC(5) Pause Remark 31M->31M(512M) 1.787ms
[2021-05-26T14:55:50.664+0530][6.954s] GC(5) User=0.00s Sys=0.00s Real=0.00s
[2021-05-26T14:55:50.664+0530][6.954s] GC(5) Concurrent Rebuild Remembered Sets
[2021-05-26T14:55:50.672+0530][6.963s] GC(5) Concurrent Rebuild Remembered Sets 8.227ms
[2021-05-26T14:55:50.673+0530][6.963s] GC(5) Pause Cleanup
[2021-05-26T14:55:50.673+0530][6.963s] GC(5) Pause Cleanup 32M->32M(512M) 0.196ms
[2021-05-26T14:55:50.673+0530][6.963s] GC(5) User=0.00s Sys=0.00s Real=0.00s
[2021-05-26T14:55:50.673+0530][6.963s] GC(5) Concurrent Cleanup for Next Mark
[2021-05-26T14:55:50.673+0530][6.964s] GC(5) Concurrent Cleanup for Next Mark 0.816ms
[2021-05-26T14:55:50.673+0530][6.964s] GC(5) Concurrent Cycle 36.790ms
[2021-05-26T14:55:53.214+0530][9.505s] GC(6) Pause Young (Normal) (G1 Evacuation Pause)
[2021-05-26T14:55:53.214+0530][9.505s] GC(6) Using 8 workers of 8 for evacuation
[2021-05-26T14:55:53.238+0530][9.529s] GC(6)   Pre Evacuate Collection Set: 0.1ms
[2021-05-26T14:55:53.238+0530][9.529s] GC(6)   Merge Heap Roots: 0.1ms
[2021-05-26T14:55:53.238+0530][9.529s] GC(6)   Evacuate Collection Set: 21.8ms
[2021-05-26T14:55:53.238+0530][9.529s] GC(6)   Post Evacuate Collection Set: 1.3ms
[2021-05-26T14:55:53.238+0530][9.529s] GC(6)   Other: 0.4ms
[2021-05-26T14:55:53.238+0530][9.529s] GC(6) Eden regions: 287->0(268)
[2021-05-26T14:55:53.238+0530][9.529s] GC(6) Survivor regions: 20->39(39)
[2021-05-26T14:55:53.238+0530][9.529s] GC(6) Old regions: 7->7
[2021-05-26T14:55:53.238+0530][9.529s] GC(6) Archive regions: 0->0
[2021-05-26T14:55:53.238+0530][9.529s] GC(6) Humongous regions: 5->4
[2021-05-26T14:55:53.238+0530][9.529s] GC(6) Metaspace: 47307K(47920K)->47307K(47920K) NonClass: 41807K(42160K)->41807K(42160K) Class: 5499K(5760K)->5499K(5760K)
[2021-05-26T14:55:53.238+0530][9.529s] GC(6) Pause Young (Normal) (G1 Evacuation Pause) 317M->48M(512M) 24.029ms
[2021-05-26T14:55:53.238+0530][9.529s] GC(6) User=0.13s Sys=0.00s Real=0.02s
[2021-05-26T14:55:53.883+0530][10.173s] GC(7) Pause Young (Normal) (G1 Evacuation Pause)
[2021-05-26T14:55:53.883+0530][10.174s] GC(7) Using 8 workers of 8 for evacuation
[2021-05-26T14:55:53.919+0530][10.210s] GC(7)   Pre Evacuate Collection Set: 0.1ms
[2021-05-26T14:55:53.919+0530][10.210s] GC(7)   Merge Heap Roots: 0.1ms
[2021-05-26T14:55:53.919+0530][10.210s] GC(7)   Evacuate Collection Set: 34.1ms
[2021-05-26T14:55:53.919+0530][10.210s] GC(7)   Post Evacuate Collection Set: 1.8ms
[2021-05-26T14:55:53.919+0530][10.210s] GC(7)   Other: 0.4ms
[2021-05-26T14:55:53.919+0530][10.210s] GC(7) Eden regions: 268->0(268)
[2021-05-26T14:55:53.919+0530][10.210s] GC(7) Survivor regions: 39->39(39)
[2021-05-26T14:55:53.919+0530][10.210s] GC(7) Old regions: 7->29
[2021-05-26T14:55:53.919+0530][10.210s] GC(7) Archive regions: 0->0
[2021-05-26T14:55:53.919+0530][10.210s] GC(7) Humongous regions: 4->4
[2021-05-26T14:55:53.919+0530][10.210s] GC(7) Metaspace: 47837K(48688K)->47837K(48688K) NonClass: 42313K(42928K)->42313K(42928K) Class: 5524K(5760K)->5524K(5760K)
[2021-05-26T14:55:53.919+0530][10.210s] GC(7) Pause Young (Normal) (G1 Evacuation Pause) 316M->71M(512M) 36.970ms
[2021-05-26T14:55:53.919+0530][10.211s] GC(7) User=0.25s Sys=0.00s Real=0.04s
[2021-05-26T14:55:54.552+0530][10.842s] GC(8) Pause Young (Normal) (G1 Evacuation Pause)
[2021-05-26T14:55:54.552+0530][10.843s] GC(8) Using 8 workers of 8 for evacuation
[2021-05-26T14:55:54.588+0530][10.878s] GC(8)   Pre Evacuate Collection Set: 0.1ms
[2021-05-26T14:55:54.588+0530][10.878s] GC(8)   Merge Heap Roots: 0.1ms
[2021-05-26T14:55:54.588+0530][10.878s] GC(8)   Evacuate Collection Set: 34.3ms
[2021-05-26T14:55:54.588+0530][10.878s] GC(8)   Post Evacuate Collection Set: 1.0ms
[2021-05-26T14:55:54.588+0530][10.878s] GC(8)   Other: 0.3ms
[2021-05-26T14:55:54.588+0530][10.879s] GC(8) Eden regions: 268->0(284)
[2021-05-26T14:55:54.588+0530][10.879s] GC(8) Survivor regions: 39->23(39)
[2021-05-26T14:55:54.588+0530][10.879s] GC(8) Old regions: 29->68
[2021-05-26T14:55:54.588+0530][10.879s] GC(8) Archive regions: 0->0
[2021-05-26T14:55:54.588+0530][10.879s] GC(8) Humongous regions: 4->4
[2021-05-26T14:55:54.588+0530][10.879s] GC(8) Metaspace: 48063K(48944K)->48063K(48944K) NonClass: 42537K(43184K)->42537K(43184K) Class: 5526K(5760K)->5526K(5760K)
[2021-05-26T14:55:54.588+0530][10.879s] GC(8) Pause Young (Normal) (G1 Evacuation Pause) 339M->94M(512M) 36.328ms
[2021-05-26T14:55:54.588+0530][10.879s] GC(8) User=0.34s Sys=0.00s Real=0.04s
[2021-05-26T14:57:12.046+0530][88.337s] GC(9) Pause Young (Normal) (G1 Evacuation Pause)
[2021-05-26T14:57:12.047+0530][88.337s] GC(9) Using 8 workers of 8 for evacuation
[2021-05-26T14:57:12.085+0530][88.375s] GC(9)   Pre Evacuate Collection Set: 0.2ms
[2021-05-26T14:57:12.085+0530][88.375s] GC(9)   Merge Heap Roots: 0.1ms
[2021-05-26T14:57:12.085+0530][88.375s] GC(9)   Evacuate Collection Set: 36.4ms
[2021-05-26T14:57:12.085+0530][88.375s] GC(9)   Post Evacuate Collection Set: 1.2ms
[2021-05-26T14:57:12.085+0530][88.376s] GC(9)   Other: 0.4ms
[2021-05-26T14:57:12.085+0530][88.376s] GC(9) Eden regions: 284->0(267)
[2021-05-26T14:57:12.085+0530][88.376s] GC(9) Survivor regions: 23->27(39)
[2021-05-26T14:57:12.085+0530][88.376s] GC(9) Old regions: 68->91
[2021-05-26T14:57:12.085+0530][88.376s] GC(9) Archive regions: 0->0
[2021-05-26T14:57:12.085+0530][88.376s] GC(9) Humongous regions: 7->7
[2021-05-26T14:57:12.085+0530][88.376s] GC(9) Metaspace: 54543K(55600K)->54543K(55600K) NonClass: 48341K(49072K)->48341K(49072K) Class: 6202K(6528K)->6202K(6528K)
[2021-05-26T14:57:12.085+0530][88.376s] GC(9) Pause Young (Normal) (G1 Evacuation Pause) 381M->124M(512M) 38.745ms
[2021-05-26T14:57:12.085+0530][88.376s] GC(9) User=0.33s Sys=0.00s Real=0.04s
[2021-05-26T15:00:48.928+0530][305.218s] GC(10) Pause Young (Normal) (G1 Evacuation Pause)
[2021-05-26T15:00:48.928+0530][305.218s] GC(10) Using 8 workers of 8 for evacuation
[2021-05-26T15:00:48.951+0530][305.242s] GC(10)   Pre Evacuate Collection Set: 0.2ms
[2021-05-26T15:00:48.951+0530][305.242s] GC(10)   Merge Heap Roots: 0.1ms
[2021-05-26T15:00:48.951+0530][305.242s] GC(10)   Evacuate Collection Set: 22.4ms
[2021-05-26T15:00:48.951+0530][305.242s] GC(10)   Post Evacuate Collection Set: 0.9ms
[2021-05-26T15:00:48.951+0530][305.242s] GC(10)   Other: 0.4ms
[2021-05-26T15:00:48.951+0530][305.242s] GC(10) Eden regions: 267->0(270)
[2021-05-26T15:00:48.951+0530][305.242s] GC(10) Survivor regions: 27->13(37)
[2021-05-26T15:00:48.951+0530][305.242s] GC(10) Old regions: 91->109
[2021-05-26T15:00:48.951+0530][305.242s] GC(10) Archive regions: 0->0
[2021-05-26T15:00:48.951+0530][305.242s] GC(10) Humongous regions: 7->7
[2021-05-26T15:00:48.951+0530][305.242s] GC(10) Metaspace: 55268K(56496K)->55268K(56496K) NonClass: 49023K(49840K)->49023K(49840K) Class: 6244K(6656K)->6244K(6656K)
[2021-05-26T15:00:48.951+0530][305.242s] GC(10) Pause Young (Normal) (G1 Evacuation Pause) 391M->128M(512M) 24.459ms
[2021-05-26T15:00:48.951+0530][305.243s] GC(10) User=0.09s Sys=0.00s Real=0.02s
[2021-05-26T15:04:30.981+0530][527.272s] Heap
[2021-05-26T15:04:30.981+0530][527.272s]  garbage-first heap   total 524288K, used 221184K [0x00000000e0000000, 0x0000000100000000)
[2021-05-26T15:04:30.981+0530][527.272s]   region size 1024K, 103 young (105472K), 13 survivors (13312K)
[2021-05-26T15:04:30.981+0530][527.272s]  Metaspace       used 55763K, capacity 56633K, committed 56752K, reserved 1099776K
[2021-05-26T15:04:30.981+0530][527.272s]   class space    used 6270K, capacity 6565K, committed 6656K, reserved 1048576K
